[2024-08-22T09:51:51.073+0530][gc] Using G1
[2024-08-22T09:51:51.080+0530][gc,init] Version: 17.0.12+7-Ubuntu-1ubuntu220.04 (release)
[2024-08-22T09:51:51.080+0530][gc,init] CPUs: 8 total, 8 available
[2024-08-22T09:51:51.080+0530][gc,init] Memory: 15796M
[2024-08-22T09:51:51.080+0530][gc,init] Large Page Support: Disabled
[2024-08-22T09:51:51.081+0530][gc,init] NUMA Support: Disabled
[2024-08-22T09:51:51.081+0530][gc,init] Compressed Oops: Enabled (32-bit)
[2024-08-22T09:51:51.081+0530][gc,init] Heap Region Size: 1M
[2024-08-22T09:51:51.081+0530][gc,init] Heap Min Capacity: 1G
[2024-08-22T09:51:51.081+0530][gc,init] Heap Initial Capacity: 1G
[2024-08-22T09:51:51.081+0530][gc,init] Heap Max Capacity: 1G
[2024-08-22T09:51:51.081+0530][gc,init] Pre-touch: Disabled
[2024-08-22T09:51:51.081+0530][gc,init] Parallel Workers: 8
[2024-08-22T09:51:51.081+0530][gc,init] Concurrent Workers: 2
[2024-08-22T09:51:51.081+0530][gc,init] Concurrent Refinement Workers: 8
[2024-08-22T09:51:51.081+0530][gc,init] Periodic GC: Disabled
[2024-08-22T09:51:51.088+0530][gc,metaspace] CDS archive(s) mapped at: [0x00007f33bf000000-0x00007f33bfbc4000-0x00007f33bfbc4000), size 12337152, SharedBaseAddress: 0x00007f33bf000000, ArchiveRelocationMode: 1.
[2024-08-22T09:51:51.088+0530][gc,metaspace] Compressed class space mapped at: 0x00007f33c0000000-0x00007f3400000000, reserved size: 1073741824
[2024-08-22T09:51:51.088+0530][gc,metaspace] Narrow klass base: 0x00007f33bf000000, Narrow klass shift: 0, Narrow klass range: 0x100000000
[2024-08-22T09:51:52.193+0530][gc,start    ] GC(0) Pause Young (Normal) (G1 Evacuation Pause)
[2024-08-22T09:51:52.195+0530][gc,task     ] GC(0) Using 8 workers of 8 for evacuation
[2024-08-22T09:51:52.201+0530][gc,phases   ] GC(0)   Pre Evacuate Collection Set: 0.2ms
[2024-08-22T09:51:52.201+0530][gc,phases   ] GC(0)   Merge Heap Roots: 0.1ms
[2024-08-22T09:51:52.201+0530][gc,phases   ] GC(0)   Evacuate Collection Set: 4.9ms
[2024-08-22T09:51:52.201+0530][gc,phases   ] GC(0)   Post Evacuate Collection Set: 0.7ms
[2024-08-22T09:51:52.201+0530][gc,phases   ] GC(0)   Other: 1.7ms
[2024-08-22T09:51:52.201+0530][gc,heap     ] GC(0) Eden regions: 51->0(44)
[2024-08-22T09:51:52.201+0530][gc,heap     ] GC(0) Survivor regions: 0->7(7)
[2024-08-22T09:51:52.201+0530][gc,heap     ] GC(0) Old regions: 0->1
[2024-08-22T09:51:52.201+0530][gc,heap     ] GC(0) Archive regions: 2->2
[2024-08-22T09:51:52.201+0530][gc,heap     ] GC(0) Humongous regions: 0->0
[2024-08-22T09:51:52.201+0530][gc,metaspace] GC(0) Metaspace: 18430K(18688K)->18430K(18688K) NonClass: 16237K(16384K)->16237K(16384K) Class: 2193K(2304K)->2193K(2304K)
[2024-08-22T09:51:52.201+0530][gc          ] GC(0) Pause Young (Normal) (G1 Evacuation Pause) 51M->8M(1024M) 7.661ms
[2024-08-22T09:51:52.201+0530][gc,cpu      ] GC(0) User=0.05s Sys=0.00s Real=0.01s
[2024-08-22T09:51:52.393+0530][gc,start    ] GC(1) Pause Young (Concurrent Start) (Metadata GC Threshold)
[2024-08-22T09:51:52.393+0530][gc,task     ] GC(1) Using 8 workers of 8 for evacuation
[2024-08-22T09:51:52.399+0530][gc,phases   ] GC(1)   Pre Evacuate Collection Set: 0.2ms
[2024-08-22T09:51:52.399+0530][gc,phases   ] GC(1)   Merge Heap Roots: 0.1ms
[2024-08-22T09:51:52.399+0530][gc,phases   ] GC(1)   Evacuate Collection Set: 4.7ms
[2024-08-22T09:51:52.399+0530][gc,phases   ] GC(1)   Post Evacuate Collection Set: 0.6ms
[2024-08-22T09:51:52.399+0530][gc,phases   ] GC(1)   Other: 0.3ms
[2024-08-22T09:51:52.399+0530][gc,heap     ] GC(1) Eden regions: 11->0(50)
[2024-08-22T09:51:52.399+0530][gc,heap     ] GC(1) Survivor regions: 7->1(7)
[2024-08-22T09:51:52.399+0530][gc,heap     ] GC(1) Old regions: 1->8
[2024-08-22T09:51:52.399+0530][gc,heap     ] GC(1) Archive regions: 2->2
[2024-08-22T09:51:52.399+0530][gc,heap     ] GC(1) Humongous regions: 0->0
[2024-08-22T09:51:52.399+0530][gc,metaspace] GC(1) Metaspace: 21348K(21504K)->21348K(21504K) NonClass: 18786K(18880K)->18786K(18880K) Class: 2562K(2624K)->2562K(2624K)
[2024-08-22T09:51:52.399+0530][gc          ] GC(1) Pause Young (Concurrent Start) (Metadata GC Threshold) 19M->9M(1024M) 5.964ms
[2024-08-22T09:51:52.399+0530][gc,cpu      ] GC(1) User=0.03s Sys=0.01s Real=0.01s
[2024-08-22T09:51:52.399+0530][gc          ] GC(2) Concurrent Mark Cycle
[2024-08-22T09:51:52.399+0530][gc,marking  ] GC(2) Concurrent Clear Claimed Marks
[2024-08-22T09:51:52.399+0530][gc,marking  ] GC(2) Concurrent Clear Claimed Marks 0.016ms
[2024-08-22T09:51:52.399+0530][gc,marking  ] GC(2) Concurrent Scan Root Regions
[2024-08-22T09:51:52.401+0530][gc,marking  ] GC(2) Concurrent Scan Root Regions 2.331ms
[2024-08-22T09:51:52.401+0530][gc,marking  ] GC(2) Concurrent Mark
[2024-08-22T09:51:52.401+0530][gc,marking  ] GC(2) Concurrent Mark From Roots
[2024-08-22T09:51:52.401+0530][gc,task     ] GC(2) Using 2 workers of 2 for marking
[2024-08-22T09:51:52.403+0530][gc,marking  ] GC(2) Concurrent Mark From Roots 1.852ms
[2024-08-22T09:51:52.403+0530][gc,marking  ] GC(2) Concurrent Preclean
[2024-08-22T09:51:52.403+0530][gc,marking  ] GC(2) Concurrent Preclean 0.057ms
[2024-08-22T09:51:52.404+0530][gc,start    ] GC(2) Pause Remark
[2024-08-22T09:51:52.405+0530][gc          ] GC(2) Pause Remark 9M->9M(1024M) 1.929ms
[2024-08-22T09:51:52.406+0530][gc,cpu      ] GC(2) User=0.01s Sys=0.00s Real=0.00s
[2024-08-22T09:51:52.406+0530][gc,marking  ] GC(2) Concurrent Mark 4.077ms
[2024-08-22T09:51:52.406+0530][gc,marking  ] GC(2) Concurrent Rebuild Remembered Sets
[2024-08-22T09:51:52.408+0530][gc,marking  ] GC(2) Concurrent Rebuild Remembered Sets 2.645ms
[2024-08-22T09:51:52.408+0530][gc,start    ] GC(2) Pause Cleanup
[2024-08-22T09:51:52.409+0530][gc          ] GC(2) Pause Cleanup 10M->10M(1024M) 0.167ms
[2024-08-22T09:51:52.409+0530][gc,cpu      ] GC(2) User=0.00s Sys=0.00s Real=0.00s
[2024-08-22T09:51:52.409+0530][gc,marking  ] GC(2) Concurrent Cleanup for Next Mark
[2024-08-22T09:51:52.413+0530][gc,marking  ] GC(2) Concurrent Cleanup for Next Mark 4.549ms
[2024-08-22T09:51:52.413+0530][gc          ] GC(2) Concurrent Mark Cycle 14.204ms
[2024-08-22T09:51:53.181+0530][gc,start    ] GC(3) Pause Young (Normal) (G1 Evacuation Pause)
[2024-08-22T09:51:53.181+0530][gc,task     ] GC(3) Using 8 workers of 8 for evacuation
[2024-08-22T09:51:53.187+0530][gc,phases   ] GC(3)   Pre Evacuate Collection Set: 0.2ms
[2024-08-22T09:51:53.187+0530][gc,phases   ] GC(3)   Merge Heap Roots: 0.1ms
[2024-08-22T09:51:53.187+0530][gc,phases   ] GC(3)   Evacuate Collection Set: 5.2ms
[2024-08-22T09:51:53.187+0530][gc,phases   ] GC(3)   Post Evacuate Collection Set: 0.6ms
[2024-08-22T09:51:53.187+0530][gc,phases   ] GC(3)   Other: 0.1ms
[2024-08-22T09:51:53.187+0530][gc,heap     ] GC(3) Eden regions: 50->0(45)
[2024-08-22T09:51:53.187+0530][gc,heap     ] GC(3) Survivor regions: 1->6(7)
[2024-08-22T09:51:53.187+0530][gc,heap     ] GC(3) Old regions: 8->8
[2024-08-22T09:51:53.187+0530][gc,heap     ] GC(3) Archive regions: 2->2
[2024-08-22T09:51:53.187+0530][gc,heap     ] GC(3) Humongous regions: 129->129
[2024-08-22T09:51:53.187+0530][gc,metaspace] GC(3) Metaspace: 32704K(33024K)->32704K(33024K) NonClass: 29028K(29184K)->29028K(29184K) Class: 3675K(3840K)->3675K(3840K)
[2024-08-22T09:51:53.187+0530][gc          ] GC(3) Pause Young (Normal) (G1 Evacuation Pause) 188M->143M(1024M) 6.246ms
[2024-08-22T09:51:53.187+0530][gc,cpu      ] GC(3) User=0.04s Sys=0.00s Real=0.00s
[2024-08-22T09:51:53.485+0530][gc,start    ] GC(4) Pause Young (Concurrent Start) (Metadata GC Threshold)
[2024-08-22T09:51:53.485+0530][gc,task     ] GC(4) Using 8 workers of 8 for evacuation
[2024-08-22T09:51:53.492+0530][gc,phases   ] GC(4)   Pre Evacuate Collection Set: 0.2ms
[2024-08-22T09:51:53.492+0530][gc,phases   ] GC(4)   Merge Heap Roots: 0.1ms
[2024-08-22T09:51:53.492+0530][gc,phases   ] GC(4)   Evacuate Collection Set: 5.9ms
[2024-08-22T09:51:53.492+0530][gc,phases   ] GC(4)   Post Evacuate Collection Set: 0.5ms
[2024-08-22T09:51:53.492+0530][gc,phases   ] GC(4)   Other: 0.3ms
[2024-08-22T09:51:53.492+0530][gc,heap     ] GC(4) Eden regions: 15->0(49)
[2024-08-22T09:51:53.492+0530][gc,heap     ] GC(4) Survivor regions: 6->2(7)
[2024-08-22T09:51:53.492+0530][gc,heap     ] GC(4) Old regions: 8->14
[2024-08-22T09:51:53.492+0530][gc,heap     ] GC(4) Archive regions: 2->2
[2024-08-22T09:51:53.492+0530][gc,heap     ] GC(4) Humongous regions: 129->129
[2024-08-22T09:51:53.492+0530][gc,metaspace] GC(4) Metaspace: 35818K(36096K)->35818K(36096K) NonClass: 31784K(31936K)->31784K(31936K) Class: 4033K(4160K)->4033K(4160K)
[2024-08-22T09:51:53.492+0530][gc          ] GC(4) Pause Young (Concurrent Start) (Metadata GC Threshold) 157M->144M(1024M) 7.067ms
[2024-08-22T09:51:53.492+0530][gc,cpu      ] GC(4) User=0.05s Sys=0.01s Real=0.01s
[2024-08-22T09:51:53.492+0530][gc          ] GC(5) Concurrent Mark Cycle
[2024-08-22T09:51:53.492+0530][gc,marking  ] GC(5) Concurrent Clear Claimed Marks
[2024-08-22T09:51:53.492+0530][gc,marking  ] GC(5) Concurrent Clear Claimed Marks 0.050ms
[2024-08-22T09:51:53.492+0530][gc,marking  ] GC(5) Concurrent Scan Root Regions
[2024-08-22T09:51:53.498+0530][gc,marking  ] GC(5) Concurrent Scan Root Regions 5.447ms
[2024-08-22T09:51:53.498+0530][gc,marking  ] GC(5) Concurrent Mark
[2024-08-22T09:51:53.498+0530][gc,marking  ] GC(5) Concurrent Mark From Roots
[2024-08-22T09:51:53.498+0530][gc,task     ] GC(5) Using 2 workers of 2 for marking
[2024-08-22T09:51:53.504+0530][gc,marking  ] GC(5) Concurrent Mark From Roots 6.566ms
[2024-08-22T09:51:53.504+0530][gc,marking  ] GC(5) Concurrent Preclean
[2024-08-22T09:51:53.505+0530][gc,marking  ] GC(5) Concurrent Preclean 0.128ms
[2024-08-22T09:51:53.505+0530][gc,start    ] GC(5) Pause Remark
[2024-08-22T09:51:53.507+0530][gc          ] GC(5) Pause Remark 145M->145M(1024M) 2.016ms
[2024-08-22T09:51:53.507+0530][gc,cpu      ] GC(5) User=0.01s Sys=0.00s Real=0.00s
[2024-08-22T09:51:53.507+0530][gc,marking  ] GC(5) Concurrent Mark 8.986ms
[2024-08-22T09:51:53.507+0530][gc,marking  ] GC(5) Concurrent Rebuild Remembered Sets
[2024-08-22T09:51:53.513+0530][gc,marking  ] GC(5) Concurrent Rebuild Remembered Sets 6.581ms
[2024-08-22T09:51:53.514+0530][gc,start    ] GC(5) Pause Cleanup
[2024-08-22T09:51:53.514+0530][gc          ] GC(5) Pause Cleanup 145M->145M(1024M) 0.257ms
[2024-08-22T09:51:53.514+0530][gc,cpu      ] GC(5) User=0.00s Sys=0.00s Real=0.00s
[2024-08-22T09:51:53.514+0530][gc,marking  ] GC(5) Concurrent Cleanup for Next Mark
[2024-08-22T09:51:53.519+0530][gc,marking  ] GC(5) Concurrent Cleanup for Next Mark 4.736ms
[2024-08-22T09:51:53.519+0530][gc          ] GC(5) Concurrent Mark Cycle 26.539ms
[2024-08-22T10:00:14.425+0530][gc,start    ] GC(6) Pause Young (Normal) (G1 Evacuation Pause)
[2024-08-22T10:00:14.425+0530][gc,task     ] GC(6) Using 8 workers of 8 for evacuation
[2024-08-22T10:00:14.431+0530][gc,phases   ] GC(6)   Pre Evacuate Collection Set: 0.5ms
[2024-08-22T10:00:14.431+0530][gc,phases   ] GC(6)   Merge Heap Roots: 0.2ms
[2024-08-22T10:00:14.431+0530][gc,phases   ] GC(6)   Evacuate Collection Set: 4.6ms
[2024-08-22T10:00:14.431+0530][gc,phases   ] GC(6)   Post Evacuate Collection Set: 0.5ms
[2024-08-22T10:00:14.431+0530][gc,phases   ] GC(6)   Other: 0.4ms
[2024-08-22T10:00:14.431+0530][gc,heap     ] GC(6) Eden regions: 49->0(47)
[2024-08-22T10:00:14.431+0530][gc,heap     ] GC(6) Survivor regions: 2->4(7)
[2024-08-22T10:00:14.431+0530][gc,heap     ] GC(6) Old regions: 14->14
[2024-08-22T10:00:14.431+0530][gc,heap     ] GC(6) Archive regions: 2->2
[2024-08-22T10:00:14.431+0530][gc,heap     ] GC(6) Humongous regions: 129->129
[2024-08-22T10:00:14.431+0530][gc,metaspace] GC(6) Metaspace: 40281K(40704K)->40281K(40704K) NonClass: 35696K(35904K)->35696K(35904K) Class: 4585K(4800K)->4585K(4800K)
[2024-08-22T10:00:14.431+0530][gc          ] GC(6) Pause Young (Normal) (G1 Evacuation Pause) 193M->147M(1024M) 6.295ms
[2024-08-22T10:00:14.431+0530][gc,cpu      ] GC(6) User=0.04s Sys=0.00s Real=0.01s
[2024-08-22T10:07:00.103+0530][gc,start    ] GC(7) Pause Young (Normal) (G1 Evacuation Pause)
[2024-08-22T10:07:00.103+0530][gc,task     ] GC(7) Using 8 workers of 8 for evacuation
[2024-08-22T10:07:00.111+0530][gc,phases   ] GC(7)   Pre Evacuate Collection Set: 0.4ms
[2024-08-22T10:07:00.111+0530][gc,phases   ] GC(7)   Merge Heap Roots: 0.2ms
[2024-08-22T10:07:00.111+0530][gc,phases   ] GC(7)   Evacuate Collection Set: 6.2ms
[2024-08-22T10:07:00.111+0530][gc,phases   ] GC(7)   Post Evacuate Collection Set: 0.5ms
[2024-08-22T10:07:00.111+0530][gc,phases   ] GC(7)   Other: 0.3ms
[2024-08-22T10:07:00.111+0530][gc,heap     ] GC(7) Eden regions: 47->0(47)
[2024-08-22T10:07:00.111+0530][gc,heap     ] GC(7) Survivor regions: 4->4(7)
[2024-08-22T10:07:00.111+0530][gc,heap     ] GC(7) Old regions: 14->15
[2024-08-22T10:07:00.111+0530][gc,heap     ] GC(7) Archive regions: 2->2
[2024-08-22T10:07:00.111+0530][gc,heap     ] GC(7) Humongous regions: 129->129
[2024-08-22T10:07:00.111+0530][gc,metaspace] GC(7) Metaspace: 40486K(40960K)->40486K(40960K) NonClass: 35881K(36160K)->35881K(36160K) Class: 4604K(4800K)->4604K(4800K)
[2024-08-22T10:07:00.111+0530][gc          ] GC(7) Pause Young (Normal) (G1 Evacuation Pause) 194M->147M(1024M) 7.778ms
[2024-08-22T10:07:00.111+0530][gc,cpu      ] GC(7) User=0.05s Sys=0.00s Real=0.01s
[2024-08-22T10:14:43.134+0530][gc,start    ] GC(8) Pause Young (Normal) (G1 Evacuation Pause)
[2024-08-22T10:14:43.135+0530][gc,task     ] GC(8) Using 8 workers of 8 for evacuation
[2024-08-22T10:14:43.142+0530][gc,phases   ] GC(8)   Pre Evacuate Collection Set: 0.3ms
[2024-08-22T10:14:43.142+0530][gc,phases   ] GC(8)   Merge Heap Roots: 0.2ms
[2024-08-22T10:14:43.142+0530][gc,phases   ] GC(8)   Evacuate Collection Set: 5.2ms
[2024-08-22T10:14:43.142+0530][gc,phases   ] GC(8)   Post Evacuate Collection Set: 0.8ms
[2024-08-22T10:14:43.142+0530][gc,phases   ] GC(8)   Other: 1.8ms
[2024-08-22T10:14:43.142+0530][gc,heap     ] GC(8) Eden regions: 47->0(48)
[2024-08-22T10:14:43.142+0530][gc,heap     ] GC(8) Survivor regions: 4->3(7)
[2024-08-22T10:14:43.142+0530][gc,heap     ] GC(8) Old regions: 15->15
[2024-08-22T10:14:43.142+0530][gc,heap     ] GC(8) Archive regions: 2->2
[2024-08-22T10:14:43.142+0530][gc,heap     ] GC(8) Humongous regions: 129->129
[2024-08-22T10:14:43.142+0530][gc,metaspace] GC(8) Metaspace: 40592K(41088K)->40592K(41088K) NonClass: 35988K(36288K)->35988K(36288K) Class: 4604K(4800K)->4604K(4800K)
[2024-08-22T10:14:43.142+0530][gc          ] GC(8) Pause Young (Normal) (G1 Evacuation Pause) 194M->146M(1024M) 8.362ms
[2024-08-22T10:14:43.142+0530][gc,cpu      ] GC(8) User=0.04s Sys=0.00s Real=0.01s
[2024-08-22T10:22:56.985+0530][gc,start    ] GC(9) Pause Young (Normal) (G1 Evacuation Pause)
[2024-08-22T10:22:56.986+0530][gc,task     ] GC(9) Using 8 workers of 8 for evacuation
[2024-08-22T10:22:56.992+0530][gc,phases   ] GC(9)   Pre Evacuate Collection Set: 0.3ms
[2024-08-22T10:22:56.992+0530][gc,phases   ] GC(9)   Merge Heap Roots: 0.2ms
[2024-08-22T10:22:56.992+0530][gc,phases   ] GC(9)   Evacuate Collection Set: 5.4ms
[2024-08-22T10:22:56.992+0530][gc,phases   ] GC(9)   Post Evacuate Collection Set: 0.7ms
[2024-08-22T10:22:56.992+0530][gc,phases   ] GC(9)   Other: 0.3ms
[2024-08-22T10:22:56.992+0530][gc,heap     ] GC(9) Eden regions: 48->0(66)
[2024-08-22T10:22:56.992+0530][gc,heap     ] GC(9) Survivor regions: 3->3(7)
[2024-08-22T10:22:56.992+0530][gc,heap     ] GC(9) Old regions: 15->15
[2024-08-22T10:22:56.992+0530][gc,heap     ] GC(9) Archive regions: 2->2
[2024-08-22T10:22:56.992+0530][gc,heap     ] GC(9) Humongous regions: 129->129
[2024-08-22T10:22:56.992+0530][gc,metaspace] GC(9) Metaspace: 40693K(41216K)->40693K(41216K) NonClass: 36089K(36416K)->36089K(36416K) Class: 4604K(4800K)->4604K(4800K)
[2024-08-22T10:22:56.992+0530][gc          ] GC(9) Pause Young (Normal) (G1 Evacuation Pause) 194M->146M(1024M) 6.928ms
[2024-08-22T10:22:56.992+0530][gc,cpu      ] GC(9) User=0.05s Sys=0.00s Real=0.01s
[2024-08-22T10:34:38.417+0530][gc,start    ] GC(10) Pause Young (Normal) (G1 Evacuation Pause)
[2024-08-22T10:34:38.417+0530][gc,task     ] GC(10) Using 8 workers of 8 for evacuation
[2024-08-22T10:34:38.423+0530][gc,phases   ] GC(10)   Pre Evacuate Collection Set: 0.3ms
[2024-08-22T10:34:38.423+0530][gc,phases   ] GC(10)   Merge Heap Roots: 0.2ms
[2024-08-22T10:34:38.423+0530][gc,phases   ] GC(10)   Evacuate Collection Set: 5.0ms
[2024-08-22T10:34:38.423+0530][gc,phases   ] GC(10)   Post Evacuate Collection Set: 0.7ms
[2024-08-22T10:34:38.423+0530][gc,phases   ] GC(10)   Other: 0.3ms
[2024-08-22T10:34:38.423+0530][gc,heap     ] GC(10) Eden regions: 66->0(315)
[2024-08-22T10:34:38.423+0530][gc,heap     ] GC(10) Survivor regions: 3->3(9)
[2024-08-22T10:34:38.423+0530][gc,heap     ] GC(10) Old regions: 15->15
[2024-08-22T10:34:38.423+0530][gc,heap     ] GC(10) Archive regions: 2->2
[2024-08-22T10:34:38.423+0530][gc,heap     ] GC(10) Humongous regions: 129->129
[2024-08-22T10:34:38.423+0530][gc,metaspace] GC(10) Metaspace: 40814K(41280K)->40814K(41280K) NonClass: 36209K(36480K)->36209K(36480K) Class: 4604K(4800K)->4604K(4800K)
[2024-08-22T10:34:38.423+0530][gc          ] GC(10) Pause Young (Normal) (G1 Evacuation Pause) 212M->146M(1024M) 6.542ms
[2024-08-22T10:34:38.423+0530][gc,cpu      ] GC(10) User=0.05s Sys=0.00s Real=0.00s
[2024-08-22T11:30:39.047+0530][gc,start    ] GC(11) Pause Young (Normal) (G1 Evacuation Pause)
[2024-08-22T11:30:39.049+0530][gc,task     ] GC(11) Using 8 workers of 8 for evacuation
[2024-08-22T11:30:39.056+0530][gc,phases   ] GC(11)   Pre Evacuate Collection Set: 0.4ms
[2024-08-22T11:30:39.056+0530][gc,phases   ] GC(11)   Merge Heap Roots: 0.3ms
[2024-08-22T11:30:39.056+0530][gc,phases   ] GC(11)   Evacuate Collection Set: 5.2ms
[2024-08-22T11:30:39.056+0530][gc,phases   ] GC(11)   Post Evacuate Collection Set: 0.8ms
[2024-08-22T11:30:39.056+0530][gc,phases   ] GC(11)   Other: 2.1ms
[2024-08-22T11:30:39.056+0530][gc,heap     ] GC(11) Eden regions: 315->0(491)
[2024-08-22T11:30:39.056+0530][gc,heap     ] GC(11) Survivor regions: 3->4(40)
[2024-08-22T11:30:39.056+0530][gc,heap     ] GC(11) Old regions: 15->15
[2024-08-22T11:30:39.056+0530][gc,heap     ] GC(11) Archive regions: 2->2
[2024-08-22T11:30:39.056+0530][gc,heap     ] GC(11) Humongous regions: 129->129
[2024-08-22T11:30:39.056+0530][gc,metaspace] GC(11) Metaspace: 41106K(41600K)->41106K(41600K) NonClass: 36498K(36800K)->36498K(36800K) Class: 4608K(4800K)->4608K(4800K)
[2024-08-22T11:30:39.056+0530][gc          ] GC(11) Pause Young (Normal) (G1 Evacuation Pause) 461M->147M(1024M) 8.789ms
[2024-08-22T11:30:39.056+0530][gc,cpu      ] GC(11) User=0.05s Sys=0.00s Real=0.01s
[2024-08-22T11:56:16.386+0530][gc,start    ] GC(12) Pause Young (Normal) (G1 Evacuation Pause)
[2024-08-22T11:56:16.386+0530][gc,task     ] GC(12) Using 8 workers of 8 for evacuation
[2024-08-22T11:56:16.393+0530][gc,phases   ] GC(12)   Pre Evacuate Collection Set: 0.2ms
[2024-08-22T11:56:16.393+0530][gc,phases   ] GC(12)   Merge Heap Roots: 0.1ms
[2024-08-22T11:56:16.393+0530][gc,phases   ] GC(12)   Evacuate Collection Set: 4.8ms
[2024-08-22T11:56:16.393+0530][gc,phases   ] GC(12)   Post Evacuate Collection Set: 1.8ms
[2024-08-22T11:56:16.393+0530][gc,phases   ] GC(12)   Other: 0.2ms
[2024-08-22T11:56:16.393+0530][gc,heap     ] GC(12) Eden regions: 491->0(422)
[2024-08-22T11:56:16.393+0530][gc,heap     ] GC(12) Survivor regions: 4->6(62)
[2024-08-22T11:56:16.393+0530][gc,heap     ] GC(12) Old regions: 15->15
[2024-08-22T11:56:16.393+0530][gc,heap     ] GC(12) Archive regions: 2->2
[2024-08-22T11:56:16.393+0530][gc,heap     ] GC(12) Humongous regions: 129->129
[2024-08-22T11:56:16.393+0530][gc,metaspace] GC(12) Metaspace: 43611K(44224K)->43611K(44224K) NonClass: 38657K(38976K)->38657K(38976K) Class: 4953K(5248K)->4953K(5248K)
[2024-08-22T11:56:16.393+0530][gc          ] GC(12) Pause Young (Normal) (G1 Evacuation Pause) 638M->149M(1024M) 7.163ms
[2024-08-22T11:56:16.393+0530][gc,cpu      ] GC(12) User=0.04s Sys=0.00s Real=0.01s
[2024-08-22T11:57:05.759+0530][gc,start    ] GC(13) Pause Young (Normal) (G1 Evacuation Pause)
[2024-08-22T11:57:05.760+0530][gc,task     ] GC(13) Using 8 workers of 8 for evacuation
[2024-08-22T11:57:05.767+0530][gc,phases   ] GC(13)   Pre Evacuate Collection Set: 0.3ms
[2024-08-22T11:57:05.767+0530][gc,phases   ] GC(13)   Merge Heap Roots: 0.1ms
[2024-08-22T11:57:05.767+0530][gc,phases   ] GC(13)   Evacuate Collection Set: 5.3ms
[2024-08-22T11:57:05.767+0530][gc,phases   ] GC(13)   Post Evacuate Collection Set: 0.8ms
[2024-08-22T11:57:05.767+0530][gc,phases   ] GC(13)   Other: 1.5ms
[2024-08-22T11:57:05.767+0530][gc,heap     ] GC(13) Eden regions: 422->0(608)
[2024-08-22T11:57:05.767+0530][gc,heap     ] GC(13) Survivor regions: 6->6(54)
[2024-08-22T11:57:05.767+0530][gc,heap     ] GC(13) Old regions: 15->15
[2024-08-22T11:57:05.767+0530][gc,heap     ] GC(13) Archive regions: 2->2
[2024-08-22T11:57:05.767+0530][gc,heap     ] GC(13) Humongous regions: 129->129
[2024-08-22T11:57:05.767+0530][gc,metaspace] GC(13) Metaspace: 43629K(44224K)->43629K(44224K) NonClass: 38674K(38976K)->38674K(38976K) Class: 4955K(5248K)->4955K(5248K)
[2024-08-22T11:57:05.767+0530][gc          ] GC(13) Pause Young (Normal) (G1 Evacuation Pause) 571M->149M(1024M) 8.091ms
[2024-08-22T11:57:05.767+0530][gc,cpu      ] GC(13) User=0.03s Sys=0.00s Real=0.01s
[2024-08-22T13:03:14.047+0530][gc,start    ] GC(14) Pause Young (Normal) (G1 Evacuation Pause)
[2024-08-22T13:03:14.047+0530][gc,task     ] GC(14) Using 8 workers of 8 for evacuation
[2024-08-22T13:03:14.056+0530][gc,phases   ] GC(14)   Pre Evacuate Collection Set: 0.3ms
[2024-08-22T13:03:14.056+0530][gc,phases   ] GC(14)   Merge Heap Roots: 0.4ms
[2024-08-22T13:03:14.056+0530][gc,phases   ] GC(14)   Evacuate Collection Set: 6.4ms
[2024-08-22T13:03:14.056+0530][gc,phases   ] GC(14)   Post Evacuate Collection Set: 1.2ms
[2024-08-22T13:03:14.056+0530][gc,phases   ] GC(14)   Other: 0.5ms
[2024-08-22T13:03:14.056+0530][gc,heap     ] GC(14) Eden regions: 608->0(606)
[2024-08-22T13:03:14.056+0530][gc,heap     ] GC(14) Survivor regions: 6->8(77)
[2024-08-22T13:03:14.056+0530][gc,heap     ] GC(14) Old regions: 15->15
[2024-08-22T13:03:14.056+0530][gc,heap     ] GC(14) Archive regions: 2->2
[2024-08-22T13:03:14.056+0530][gc,heap     ] GC(14) Humongous regions: 129->129
[2024-08-22T13:03:14.056+0530][gc,metaspace] GC(14) Metaspace: 44235K(44800K)->44235K(44800K) NonClass: 39259K(39552K)->39259K(39552K) Class: 4976K(5248K)->4976K(5248K)
[2024-08-22T13:03:14.056+0530][gc          ] GC(14) Pause Young (Normal) (G1 Evacuation Pause) 757M->151M(1024M) 8.876ms
[2024-08-22T13:03:14.056+0530][gc,cpu      ] GC(14) User=0.05s Sys=0.00s Real=0.01s
[2024-08-22T13:22:48.264+0530][gc,heap,exit] Heap
[2024-08-22T13:22:48.264+0530][gc,heap,exit]  garbage-first heap   total 1048576K, used 335462K [0x00000000c0000000, 0x0000000100000000)
[2024-08-22T13:22:48.264+0530][gc,heap,exit]   region size 1024K, 185 young (189440K), 8 survivors (8192K)
[2024-08-22T13:22:48.264+0530][gc,heap,exit]  Metaspace       used 45300K, committed 45888K, reserved 1114112K
[2024-08-22T13:22:48.264+0530][gc,heap,exit]   class space    used 5175K, committed 5440K, reserved 1048576K
