[2024-08-22T09:51:54.586+0530][gc] Using G1
[2024-08-22T09:51:54.601+0530][gc,init] Version: 17.0.12+7-Ubuntu-1ubuntu220.04 (release)
[2024-08-22T09:51:54.601+0530][gc,init] CPUs: 8 total, 8 available
[2024-08-22T09:51:54.601+0530][gc,init] Memory: 15796M
[2024-08-22T09:51:54.601+0530][gc,init] Large Page Support: Disabled
[2024-08-22T09:51:54.601+0530][gc,init] NUMA Support: Disabled
[2024-08-22T09:51:54.602+0530][gc,init] Compressed Oops: Enabled (32-bit)
[2024-08-22T09:51:54.602+0530][gc,init] Heap Region Size: 1M
[2024-08-22T09:51:54.602+0530][gc,init] Heap Min Capacity: 1G
[2024-08-22T09:51:54.602+0530][gc,init] Heap Initial Capacity: 1G
[2024-08-22T09:51:54.602+0530][gc,init] Heap Max Capacity: 1G
[2024-08-22T09:51:54.602+0530][gc,init] Pre-touch: Disabled
[2024-08-22T09:51:54.602+0530][gc,init] Parallel Workers: 8
[2024-08-22T09:51:54.602+0530][gc,init] Concurrent Workers: 2
[2024-08-22T09:51:54.602+0530][gc,init] Concurrent Refinement Workers: 8
[2024-08-22T09:51:54.602+0530][gc,init] Periodic GC: Disabled
[2024-08-22T09:51:54.613+0530][gc,metaspace] CDS archive(s) mapped at: [0x00007f8c7b000000-0x00007f8c7bbc4000-0x00007f8c7bbc4000), size 12337152, SharedBaseAddress: 0x00007f8c7b000000, ArchiveRelocationMode: 1.
[2024-08-22T09:51:54.613+0530][gc,metaspace] Compressed class space mapped at: 0x00007f8c7c000000-0x00007f8cbc000000, reserved size: 1073741824
[2024-08-22T09:51:54.613+0530][gc,metaspace] Narrow klass base: 0x00007f8c7b000000, Narrow klass shift: 0, Narrow klass range: 0x100000000
[2024-08-22T09:51:55.809+0530][gc,start    ] GC(0) Pause Young (Normal) (G1 Evacuation Pause)
[2024-08-22T09:51:55.811+0530][gc,task     ] GC(0) Using 8 workers of 8 for evacuation
[2024-08-22T09:51:55.817+0530][gc,phases   ] GC(0)   Pre Evacuate Collection Set: 0.2ms
[2024-08-22T09:51:55.817+0530][gc,phases   ] GC(0)   Merge Heap Roots: 0.1ms
[2024-08-22T09:51:55.817+0530][gc,phases   ] GC(0)   Evacuate Collection Set: 4.8ms
[2024-08-22T09:51:55.817+0530][gc,phases   ] GC(0)   Post Evacuate Collection Set: 0.8ms
[2024-08-22T09:51:55.817+0530][gc,phases   ] GC(0)   Other: 1.6ms
[2024-08-22T09:51:55.817+0530][gc,heap     ] GC(0) Eden regions: 51->0(44)
[2024-08-22T09:51:55.817+0530][gc,heap     ] GC(0) Survivor regions: 0->7(7)
[2024-08-22T09:51:55.817+0530][gc,heap     ] GC(0) Old regions: 0->1
[2024-08-22T09:51:55.817+0530][gc,heap     ] GC(0) Archive regions: 2->2
[2024-08-22T09:51:55.817+0530][gc,heap     ] GC(0) Humongous regions: 0->0
[2024-08-22T09:51:55.817+0530][gc,metaspace] GC(0) Metaspace: 18450K(18688K)->18450K(18688K) NonClass: 16257K(16384K)->16257K(16384K) Class: 2193K(2304K)->2193K(2304K)
[2024-08-22T09:51:55.817+0530][gc          ] GC(0) Pause Young (Normal) (G1 Evacuation Pause) 51M->8M(1024M) 7.693ms
[2024-08-22T09:51:55.817+0530][gc,cpu      ] GC(0) User=0.04s Sys=0.01s Real=0.01s
[2024-08-22T09:51:56.009+0530][gc,start    ] GC(1) Pause Young (Concurrent Start) (Metadata GC Threshold)
[2024-08-22T09:51:56.009+0530][gc,task     ] GC(1) Using 8 workers of 8 for evacuation
[2024-08-22T09:51:56.015+0530][gc,phases   ] GC(1)   Pre Evacuate Collection Set: 0.2ms
[2024-08-22T09:51:56.015+0530][gc,phases   ] GC(1)   Merge Heap Roots: 0.1ms
[2024-08-22T09:51:56.015+0530][gc,phases   ] GC(1)   Evacuate Collection Set: 4.6ms
[2024-08-22T09:51:56.015+0530][gc,phases   ] GC(1)   Post Evacuate Collection Set: 0.6ms
[2024-08-22T09:51:56.015+0530][gc,phases   ] GC(1)   Other: 0.3ms
[2024-08-22T09:51:56.015+0530][gc,heap     ] GC(1) Eden regions: 11->0(50)
[2024-08-22T09:51:56.015+0530][gc,heap     ] GC(1) Survivor regions: 7->1(7)
[2024-08-22T09:51:56.015+0530][gc,heap     ] GC(1) Old regions: 1->8
[2024-08-22T09:51:56.015+0530][gc,heap     ] GC(1) Archive regions: 2->2
[2024-08-22T09:51:56.015+0530][gc,heap     ] GC(1) Humongous regions: 0->0
[2024-08-22T09:51:56.015+0530][gc,metaspace] GC(1) Metaspace: 21340K(21504K)->21340K(21504K) NonClass: 18778K(18880K)->18778K(18880K) Class: 2562K(2624K)->2562K(2624K)
[2024-08-22T09:51:56.016+0530][gc          ] GC(1) Pause Young (Concurrent Start) (Metadata GC Threshold) 19M->9M(1024M) 6.066ms
[2024-08-22T09:51:56.016+0530][gc,cpu      ] GC(1) User=0.04s Sys=0.00s Real=0.00s
[2024-08-22T09:51:56.016+0530][gc          ] GC(2) Concurrent Mark Cycle
[2024-08-22T09:51:56.016+0530][gc,marking  ] GC(2) Concurrent Clear Claimed Marks
[2024-08-22T09:51:56.016+0530][gc,marking  ] GC(2) Concurrent Clear Claimed Marks 0.025ms
[2024-08-22T09:51:56.016+0530][gc,marking  ] GC(2) Concurrent Scan Root Regions
[2024-08-22T09:51:56.019+0530][gc,marking  ] GC(2) Concurrent Scan Root Regions 3.265ms
[2024-08-22T09:51:56.019+0530][gc,marking  ] GC(2) Concurrent Mark
[2024-08-22T09:51:56.019+0530][gc,marking  ] GC(2) Concurrent Mark From Roots
[2024-08-22T09:51:56.019+0530][gc,task     ] GC(2) Using 2 workers of 2 for marking
[2024-08-22T09:51:56.022+0530][gc,marking  ] GC(2) Concurrent Mark From Roots 3.160ms
[2024-08-22T09:51:56.022+0530][gc,marking  ] GC(2) Concurrent Preclean
[2024-08-22T09:51:56.022+0530][gc,marking  ] GC(2) Concurrent Preclean 0.101ms
[2024-08-22T09:51:56.023+0530][gc,start    ] GC(2) Pause Remark
[2024-08-22T09:51:56.025+0530][gc          ] GC(2) Pause Remark 9M->9M(1024M) 2.211ms
[2024-08-22T09:51:56.025+0530][gc,cpu      ] GC(2) User=0.02s Sys=0.00s Real=0.00s
[2024-08-22T09:51:56.025+0530][gc,marking  ] GC(2) Concurrent Mark 5.722ms
[2024-08-22T09:51:56.025+0530][gc,marking  ] GC(2) Concurrent Rebuild Remembered Sets
[2024-08-22T09:51:56.029+0530][gc,marking  ] GC(2) Concurrent Rebuild Remembered Sets 3.965ms
[2024-08-22T09:51:56.029+0530][gc,start    ] GC(2) Pause Cleanup
[2024-08-22T09:51:56.029+0530][gc          ] GC(2) Pause Cleanup 10M->10M(1024M) 0.197ms
[2024-08-22T09:51:56.029+0530][gc,cpu      ] GC(2) User=0.00s Sys=0.00s Real=0.00s
[2024-08-22T09:51:56.029+0530][gc,marking  ] GC(2) Concurrent Cleanup for Next Mark
[2024-08-22T09:51:56.035+0530][gc,marking  ] GC(2) Concurrent Cleanup for Next Mark 5.402ms
[2024-08-22T09:51:56.035+0530][gc          ] GC(2) Concurrent Mark Cycle 18.956ms
[2024-08-22T09:51:56.906+0530][gc,start    ] GC(3) Pause Young (Normal) (G1 Evacuation Pause)
[2024-08-22T09:51:56.906+0530][gc,task     ] GC(3) Using 8 workers of 8 for evacuation
[2024-08-22T09:51:56.914+0530][gc,phases   ] GC(3)   Pre Evacuate Collection Set: 0.2ms
[2024-08-22T09:51:56.914+0530][gc,phases   ] GC(3)   Merge Heap Roots: 0.1ms
[2024-08-22T09:51:56.914+0530][gc,phases   ] GC(3)   Evacuate Collection Set: 7.4ms
[2024-08-22T09:51:56.914+0530][gc,phases   ] GC(3)   Post Evacuate Collection Set: 0.5ms
[2024-08-22T09:51:56.914+0530][gc,phases   ] GC(3)   Other: 0.2ms
[2024-08-22T09:51:56.914+0530][gc,heap     ] GC(3) Eden regions: 50->0(45)
[2024-08-22T09:51:56.914+0530][gc,heap     ] GC(3) Survivor regions: 1->6(7)
[2024-08-22T09:51:56.914+0530][gc,heap     ] GC(3) Old regions: 8->8
[2024-08-22T09:51:56.914+0530][gc,heap     ] GC(3) Archive regions: 2->2
[2024-08-22T09:51:56.914+0530][gc,heap     ] GC(3) Humongous regions: 129->129
[2024-08-22T09:51:56.914+0530][gc,metaspace] GC(3) Metaspace: 32713K(33024K)->32713K(33024K) NonClass: 29038K(29184K)->29038K(29184K) Class: 3675K(3840K)->3675K(3840K)
[2024-08-22T09:51:56.914+0530][gc          ] GC(3) Pause Young (Normal) (G1 Evacuation Pause) 188M->143M(1024M) 8.440ms
[2024-08-22T09:51:56.914+0530][gc,cpu      ] GC(3) User=0.05s Sys=0.00s Real=0.01s
[2024-08-22T09:51:57.303+0530][gc,start    ] GC(4) Pause Young (Concurrent Start) (Metadata GC Threshold)
[2024-08-22T09:51:57.303+0530][gc,task     ] GC(4) Using 8 workers of 8 for evacuation
[2024-08-22T09:51:57.312+0530][gc,phases   ] GC(4)   Pre Evacuate Collection Set: 0.2ms
[2024-08-22T09:51:57.312+0530][gc,phases   ] GC(4)   Merge Heap Roots: 0.1ms
[2024-08-22T09:51:57.312+0530][gc,phases   ] GC(4)   Evacuate Collection Set: 7.2ms
[2024-08-22T09:51:57.312+0530][gc,phases   ] GC(4)   Post Evacuate Collection Set: 1.2ms
[2024-08-22T09:51:57.312+0530][gc,phases   ] GC(4)   Other: 0.2ms
[2024-08-22T09:51:57.312+0530][gc,heap     ] GC(4) Eden regions: 15->0(49)
[2024-08-22T09:51:57.312+0530][gc,heap     ] GC(4) Survivor regions: 6->2(7)
[2024-08-22T09:51:57.312+0530][gc,heap     ] GC(4) Old regions: 8->14
[2024-08-22T09:51:57.312+0530][gc,heap     ] GC(4) Archive regions: 2->2
[2024-08-22T09:51:57.312+0530][gc,heap     ] GC(4) Humongous regions: 129->129
[2024-08-22T09:51:57.312+0530][gc,metaspace] GC(4) Metaspace: 35885K(36160K)->35885K(36160K) NonClass: 31851K(32000K)->31851K(32000K) Class: 4033K(4160K)->4033K(4160K)
[2024-08-22T09:51:57.312+0530][gc          ] GC(4) Pause Young (Concurrent Start) (Metadata GC Threshold) 158M->144M(1024M) 9.152ms
[2024-08-22T09:51:57.312+0530][gc,cpu      ] GC(4) User=0.05s Sys=0.00s Real=0.01s
[2024-08-22T09:51:57.312+0530][gc          ] GC(5) Concurrent Mark Cycle
[2024-08-22T09:51:57.312+0530][gc,marking  ] GC(5) Concurrent Clear Claimed Marks
[2024-08-22T09:51:57.312+0530][gc,marking  ] GC(5) Concurrent Clear Claimed Marks 0.042ms
[2024-08-22T09:51:57.312+0530][gc,marking  ] GC(5) Concurrent Scan Root Regions
[2024-08-22T09:51:57.318+0530][gc,marking  ] GC(5) Concurrent Scan Root Regions 6.478ms
[2024-08-22T09:51:57.319+0530][gc,marking  ] GC(5) Concurrent Mark
[2024-08-22T09:51:57.319+0530][gc,marking  ] GC(5) Concurrent Mark From Roots
[2024-08-22T09:51:57.319+0530][gc,task     ] GC(5) Using 2 workers of 2 for marking
[2024-08-22T09:51:57.330+0530][gc,marking  ] GC(5) Concurrent Mark From Roots 11.705ms
[2024-08-22T09:51:57.330+0530][gc,marking  ] GC(5) Concurrent Preclean
[2024-08-22T09:51:57.331+0530][gc,marking  ] GC(5) Concurrent Preclean 0.233ms
[2024-08-22T09:51:57.331+0530][gc,start    ] GC(5) Pause Remark
[2024-08-22T09:51:57.335+0530][gc          ] GC(5) Pause Remark 144M->144M(1024M) 4.222ms
[2024-08-22T09:51:57.335+0530][gc,cpu      ] GC(5) User=0.01s Sys=0.00s Real=0.00s
[2024-08-22T09:51:57.335+0530][gc,marking  ] GC(5) Concurrent Mark 16.624ms
[2024-08-22T09:51:57.335+0530][gc,marking  ] GC(5) Concurrent Rebuild Remembered Sets
[2024-08-22T09:51:57.346+0530][gc,marking  ] GC(5) Concurrent Rebuild Remembered Sets 10.787ms
[2024-08-22T09:51:57.346+0530][gc,start    ] GC(5) Pause Cleanup
[2024-08-22T09:51:57.347+0530][gc          ] GC(5) Pause Cleanup 145M->145M(1024M) 0.293ms
[2024-08-22T09:51:57.347+0530][gc,cpu      ] GC(5) User=0.00s Sys=0.00s Real=0.00s
[2024-08-22T09:51:57.347+0530][gc,marking  ] GC(5) Concurrent Cleanup for Next Mark
[2024-08-22T09:51:57.354+0530][gc,marking  ] GC(5) Concurrent Cleanup for Next Mark 7.209ms
[2024-08-22T09:51:57.354+0530][gc          ] GC(5) Concurrent Mark Cycle 42.311ms
[2024-08-22T09:57:14.716+0530][gc,start    ] GC(6) Pause Young (Normal) (G1 Evacuation Pause)
[2024-08-22T09:57:14.717+0530][gc,task     ] GC(6) Using 8 workers of 8 for evacuation
[2024-08-22T09:57:14.730+0530][gc,phases   ] GC(6)   Pre Evacuate Collection Set: 0.2ms
[2024-08-22T09:57:14.730+0530][gc,phases   ] GC(6)   Merge Heap Roots: 0.1ms
[2024-08-22T09:57:14.730+0530][gc,phases   ] GC(6)   Evacuate Collection Set: 9.8ms
[2024-08-22T09:57:14.730+0530][gc,phases   ] GC(6)   Post Evacuate Collection Set: 2.2ms
[2024-08-22T09:57:14.730+0530][gc,phases   ] GC(6)   Other: 1.6ms
[2024-08-22T09:57:14.730+0530][gc,heap     ] GC(6) Eden regions: 49->0(47)
[2024-08-22T09:57:14.730+0530][gc,heap     ] GC(6) Survivor regions: 2->4(7)
[2024-08-22T09:57:14.730+0530][gc,heap     ] GC(6) Old regions: 14->14
[2024-08-22T09:57:14.730+0530][gc,heap     ] GC(6) Archive regions: 2->2
[2024-08-22T09:57:14.730+0530][gc,heap     ] GC(6) Humongous regions: 129->129
[2024-08-22T09:57:14.730+0530][gc,metaspace] GC(6) Metaspace: 40055K(40512K)->40055K(40512K) NonClass: 35476K(35776K)->35476K(35776K) Class: 4578K(4736K)->4578K(4736K)
[2024-08-22T09:57:14.730+0530][gc          ] GC(6) Pause Young (Normal) (G1 Evacuation Pause) 193M->146M(1024M) 14.078ms
[2024-08-22T09:57:14.730+0530][gc,cpu      ] GC(6) User=0.02s Sys=0.00s Real=0.02s
[2024-08-22T10:03:54.397+0530][gc,start    ] GC(7) Pause Young (Normal) (G1 Evacuation Pause)
[2024-08-22T10:03:54.398+0530][gc,task     ] GC(7) Using 8 workers of 8 for evacuation
[2024-08-22T10:03:54.405+0530][gc,phases   ] GC(7)   Pre Evacuate Collection Set: 0.4ms
[2024-08-22T10:03:54.405+0530][gc,phases   ] GC(7)   Merge Heap Roots: 0.2ms
[2024-08-22T10:03:54.405+0530][gc,phases   ] GC(7)   Evacuate Collection Set: 5.9ms
[2024-08-22T10:03:54.405+0530][gc,phases   ] GC(7)   Post Evacuate Collection Set: 0.6ms
[2024-08-22T10:03:54.405+0530][gc,phases   ] GC(7)   Other: 1.8ms
[2024-08-22T10:03:54.405+0530][gc,heap     ] GC(7) Eden regions: 47->0(46)
[2024-08-22T10:03:54.405+0530][gc,heap     ] GC(7) Survivor regions: 4->5(7)
[2024-08-22T10:03:54.405+0530][gc,heap     ] GC(7) Old regions: 14->14
[2024-08-22T10:03:54.405+0530][gc,heap     ] GC(7) Archive regions: 2->2
[2024-08-22T10:03:54.405+0530][gc,heap     ] GC(7) Humongous regions: 129->129
[2024-08-22T10:03:54.405+0530][gc,metaspace] GC(7) Metaspace: 40515K(40960K)->40515K(40960K) NonClass: 35895K(36160K)->35895K(36160K) Class: 4619K(4800K)->4619K(4800K)
[2024-08-22T10:03:54.405+0530][gc          ] GC(7) Pause Young (Normal) (G1 Evacuation Pause) 193M->147M(1024M) 8.852ms
[2024-08-22T10:03:54.405+0530][gc,cpu      ] GC(7) User=0.05s Sys=0.00s Real=0.00s
[2024-08-22T10:11:16.986+0530][gc,start    ] GC(8) Pause Young (Normal) (G1 Evacuation Pause)
[2024-08-22T10:11:16.986+0530][gc,task     ] GC(8) Using 8 workers of 8 for evacuation
[2024-08-22T10:11:16.994+0530][gc,phases   ] GC(8)   Pre Evacuate Collection Set: 0.4ms
[2024-08-22T10:11:16.994+0530][gc,phases   ] GC(8)   Merge Heap Roots: 0.2ms
[2024-08-22T10:11:16.994+0530][gc,phases   ] GC(8)   Evacuate Collection Set: 6.6ms
[2024-08-22T10:11:16.994+0530][gc,phases   ] GC(8)   Post Evacuate Collection Set: 0.5ms
[2024-08-22T10:11:16.994+0530][gc,phases   ] GC(8)   Other: 0.3ms
[2024-08-22T10:11:16.994+0530][gc,heap     ] GC(8) Eden regions: 46->0(48)
[2024-08-22T10:11:16.994+0530][gc,heap     ] GC(8) Survivor regions: 5->3(7)
[2024-08-22T10:11:16.994+0530][gc,heap     ] GC(8) Old regions: 14->16
[2024-08-22T10:11:16.994+0530][gc,heap     ] GC(8) Archive regions: 2->2
[2024-08-22T10:11:16.994+0530][gc,heap     ] GC(8) Humongous regions: 129->129
[2024-08-22T10:11:16.994+0530][gc,metaspace] GC(8) Metaspace: 40685K(41152K)->40685K(41152K) NonClass: 36059K(36352K)->36059K(36352K) Class: 4626K(4800K)->4626K(4800K)
[2024-08-22T10:11:16.994+0530][gc          ] GC(8) Pause Young (Normal) (G1 Evacuation Pause) 193M->147M(1024M) 7.976ms
[2024-08-22T10:11:16.994+0530][gc,cpu      ] GC(8) User=0.05s Sys=0.01s Real=0.01s
[2024-08-22T10:19:26.128+0530][gc,start    ] GC(9) Pause Young (Normal) (G1 Evacuation Pause)
[2024-08-22T10:19:26.128+0530][gc,task     ] GC(9) Using 8 workers of 8 for evacuation
[2024-08-22T10:19:26.133+0530][gc,phases   ] GC(9)   Pre Evacuate Collection Set: 0.4ms
[2024-08-22T10:19:26.133+0530][gc,phases   ] GC(9)   Merge Heap Roots: 0.2ms
[2024-08-22T10:19:26.133+0530][gc,phases   ] GC(9)   Evacuate Collection Set: 3.9ms
[2024-08-22T10:19:26.133+0530][gc,phases   ] GC(9)   Post Evacuate Collection Set: 0.4ms
[2024-08-22T10:19:26.133+0530][gc,phases   ] GC(9)   Other: 0.3ms
[2024-08-22T10:19:26.133+0530][gc,heap     ] GC(9) Eden regions: 48->0(65)
[2024-08-22T10:19:26.133+0530][gc,heap     ] GC(9) Survivor regions: 3->3(7)
[2024-08-22T10:19:26.133+0530][gc,heap     ] GC(9) Old regions: 16->16
[2024-08-22T10:19:26.133+0530][gc,heap     ] GC(9) Archive regions: 2->2
[2024-08-22T10:19:26.133+0530][gc,heap     ] GC(9) Humongous regions: 129->129
[2024-08-22T10:19:26.133+0530][gc,metaspace] GC(9) Metaspace: 40808K(41216K)->40808K(41216K) NonClass: 36181K(36416K)->36181K(36416K) Class: 4626K(4800K)->4626K(4800K)
[2024-08-22T10:19:26.133+0530][gc          ] GC(9) Pause Young (Normal) (G1 Evacuation Pause) 195M->147M(1024M) 5.258ms
[2024-08-22T10:19:26.133+0530][gc,cpu      ] GC(9) User=0.03s Sys=0.00s Real=0.01s
[2024-08-22T10:30:52.618+0530][gc,start    ] GC(10) Pause Young (Normal) (G1 Evacuation Pause)
[2024-08-22T10:30:52.618+0530][gc,task     ] GC(10) Using 8 workers of 8 for evacuation
[2024-08-22T10:30:52.624+0530][gc,phases   ] GC(10)   Pre Evacuate Collection Set: 0.3ms
[2024-08-22T10:30:52.624+0530][gc,phases   ] GC(10)   Merge Heap Roots: 0.2ms
[2024-08-22T10:30:52.624+0530][gc,phases   ] GC(10)   Evacuate Collection Set: 4.9ms
[2024-08-22T10:30:52.624+0530][gc,phases   ] GC(10)   Post Evacuate Collection Set: 0.5ms
[2024-08-22T10:30:52.624+0530][gc,phases   ] GC(10)   Other: 0.3ms
[2024-08-22T10:30:52.624+0530][gc,heap     ] GC(10) Eden regions: 65->0(153)
[2024-08-22T10:30:52.624+0530][gc,heap     ] GC(10) Survivor regions: 3->3(9)
[2024-08-22T10:30:52.624+0530][gc,heap     ] GC(10) Old regions: 16->16
[2024-08-22T10:30:52.624+0530][gc,heap     ] GC(10) Archive regions: 2->2
[2024-08-22T10:30:52.624+0530][gc,heap     ] GC(10) Humongous regions: 129->129
[2024-08-22T10:30:52.624+0530][gc,metaspace] GC(10) Metaspace: 40897K(41344K)->40897K(41344K) NonClass: 36271K(36544K)->36271K(36544K) Class: 4626K(4800K)->4626K(4800K)
[2024-08-22T10:30:52.624+0530][gc          ] GC(10) Pause Young (Normal) (G1 Evacuation Pause) 212M->147M(1024M) 6.251ms
[2024-08-22T10:30:52.624+0530][gc,cpu      ] GC(10) User=0.04s Sys=0.00s Real=0.01s
[2024-08-22T10:57:43.717+0530][gc,start    ] GC(11) Pause Young (Normal) (G1 Evacuation Pause)
[2024-08-22T10:57:43.718+0530][gc,task     ] GC(11) Using 8 workers of 8 for evacuation
[2024-08-22T10:57:43.726+0530][gc,phases   ] GC(11)   Pre Evacuate Collection Set: 0.3ms
[2024-08-22T10:57:43.726+0530][gc,phases   ] GC(11)   Merge Heap Roots: 0.2ms
[2024-08-22T10:57:43.726+0530][gc,phases   ] GC(11)   Evacuate Collection Set: 7.3ms
[2024-08-22T10:57:43.726+0530][gc,phases   ] GC(11)   Post Evacuate Collection Set: 0.5ms
[2024-08-22T10:57:43.726+0530][gc,phases   ] GC(11)   Other: 0.3ms
[2024-08-22T10:57:43.726+0530][gc,heap     ] GC(11) Eden regions: 153->0(203)
[2024-08-22T10:57:43.726+0530][gc,heap     ] GC(11) Survivor regions: 3->5(20)
[2024-08-22T10:57:43.726+0530][gc,heap     ] GC(11) Old regions: 16->16
[2024-08-22T10:57:43.726+0530][gc,heap     ] GC(11) Archive regions: 2->2
[2024-08-22T10:57:43.726+0530][gc,heap     ] GC(11) Humongous regions: 129->129
[2024-08-22T10:57:43.726+0530][gc,metaspace] GC(11) Metaspace: 41139K(41536K)->41139K(41536K) NonClass: 36509K(36736K)->36509K(36736K) Class: 4630K(4800K)->4630K(4800K)
[2024-08-22T10:57:43.726+0530][gc          ] GC(11) Pause Young (Normal) (G1 Evacuation Pause) 300M->149M(1024M) 8.740ms
[2024-08-22T10:57:43.726+0530][gc,cpu      ] GC(11) User=0.05s Sys=0.00s Real=0.01s
[2024-08-22T11:33:49.399+0530][gc,start    ] GC(12) Pause Young (Normal) (G1 Evacuation Pause)
[2024-08-22T11:33:49.399+0530][gc,task     ] GC(12) Using 8 workers of 8 for evacuation
[2024-08-22T11:33:49.408+0530][gc,phases   ] GC(12)   Pre Evacuate Collection Set: 0.5ms
[2024-08-22T11:33:49.408+0530][gc,phases   ] GC(12)   Merge Heap Roots: 0.3ms
[2024-08-22T11:33:49.408+0530][gc,phases   ] GC(12)   Evacuate Collection Set: 7.0ms
[2024-08-22T11:33:49.408+0530][gc,phases   ] GC(12)   Post Evacuate Collection Set: 0.7ms
[2024-08-22T11:33:49.408+0530][gc,phases   ] GC(12)   Other: 0.4ms
[2024-08-22T11:33:49.408+0530][gc,heap     ] GC(12) Eden regions: 203->0(609)
[2024-08-22T11:33:49.408+0530][gc,heap     ] GC(12) Survivor regions: 5->5(26)
[2024-08-22T11:33:49.408+0530][gc,heap     ] GC(12) Old regions: 16->16
[2024-08-22T11:33:49.408+0530][gc,heap     ] GC(12) Archive regions: 2->2
[2024-08-22T11:33:49.408+0530][gc,heap     ] GC(12) Humongous regions: 129->129
[2024-08-22T11:33:49.408+0530][gc,metaspace] GC(12) Metaspace: 41267K(41728K)->41267K(41728K) NonClass: 36637K(36928K)->36637K(36928K) Class: 4630K(4800K)->4630K(4800K)
[2024-08-22T11:33:49.408+0530][gc          ] GC(12) Pause Young (Normal) (G1 Evacuation Pause) 352M->149M(1024M) 8.955ms
[2024-08-22T11:33:49.408+0530][gc,cpu      ] GC(12) User=0.04s Sys=0.01s Real=0.01s
[2024-08-22T13:11:49.327+0530][gc,start    ] GC(13) Pause Young (Normal) (G1 Evacuation Pause)
[2024-08-22T13:11:49.327+0530][gc,task     ] GC(13) Using 8 workers of 8 for evacuation
[2024-08-22T13:11:49.336+0530][gc,phases   ] GC(13)   Pre Evacuate Collection Set: 0.3ms
[2024-08-22T13:11:49.336+0530][gc,phases   ] GC(13)   Merge Heap Roots: 0.4ms
[2024-08-22T13:11:49.336+0530][gc,phases   ] GC(13)   Evacuate Collection Set: 6.8ms
[2024-08-22T13:11:49.336+0530][gc,phases   ] GC(13)   Post Evacuate Collection Set: 1.0ms
[2024-08-22T13:11:49.336+0530][gc,phases   ] GC(13)   Other: 0.6ms
[2024-08-22T13:11:49.336+0530][gc,heap     ] GC(13) Eden regions: 609->0(503)
[2024-08-22T13:11:49.336+0530][gc,heap     ] GC(13) Survivor regions: 5->7(77)
[2024-08-22T13:11:49.336+0530][gc,heap     ] GC(13) Old regions: 16->16
[2024-08-22T13:11:49.336+0530][gc,heap     ] GC(13) Archive regions: 2->2
[2024-08-22T13:11:49.336+0530][gc,heap     ] GC(13) Humongous regions: 129->129
[2024-08-22T13:11:49.336+0530][gc,metaspace] GC(13) Metaspace: 43466K(43968K)->43466K(43968K) NonClass: 38496K(38784K)->38496K(38784K) Class: 4970K(5184K)->4970K(5184K)
[2024-08-22T13:11:49.336+0530][gc          ] GC(13) Pause Young (Normal) (G1 Evacuation Pause) 758M->151M(1024M) 9.257ms
[2024-08-22T13:11:49.336+0530][gc,cpu      ] GC(13) User=0.05s Sys=0.00s Real=0.01s
[2024-08-22T13:22:58.283+0530][gc,heap,exit] Heap
[2024-08-22T13:22:58.283+0530][gc,heap,exit]  garbage-first heap   total 1048576K, used 253422K [0x00000000c0000000, 0x0000000100000000)
[2024-08-22T13:22:58.283+0530][gc,heap,exit]   region size 1024K, 104 young (106496K), 7 survivors (7168K)
[2024-08-22T13:22:58.283+0530][gc,heap,exit]  Metaspace       used 45767K, committed 46464K, reserved 1114112K
[2024-08-22T13:22:58.283+0530][gc,heap,exit]   class space    used 5489K, committed 5824K, reserved 1048576K
