[2024-08-22T09:51:45.225+0530][gc] Using G1
[2024-08-22T09:51:45.233+0530][gc,init] Version: 17.0.12+7-Ubuntu-1ubuntu220.04 (release)
[2024-08-22T09:51:45.233+0530][gc,init] CPUs: 8 total, 8 available
[2024-08-22T09:51:45.233+0530][gc,init] Memory: 15796M
[2024-08-22T09:51:45.233+0530][gc,init] Large Page Support: Disabled
[2024-08-22T09:51:45.233+0530][gc,init] NUMA Support: Disabled
[2024-08-22T09:51:45.233+0530][gc,init] Compressed Oops: Enabled (32-bit)
[2024-08-22T09:51:45.233+0530][gc,init] Heap Region Size: 1M
[2024-08-22T09:51:45.233+0530][gc,init] Heap Min Capacity: 1G
[2024-08-22T09:51:45.233+0530][gc,init] Heap Initial Capacity: 1G
[2024-08-22T09:51:45.233+0530][gc,init] Heap Max Capacity: 1G
[2024-08-22T09:51:45.233+0530][gc,init] Pre-touch: Disabled
[2024-08-22T09:51:45.233+0530][gc,init] Parallel Workers: 8
[2024-08-22T09:51:45.233+0530][gc,init] Concurrent Workers: 2
[2024-08-22T09:51:45.233+0530][gc,init] Concurrent Refinement Workers: 8
[2024-08-22T09:51:45.233+0530][gc,init] Periodic GC: Disabled
[2024-08-22T09:51:45.240+0530][gc,metaspace] CDS archive(s) mapped at: [0x00007f69d3000000-0x00007f69d3bc4000-0x00007f69d3bc4000), size 12337152, SharedBaseAddress: 0x00007f69d3000000, ArchiveRelocationMode: 1.
[2024-08-22T09:51:45.240+0530][gc,metaspace] Compressed class space mapped at: 0x00007f69d4000000-0x00007f6a14000000, reserved size: 1073741824
[2024-08-22T09:51:45.240+0530][gc,metaspace] Narrow klass base: 0x00007f69d3000000, Narrow klass shift: 0, Narrow klass range: 0x100000000
[2024-08-22T09:51:46.340+0530][gc,start    ] GC(0) Pause Young (Normal) (G1 Evacuation Pause)
[2024-08-22T09:51:46.341+0530][gc,task     ] GC(0) Using 8 workers of 8 for evacuation
[2024-08-22T09:51:46.347+0530][gc,phases   ] GC(0)   Pre Evacuate Collection Set: 0.2ms
[2024-08-22T09:51:46.347+0530][gc,phases   ] GC(0)   Merge Heap Roots: 0.1ms
[2024-08-22T09:51:46.347+0530][gc,phases   ] GC(0)   Evacuate Collection Set: 5.2ms
[2024-08-22T09:51:46.347+0530][gc,phases   ] GC(0)   Post Evacuate Collection Set: 0.6ms
[2024-08-22T09:51:46.347+0530][gc,phases   ] GC(0)   Other: 1.2ms
[2024-08-22T09:51:46.347+0530][gc,heap     ] GC(0) Eden regions: 51->0(44)
[2024-08-22T09:51:46.347+0530][gc,heap     ] GC(0) Survivor regions: 0->7(7)
[2024-08-22T09:51:46.347+0530][gc,heap     ] GC(0) Old regions: 0->1
[2024-08-22T09:51:46.347+0530][gc,heap     ] GC(0) Archive regions: 2->2
[2024-08-22T09:51:46.347+0530][gc,heap     ] GC(0) Humongous regions: 0->0
[2024-08-22T09:51:46.347+0530][gc,metaspace] GC(0) Metaspace: 18436K(18688K)->18436K(18688K) NonClass: 16243K(16384K)->16243K(16384K) Class: 2193K(2304K)->2193K(2304K)
[2024-08-22T09:51:46.347+0530][gc          ] GC(0) Pause Young (Normal) (G1 Evacuation Pause) 51M->8M(1024M) 7.537ms
[2024-08-22T09:51:46.347+0530][gc,cpu      ] GC(0) User=0.02s Sys=0.00s Real=0.00s
[2024-08-22T09:51:46.548+0530][gc,start    ] GC(1) Pause Young (Concurrent Start) (Metadata GC Threshold)
[2024-08-22T09:51:46.548+0530][gc,task     ] GC(1) Using 8 workers of 8 for evacuation
[2024-08-22T09:51:46.554+0530][gc,phases   ] GC(1)   Pre Evacuate Collection Set: 0.2ms
[2024-08-22T09:51:46.554+0530][gc,phases   ] GC(1)   Merge Heap Roots: 0.1ms
[2024-08-22T09:51:46.554+0530][gc,phases   ] GC(1)   Evacuate Collection Set: 4.6ms
[2024-08-22T09:51:46.554+0530][gc,phases   ] GC(1)   Post Evacuate Collection Set: 0.6ms
[2024-08-22T09:51:46.554+0530][gc,phases   ] GC(1)   Other: 0.3ms
[2024-08-22T09:51:46.554+0530][gc,heap     ] GC(1) Eden regions: 12->0(50)
[2024-08-22T09:51:46.554+0530][gc,heap     ] GC(1) Survivor regions: 7->1(7)
[2024-08-22T09:51:46.554+0530][gc,heap     ] GC(1) Old regions: 1->8
[2024-08-22T09:51:46.554+0530][gc,heap     ] GC(1) Archive regions: 2->2
[2024-08-22T09:51:46.554+0530][gc,heap     ] GC(1) Humongous regions: 0->0
[2024-08-22T09:51:46.554+0530][gc,metaspace] GC(1) Metaspace: 21294K(21504K)->21294K(21504K) NonClass: 18730K(18816K)->18730K(18816K) Class: 2563K(2688K)->2563K(2688K)
[2024-08-22T09:51:46.554+0530][gc          ] GC(1) Pause Young (Concurrent Start) (Metadata GC Threshold) 20M->9M(1024M) 5.858ms
[2024-08-22T09:51:46.554+0530][gc,cpu      ] GC(1) User=0.03s Sys=0.00s Real=0.00s
[2024-08-22T09:51:46.554+0530][gc          ] GC(2) Concurrent Mark Cycle
[2024-08-22T09:51:46.554+0530][gc,marking  ] GC(2) Concurrent Clear Claimed Marks
[2024-08-22T09:51:46.554+0530][gc,marking  ] GC(2) Concurrent Clear Claimed Marks 0.025ms
[2024-08-22T09:51:46.554+0530][gc,marking  ] GC(2) Concurrent Scan Root Regions
[2024-08-22T09:51:46.557+0530][gc,marking  ] GC(2) Concurrent Scan Root Regions 3.043ms
[2024-08-22T09:51:46.557+0530][gc,marking  ] GC(2) Concurrent Mark
[2024-08-22T09:51:46.557+0530][gc,marking  ] GC(2) Concurrent Mark From Roots
[2024-08-22T09:51:46.557+0530][gc,task     ] GC(2) Using 2 workers of 2 for marking
[2024-08-22T09:51:46.559+0530][gc,marking  ] GC(2) Concurrent Mark From Roots 2.482ms
[2024-08-22T09:51:46.559+0530][gc,marking  ] GC(2) Concurrent Preclean
[2024-08-22T09:51:46.560+0530][gc,marking  ] GC(2) Concurrent Preclean 0.105ms
[2024-08-22T09:51:46.560+0530][gc,start    ] GC(2) Pause Remark
[2024-08-22T09:51:46.562+0530][gc          ] GC(2) Pause Remark 10M->10M(1024M) 2.190ms
[2024-08-22T09:51:46.562+0530][gc,cpu      ] GC(2) User=0.01s Sys=0.00s Real=0.00s
[2024-08-22T09:51:46.562+0530][gc,marking  ] GC(2) Concurrent Mark 5.036ms
[2024-08-22T09:51:46.562+0530][gc,marking  ] GC(2) Concurrent Rebuild Remembered Sets
[2024-08-22T09:51:46.565+0530][gc,marking  ] GC(2) Concurrent Rebuild Remembered Sets 3.079ms
[2024-08-22T09:51:46.565+0530][gc,start    ] GC(2) Pause Cleanup
[2024-08-22T09:51:46.565+0530][gc          ] GC(2) Pause Cleanup 10M->10M(1024M) 0.203ms
[2024-08-22T09:51:46.565+0530][gc,cpu      ] GC(2) User=0.00s Sys=0.00s Real=0.00s
[2024-08-22T09:51:46.566+0530][gc,marking  ] GC(2) Concurrent Cleanup for Next Mark
[2024-08-22T09:51:46.571+0530][gc,marking  ] GC(2) Concurrent Cleanup for Next Mark 5.135ms
[2024-08-22T09:51:46.571+0530][gc          ] GC(2) Concurrent Mark Cycle 16.951ms
[2024-08-22T09:51:47.338+0530][gc,start    ] GC(3) Pause Young (Normal) (G1 Evacuation Pause)
[2024-08-22T09:51:47.338+0530][gc,task     ] GC(3) Using 8 workers of 8 for evacuation
[2024-08-22T09:51:47.343+0530][gc,phases   ] GC(3)   Pre Evacuate Collection Set: 0.2ms
[2024-08-22T09:51:47.343+0530][gc,phases   ] GC(3)   Merge Heap Roots: 0.1ms
[2024-08-22T09:51:47.343+0530][gc,phases   ] GC(3)   Evacuate Collection Set: 4.5ms
[2024-08-22T09:51:47.343+0530][gc,phases   ] GC(3)   Post Evacuate Collection Set: 0.5ms
[2024-08-22T09:51:47.343+0530][gc,phases   ] GC(3)   Other: 0.2ms
[2024-08-22T09:51:47.343+0530][gc,heap     ] GC(3) Eden regions: 50->0(45)
[2024-08-22T09:51:47.343+0530][gc,heap     ] GC(3) Survivor regions: 1->6(7)
[2024-08-22T09:51:47.343+0530][gc,heap     ] GC(3) Old regions: 8->8
[2024-08-22T09:51:47.343+0530][gc,heap     ] GC(3) Archive regions: 2->2
[2024-08-22T09:51:47.343+0530][gc,heap     ] GC(3) Humongous regions: 129->129
[2024-08-22T09:51:47.343+0530][gc,metaspace] GC(3) Metaspace: 32772K(33088K)->32772K(33088K) NonClass: 29077K(29248K)->29077K(29248K) Class: 3695K(3840K)->3695K(3840K)
[2024-08-22T09:51:47.343+0530][gc          ] GC(3) Pause Young (Normal) (G1 Evacuation Pause) 188M->143M(1024M) 5.578ms
[2024-08-22T09:51:47.343+0530][gc,cpu      ] GC(3) User=0.03s Sys=0.01s Real=0.00s
[2024-08-22T09:51:47.491+0530][gc,start    ] GC(4) Pause Young (Concurrent Start) (Metadata GC Threshold)
[2024-08-22T09:51:47.491+0530][gc,task     ] GC(4) Using 8 workers of 8 for evacuation
[2024-08-22T09:51:47.499+0530][gc,phases   ] GC(4)   Pre Evacuate Collection Set: 0.2ms
[2024-08-22T09:51:47.499+0530][gc,phases   ] GC(4)   Merge Heap Roots: 0.1ms
[2024-08-22T09:51:47.499+0530][gc,phases   ] GC(4)   Evacuate Collection Set: 6.4ms
[2024-08-22T09:51:47.499+0530][gc,phases   ] GC(4)   Post Evacuate Collection Set: 0.5ms
[2024-08-22T09:51:47.499+0530][gc,phases   ] GC(4)   Other: 0.2ms
[2024-08-22T09:51:47.499+0530][gc,heap     ] GC(4) Eden regions: 16->0(49)
[2024-08-22T09:51:47.499+0530][gc,heap     ] GC(4) Survivor regions: 6->2(7)
[2024-08-22T09:51:47.499+0530][gc,heap     ] GC(4) Old regions: 8->14
[2024-08-22T09:51:47.499+0530][gc,heap     ] GC(4) Archive regions: 2->2
[2024-08-22T09:51:47.499+0530][gc,heap     ] GC(4) Humongous regions: 129->129
[2024-08-22T09:51:47.499+0530][gc,metaspace] GC(4) Metaspace: 35760K(36096K)->35760K(36096K) NonClass: 31655K(31872K)->31655K(31872K) Class: 4105K(4224K)->4105K(4224K)
[2024-08-22T09:51:47.499+0530][gc          ] GC(4) Pause Young (Concurrent Start) (Metadata GC Threshold) 158M->144M(1024M) 7.455ms
[2024-08-22T09:51:47.499+0530][gc,cpu      ] GC(4) User=0.05s Sys=0.01s Real=0.01s
[2024-08-22T09:51:47.499+0530][gc          ] GC(5) Concurrent Mark Cycle
[2024-08-22T09:51:47.499+0530][gc,marking  ] GC(5) Concurrent Clear Claimed Marks
[2024-08-22T09:51:47.499+0530][gc,marking  ] GC(5) Concurrent Clear Claimed Marks 0.066ms
[2024-08-22T09:51:47.499+0530][gc,marking  ] GC(5) Concurrent Scan Root Regions
[2024-08-22T09:51:47.503+0530][gc,marking  ] GC(5) Concurrent Scan Root Regions 4.136ms
[2024-08-22T09:51:47.503+0530][gc,marking  ] GC(5) Concurrent Mark
[2024-08-22T09:51:47.503+0530][gc,marking  ] GC(5) Concurrent Mark From Roots
[2024-08-22T09:51:47.503+0530][gc,task     ] GC(5) Using 2 workers of 2 for marking
[2024-08-22T09:51:47.513+0530][gc,marking  ] GC(5) Concurrent Mark From Roots 10.414ms
[2024-08-22T09:51:47.514+0530][gc,marking  ] GC(5) Concurrent Preclean
[2024-08-22T09:51:47.514+0530][gc,marking  ] GC(5) Concurrent Preclean 0.194ms
[2024-08-22T09:51:47.514+0530][gc,start    ] GC(5) Pause Remark
[2024-08-22T09:51:47.517+0530][gc          ] GC(5) Pause Remark 145M->145M(1024M) 2.875ms
[2024-08-22T09:51:47.517+0530][gc,cpu      ] GC(5) User=0.02s Sys=0.00s Real=0.01s
[2024-08-22T09:51:47.517+0530][gc,marking  ] GC(5) Concurrent Mark 13.801ms
[2024-08-22T09:51:47.517+0530][gc,marking  ] GC(5) Concurrent Rebuild Remembered Sets
[2024-08-22T09:51:47.529+0530][gc,marking  ] GC(5) Concurrent Rebuild Remembered Sets 12.024ms
[2024-08-22T09:51:47.529+0530][gc,start    ] GC(5) Pause Cleanup
[2024-08-22T09:51:47.529+0530][gc          ] GC(5) Pause Cleanup 146M->146M(1024M) 0.267ms
[2024-08-22T09:51:47.529+0530][gc,cpu      ] GC(5) User=0.00s Sys=0.00s Real=0.00s
[2024-08-22T09:51:47.529+0530][gc,marking  ] GC(5) Concurrent Cleanup for Next Mark
[2024-08-22T09:51:47.536+0530][gc,marking  ] GC(5) Concurrent Cleanup for Next Mark 6.885ms
[2024-08-22T09:51:47.536+0530][gc          ] GC(5) Concurrent Mark Cycle 37.584ms
[2024-08-22T09:58:11.713+0530][gc,start    ] GC(6) Pause Young (Normal) (G1 Evacuation Pause)
[2024-08-22T09:58:11.731+0530][gc,task     ] GC(6) Using 8 workers of 8 for evacuation
[2024-08-22T09:58:11.738+0530][gc,phases   ] GC(6)   Pre Evacuate Collection Set: 0.3ms
[2024-08-22T09:58:11.738+0530][gc,phases   ] GC(6)   Merge Heap Roots: 0.3ms
[2024-08-22T09:58:11.738+0530][gc,phases   ] GC(6)   Evacuate Collection Set: 5.9ms
[2024-08-22T09:58:11.738+0530][gc,phases   ] GC(6)   Post Evacuate Collection Set: 1.0ms
[2024-08-22T09:58:11.738+0530][gc,phases   ] GC(6)   Other: 18.2ms
[2024-08-22T09:58:11.738+0530][gc,heap     ] GC(6) Eden regions: 49->0(47)
[2024-08-22T09:58:11.738+0530][gc,heap     ] GC(6) Survivor regions: 2->4(7)
[2024-08-22T09:58:11.738+0530][gc,heap     ] GC(6) Old regions: 14->14
[2024-08-22T09:58:11.739+0530][gc,heap     ] GC(6) Archive regions: 2->2
[2024-08-22T09:58:11.739+0530][gc,heap     ] GC(6) Humongous regions: 129->129
[2024-08-22T09:58:11.739+0530][gc,metaspace] GC(6) Metaspace: 41550K(42048K)->41550K(42048K) NonClass: 36582K(36864K)->36582K(36864K) Class: 4968K(5184K)->4968K(5184K)
[2024-08-22T09:58:11.739+0530][gc          ] GC(6) Pause Young (Normal) (G1 Evacuation Pause) 193M->146M(1024M) 25.824ms
[2024-08-22T09:58:11.739+0530][gc,cpu      ] GC(6) User=0.05s Sys=0.00s Real=0.03s
[2024-08-22T10:04:45.442+0530][gc,start    ] GC(7) Pause Young (Normal) (G1 Evacuation Pause)
[2024-08-22T10:04:45.442+0530][gc,task     ] GC(7) Using 8 workers of 8 for evacuation
[2024-08-22T10:04:45.449+0530][gc,phases   ] GC(7)   Pre Evacuate Collection Set: 0.3ms
[2024-08-22T10:04:45.450+0530][gc,phases   ] GC(7)   Merge Heap Roots: 0.2ms
[2024-08-22T10:04:45.450+0530][gc,phases   ] GC(7)   Evacuate Collection Set: 6.3ms
[2024-08-22T10:04:45.450+0530][gc,phases   ] GC(7)   Post Evacuate Collection Set: 0.6ms
[2024-08-22T10:04:45.450+0530][gc,phases   ] GC(7)   Other: 0.3ms
[2024-08-22T10:04:45.450+0530][gc,heap     ] GC(7) Eden regions: 47->0(46)
[2024-08-22T10:04:45.450+0530][gc,heap     ] GC(7) Survivor regions: 4->5(7)
[2024-08-22T10:04:45.450+0530][gc,heap     ] GC(7) Old regions: 14->14
[2024-08-22T10:04:45.450+0530][gc,heap     ] GC(7) Archive regions: 2->2
[2024-08-22T10:04:45.450+0530][gc,heap     ] GC(7) Humongous regions: 129->129
[2024-08-22T10:04:45.450+0530][gc,metaspace] GC(7) Metaspace: 42111K(42624K)->42111K(42624K) NonClass: 37126K(37440K)->37126K(37440K) Class: 4984K(5184K)->4984K(5184K)
[2024-08-22T10:04:45.450+0530][gc          ] GC(7) Pause Young (Normal) (G1 Evacuation Pause) 193M->148M(1024M) 7.707ms
[2024-08-22T10:04:45.450+0530][gc,cpu      ] GC(7) User=0.05s Sys=0.00s Real=0.01s
[2024-08-22T10:12:05.136+0530][gc,start    ] GC(8) Pause Young (Normal) (G1 Evacuation Pause)
[2024-08-22T10:12:05.136+0530][gc,task     ] GC(8) Using 8 workers of 8 for evacuation
[2024-08-22T10:12:05.141+0530][gc,phases   ] GC(8)   Pre Evacuate Collection Set: 0.2ms
[2024-08-22T10:12:05.141+0530][gc,phases   ] GC(8)   Merge Heap Roots: 0.1ms
[2024-08-22T10:12:05.141+0530][gc,phases   ] GC(8)   Evacuate Collection Set: 4.0ms
[2024-08-22T10:12:05.141+0530][gc,phases   ] GC(8)   Post Evacuate Collection Set: 0.6ms
[2024-08-22T10:12:05.141+0530][gc,phases   ] GC(8)   Other: 0.2ms
[2024-08-22T10:12:05.141+0530][gc,heap     ] GC(8) Eden regions: 46->0(48)
[2024-08-22T10:12:05.141+0530][gc,heap     ] GC(8) Survivor regions: 5->3(7)
[2024-08-22T10:12:05.141+0530][gc,heap     ] GC(8) Old regions: 14->16
[2024-08-22T10:12:05.141+0530][gc,heap     ] GC(8) Archive regions: 2->2
[2024-08-22T10:12:05.141+0530][gc,heap     ] GC(8) Humongous regions: 129->129
[2024-08-22T10:12:05.141+0530][gc,metaspace] GC(8) Metaspace: 42234K(42752K)->42234K(42752K) NonClass: 37250K(37568K)->37250K(37568K) Class: 4984K(5184K)->4984K(5184K)
[2024-08-22T10:12:05.141+0530][gc          ] GC(8) Pause Young (Normal) (G1 Evacuation Pause) 194M->148M(1024M) 5.287ms
[2024-08-22T10:12:05.141+0530][gc,cpu      ] GC(8) User=0.03s Sys=0.00s Real=0.01s
[2024-08-22T10:20:11.091+0530][gc,start    ] GC(9) Pause Young (Normal) (G1 Evacuation Pause)
[2024-08-22T10:20:11.091+0530][gc,task     ] GC(9) Using 8 workers of 8 for evacuation
[2024-08-22T10:20:11.094+0530][gc,phases   ] GC(9)   Pre Evacuate Collection Set: 0.2ms
[2024-08-22T10:20:11.094+0530][gc,phases   ] GC(9)   Merge Heap Roots: 0.0ms
[2024-08-22T10:20:11.094+0530][gc,phases   ] GC(9)   Evacuate Collection Set: 1.9ms
[2024-08-22T10:20:11.094+0530][gc,phases   ] GC(9)   Post Evacuate Collection Set: 0.3ms
[2024-08-22T10:20:11.094+0530][gc,phases   ] GC(9)   Other: 0.1ms
[2024-08-22T10:20:11.094+0530][gc,heap     ] GC(9) Eden regions: 48->0(76)
[2024-08-22T10:20:11.094+0530][gc,heap     ] GC(9) Survivor regions: 3->3(7)
[2024-08-22T10:20:11.094+0530][gc,heap     ] GC(9) Old regions: 16->16
[2024-08-22T10:20:11.094+0530][gc,heap     ] GC(9) Archive regions: 2->2
[2024-08-22T10:20:11.094+0530][gc,heap     ] GC(9) Humongous regions: 129->129
[2024-08-22T10:20:11.094+0530][gc,metaspace] GC(9) Metaspace: 42332K(42816K)->42332K(42816K) NonClass: 37347K(37632K)->37347K(37632K) Class: 4984K(5184K)->4984K(5184K)
[2024-08-22T10:20:11.094+0530][gc          ] GC(9) Pause Young (Normal) (G1 Evacuation Pause) 196M->148M(1024M) 2.691ms
[2024-08-22T10:20:11.094+0530][gc,cpu      ] GC(9) User=0.02s Sys=0.00s Real=0.00s
[2024-08-22T10:33:33.188+0530][gc,start    ] GC(10) Pause Young (Normal) (G1 Evacuation Pause)
[2024-08-22T10:33:33.188+0530][gc,task     ] GC(10) Using 8 workers of 8 for evacuation
[2024-08-22T10:33:33.195+0530][gc,phases   ] GC(10)   Pre Evacuate Collection Set: 0.4ms
[2024-08-22T10:33:33.195+0530][gc,phases   ] GC(10)   Merge Heap Roots: 0.2ms
[2024-08-22T10:33:33.195+0530][gc,phases   ] GC(10)   Evacuate Collection Set: 5.4ms
[2024-08-22T10:33:33.195+0530][gc,phases   ] GC(10)   Post Evacuate Collection Set: 0.6ms
[2024-08-22T10:33:33.195+0530][gc,phases   ] GC(10)   Other: 0.3ms
[2024-08-22T10:33:33.195+0530][gc,heap     ] GC(10) Eden regions: 76->0(275)
[2024-08-22T10:33:33.195+0530][gc,heap     ] GC(10) Survivor regions: 3->3(10)
[2024-08-22T10:33:33.195+0530][gc,heap     ] GC(10) Old regions: 16->16
[2024-08-22T10:33:33.195+0530][gc,heap     ] GC(10) Archive regions: 2->2
[2024-08-22T10:33:33.195+0530][gc,heap     ] GC(10) Humongous regions: 129->129
[2024-08-22T10:33:33.195+0530][gc,metaspace] GC(10) Metaspace: 42420K(42944K)->42420K(42944K) NonClass: 37435K(37760K)->37435K(37760K) Class: 4984K(5184K)->4984K(5184K)
[2024-08-22T10:33:33.195+0530][gc          ] GC(10) Pause Young (Normal) (G1 Evacuation Pause) 224M->148M(1024M) 7.042ms
[2024-08-22T10:33:33.195+0530][gc,cpu      ] GC(10) User=0.03s Sys=0.00s Real=0.01s
[2024-08-22T11:22:03.609+0530][gc,start    ] GC(11) Pause Young (Normal) (G1 Evacuation Pause)
[2024-08-22T11:22:03.609+0530][gc,task     ] GC(11) Using 8 workers of 8 for evacuation
[2024-08-22T11:22:03.612+0530][gc,phases   ] GC(11)   Pre Evacuate Collection Set: 0.2ms
[2024-08-22T11:22:03.612+0530][gc,phases   ] GC(11)   Merge Heap Roots: 0.1ms
[2024-08-22T11:22:03.612+0530][gc,phases   ] GC(11)   Evacuate Collection Set: 2.4ms
[2024-08-22T11:22:03.612+0530][gc,phases   ] GC(11)   Post Evacuate Collection Set: 0.5ms
[2024-08-22T11:22:03.612+0530][gc,phases   ] GC(11)   Other: 0.2ms
[2024-08-22T11:22:03.612+0530][gc,heap     ] GC(11) Eden regions: 275->0(400)
[2024-08-22T11:22:03.612+0530][gc,heap     ] GC(11) Survivor regions: 3->3(35)
[2024-08-22T11:22:03.612+0530][gc,heap     ] GC(11) Old regions: 16->16
[2024-08-22T11:22:03.612+0530][gc,heap     ] GC(11) Archive regions: 2->2
[2024-08-22T11:22:03.612+0530][gc,heap     ] GC(11) Humongous regions: 129->129
[2024-08-22T11:22:03.612+0530][gc,metaspace] GC(11) Metaspace: 42698K(43200K)->42698K(43200K) NonClass: 37710K(38016K)->37710K(38016K) Class: 4988K(5184K)->4988K(5184K)
[2024-08-22T11:22:03.612+0530][gc          ] GC(11) Pause Young (Normal) (G1 Evacuation Pause) 423M->148M(1024M) 3.447ms
[2024-08-22T11:22:03.612+0530][gc,cpu      ] GC(11) User=0.01s Sys=0.00s Real=0.01s
[2024-08-22T12:27:23.192+0530][gc,start    ] GC(12) Pause Young (Normal) (G1 Evacuation Pause)
[2024-08-22T12:27:23.192+0530][gc,task     ] GC(12) Using 8 workers of 8 for evacuation
[2024-08-22T12:27:23.200+0530][gc,phases   ] GC(12)   Pre Evacuate Collection Set: 0.3ms
[2024-08-22T12:27:23.200+0530][gc,phases   ] GC(12)   Merge Heap Roots: 0.3ms
[2024-08-22T12:27:23.200+0530][gc,phases   ] GC(12)   Evacuate Collection Set: 6.7ms
[2024-08-22T12:27:23.200+0530][gc,phases   ] GC(12)   Post Evacuate Collection Set: 0.8ms
[2024-08-22T12:27:23.200+0530][gc,phases   ] GC(12)   Other: 0.3ms
[2024-08-22T12:27:23.200+0530][gc,heap     ] GC(12) Eden regions: 400->0(609)
[2024-08-22T12:27:23.200+0530][gc,heap     ] GC(12) Survivor regions: 3->5(51)
[2024-08-22T12:27:23.200+0530][gc,heap     ] GC(12) Old regions: 16->16
[2024-08-22T12:27:23.200+0530][gc,heap     ] GC(12) Archive regions: 2->2
[2024-08-22T12:27:23.200+0530][gc,heap     ] GC(12) Humongous regions: 129->129
[2024-08-22T12:27:23.200+0530][gc,metaspace] GC(12) Metaspace: 43948K(44480K)->43948K(44480K) NonClass: 38790K(39104K)->38790K(39104K) Class: 5157K(5376K)->5157K(5376K)
[2024-08-22T12:27:23.200+0530][gc          ] GC(12) Pause Young (Normal) (G1 Evacuation Pause) 548M->150M(1024M) 8.533ms
[2024-08-22T12:27:23.200+0530][gc,cpu      ] GC(12) User=0.05s Sys=0.00s Real=0.00s
[2024-08-22T13:22:48.268+0530][gc,heap,exit] Heap
[2024-08-22T13:22:48.268+0530][gc,heap,exit]  garbage-first heap   total 1048576K, used 519566K [0x00000000c0000000, 0x0000000100000000)
[2024-08-22T13:22:48.268+0530][gc,heap,exit]   region size 1024K, 363 young (371712K), 5 survivors (5120K)
[2024-08-22T13:22:48.268+0530][gc,heap,exit]  Metaspace       used 45058K, committed 45632K, reserved 1114112K
[2024-08-22T13:22:48.268+0530][gc,heap,exit]   class space    used 5358K, committed 5632K, reserved 1048576K
