[2024-08-21T11:28:07.641+0530][gc] Using G1
[2024-08-21T11:28:07.645+0530][gc,init] Version: 17.0.12+7-Ubuntu-1ubuntu220.04 (release)
[2024-08-21T11:28:07.645+0530][gc,init] CPUs: 8 total, 8 available
[2024-08-21T11:28:07.645+0530][gc,init] Memory: 15820M
[2024-08-21T11:28:07.645+0530][gc,init] Large Page Support: Disabled
[2024-08-21T11:28:07.645+0530][gc,init] NUMA Support: Disabled
[2024-08-21T11:28:07.645+0530][gc,init] Compressed Oops: Enabled (32-bit)
[2024-08-21T11:28:07.645+0530][gc,init] Heap Region Size: 1M
[2024-08-21T11:28:07.645+0530][gc,init] Heap Min Capacity: 1G
[2024-08-21T11:28:07.645+0530][gc,init] Heap Initial Capacity: 1G
[2024-08-21T11:28:07.645+0530][gc,init] Heap Max Capacity: 1G
[2024-08-21T11:28:07.645+0530][gc,init] Pre-touch: Disabled
[2024-08-21T11:28:07.645+0530][gc,init] Parallel Workers: 8
[2024-08-21T11:28:07.645+0530][gc,init] Concurrent Workers: 2
[2024-08-21T11:28:07.645+0530][gc,init] Concurrent Refinement Workers: 8
[2024-08-21T11:28:07.645+0530][gc,init] Periodic GC: Disabled
[2024-08-21T11:28:07.649+0530][gc,metaspace] CDS archive(s) mapped at: [0x00007fce73000000-0x00007fce73bc4000-0x00007fce73bc4000), size 12337152, SharedBaseAddress: 0x00007fce73000000, ArchiveRelocationMode: 1.
[2024-08-21T11:28:07.649+0530][gc,metaspace] Compressed class space mapped at: 0x00007fce74000000-0x00007fceb4000000, reserved size: 1073741824
[2024-08-21T11:28:07.649+0530][gc,metaspace] Narrow klass base: 0x00007fce73000000, Narrow klass shift: 0, Narrow klass range: 0x100000000
[2024-08-21T11:28:08.331+0530][gc,start    ] GC(0) Pause Young (Normal) (G1 Evacuation Pause)
[2024-08-21T11:28:08.332+0530][gc,task     ] GC(0) Using 8 workers of 8 for evacuation
[2024-08-21T11:28:08.335+0530][gc,phases   ] GC(0)   Pre Evacuate Collection Set: 0.1ms
[2024-08-21T11:28:08.335+0530][gc,phases   ] GC(0)   Merge Heap Roots: 0.0ms
[2024-08-21T11:28:08.335+0530][gc,phases   ] GC(0)   Evacuate Collection Set: 2.5ms
[2024-08-21T11:28:08.335+0530][gc,phases   ] GC(0)   Post Evacuate Collection Set: 0.4ms
[2024-08-21T11:28:08.335+0530][gc,phases   ] GC(0)   Other: 0.7ms
[2024-08-21T11:28:08.335+0530][gc,heap     ] GC(0) Eden regions: 51->0(44)
[2024-08-21T11:28:08.335+0530][gc,heap     ] GC(0) Survivor regions: 0->7(7)
[2024-08-21T11:28:08.335+0530][gc,heap     ] GC(0) Old regions: 0->1
[2024-08-21T11:28:08.335+0530][gc,heap     ] GC(0) Archive regions: 2->2
[2024-08-21T11:28:08.335+0530][gc,heap     ] GC(0) Humongous regions: 0->0
[2024-08-21T11:28:08.335+0530][gc,metaspace] GC(0) Metaspace: 18454K(18688K)->18454K(18688K) NonClass: 16258K(16384K)->16258K(16384K) Class: 2195K(2304K)->2195K(2304K)
[2024-08-21T11:28:08.335+0530][gc          ] GC(0) Pause Young (Normal) (G1 Evacuation Pause) 51M->8M(1024M) 3.796ms
[2024-08-21T11:28:08.335+0530][gc,cpu      ] GC(0) User=0.03s Sys=0.00s Real=0.01s
[2024-08-21T11:28:08.452+0530][gc,start    ] GC(1) Pause Young (Concurrent Start) (Metadata GC Threshold)
[2024-08-21T11:28:08.452+0530][gc,task     ] GC(1) Using 8 workers of 8 for evacuation
[2024-08-21T11:28:08.456+0530][gc,phases   ] GC(1)   Pre Evacuate Collection Set: 0.1ms
[2024-08-21T11:28:08.456+0530][gc,phases   ] GC(1)   Merge Heap Roots: 0.0ms
[2024-08-21T11:28:08.456+0530][gc,phases   ] GC(1)   Evacuate Collection Set: 2.6ms
[2024-08-21T11:28:08.456+0530][gc,phases   ] GC(1)   Post Evacuate Collection Set: 0.4ms
[2024-08-21T11:28:08.456+0530][gc,phases   ] GC(1)   Other: 0.1ms
[2024-08-21T11:28:08.456+0530][gc,heap     ] GC(1) Eden regions: 11->0(50)
[2024-08-21T11:28:08.456+0530][gc,heap     ] GC(1) Survivor regions: 7->1(7)
[2024-08-21T11:28:08.456+0530][gc,heap     ] GC(1) Old regions: 1->8
[2024-08-21T11:28:08.456+0530][gc,heap     ] GC(1) Archive regions: 2->2
[2024-08-21T11:28:08.456+0530][gc,heap     ] GC(1) Humongous regions: 0->0
[2024-08-21T11:28:08.456+0530][gc,metaspace] GC(1) Metaspace: 21336K(21504K)->21336K(21504K) NonClass: 18774K(18880K)->18774K(18880K) Class: 2561K(2624K)->2561K(2624K)
[2024-08-21T11:28:08.456+0530][gc          ] GC(1) Pause Young (Concurrent Start) (Metadata GC Threshold) 19M->9M(1024M) 3.306ms
[2024-08-21T11:28:08.456+0530][gc,cpu      ] GC(1) User=0.02s Sys=0.00s Real=0.01s
[2024-08-21T11:28:08.456+0530][gc          ] GC(2) Concurrent Mark Cycle
[2024-08-21T11:28:08.456+0530][gc,marking  ] GC(2) Concurrent Clear Claimed Marks
[2024-08-21T11:28:08.456+0530][gc,marking  ] GC(2) Concurrent Clear Claimed Marks 0.022ms
[2024-08-21T11:28:08.456+0530][gc,marking  ] GC(2) Concurrent Scan Root Regions
[2024-08-21T11:28:08.457+0530][gc,marking  ] GC(2) Concurrent Scan Root Regions 1.638ms
[2024-08-21T11:28:08.457+0530][gc,marking  ] GC(2) Concurrent Mark
[2024-08-21T11:28:08.457+0530][gc,marking  ] GC(2) Concurrent Mark From Roots
[2024-08-21T11:28:08.457+0530][gc,task     ] GC(2) Using 2 workers of 2 for marking
[2024-08-21T11:28:08.459+0530][gc,marking  ] GC(2) Concurrent Mark From Roots 1.193ms
[2024-08-21T11:28:08.459+0530][gc,marking  ] GC(2) Concurrent Preclean
[2024-08-21T11:28:08.459+0530][gc,marking  ] GC(2) Concurrent Preclean 0.046ms
[2024-08-21T11:28:08.459+0530][gc,start    ] GC(2) Pause Remark
[2024-08-21T11:28:08.460+0530][gc          ] GC(2) Pause Remark 10M->10M(1024M) 0.899ms
[2024-08-21T11:28:08.460+0530][gc,cpu      ] GC(2) User=0.01s Sys=0.01s Real=0.00s
[2024-08-21T11:28:08.460+0530][gc,marking  ] GC(2) Concurrent Mark 2.282ms
[2024-08-21T11:28:08.460+0530][gc,marking  ] GC(2) Concurrent Rebuild Remembered Sets
[2024-08-21T11:28:08.461+0530][gc,marking  ] GC(2) Concurrent Rebuild Remembered Sets 1.697ms
[2024-08-21T11:28:08.461+0530][gc,start    ] GC(2) Pause Cleanup
[2024-08-21T11:28:08.461+0530][gc          ] GC(2) Pause Cleanup 10M->10M(1024M) 0.106ms
[2024-08-21T11:28:08.461+0530][gc,cpu      ] GC(2) User=0.00s Sys=0.00s Real=0.00s
[2024-08-21T11:28:08.462+0530][gc,marking  ] GC(2) Concurrent Cleanup for Next Mark
[2024-08-21T11:28:08.464+0530][gc,marking  ] GC(2) Concurrent Cleanup for Next Mark 2.508ms
[2024-08-21T11:28:08.464+0530][gc          ] GC(2) Concurrent Mark Cycle 8.421ms
[2024-08-21T11:28:08.967+0530][gc,start    ] GC(3) Pause Young (Normal) (G1 Evacuation Pause)
[2024-08-21T11:28:08.967+0530][gc,task     ] GC(3) Using 8 workers of 8 for evacuation
[2024-08-21T11:28:08.971+0530][gc,phases   ] GC(3)   Pre Evacuate Collection Set: 0.1ms
[2024-08-21T11:28:08.971+0530][gc,phases   ] GC(3)   Merge Heap Roots: 0.0ms
[2024-08-21T11:28:08.971+0530][gc,phases   ] GC(3)   Evacuate Collection Set: 3.0ms
[2024-08-21T11:28:08.971+0530][gc,phases   ] GC(3)   Post Evacuate Collection Set: 0.3ms
[2024-08-21T11:28:08.971+0530][gc,phases   ] GC(3)   Other: 0.1ms
[2024-08-21T11:28:08.971+0530][gc,heap     ] GC(3) Eden regions: 50->0(45)
[2024-08-21T11:28:08.971+0530][gc,heap     ] GC(3) Survivor regions: 1->6(7)
[2024-08-21T11:28:08.971+0530][gc,heap     ] GC(3) Old regions: 8->8
[2024-08-21T11:28:08.971+0530][gc,heap     ] GC(3) Archive regions: 2->2
[2024-08-21T11:28:08.971+0530][gc,heap     ] GC(3) Humongous regions: 129->129
[2024-08-21T11:28:08.971+0530][gc,metaspace] GC(3) Metaspace: 32740K(33088K)->32740K(33088K) NonClass: 29070K(29248K)->29070K(29248K) Class: 3669K(3840K)->3669K(3840K)
[2024-08-21T11:28:08.971+0530][gc          ] GC(3) Pause Young (Normal) (G1 Evacuation Pause) 188M->143M(1024M) 3.672ms
[2024-08-21T11:28:08.971+0530][gc,cpu      ] GC(3) User=0.02s Sys=0.00s Real=0.00s
[2024-08-21T11:28:09.177+0530][gc,start    ] GC(4) Pause Young (Concurrent Start) (Metadata GC Threshold)
[2024-08-21T11:28:09.177+0530][gc,task     ] GC(4) Using 8 workers of 8 for evacuation
[2024-08-21T11:28:09.182+0530][gc,phases   ] GC(4)   Pre Evacuate Collection Set: 0.1ms
[2024-08-21T11:28:09.182+0530][gc,phases   ] GC(4)   Merge Heap Roots: 0.1ms
[2024-08-21T11:28:09.182+0530][gc,phases   ] GC(4)   Evacuate Collection Set: 3.5ms
[2024-08-21T11:28:09.182+0530][gc,phases   ] GC(4)   Post Evacuate Collection Set: 0.3ms
[2024-08-21T11:28:09.182+0530][gc,phases   ] GC(4)   Other: 0.2ms
[2024-08-21T11:28:09.182+0530][gc,heap     ] GC(4) Eden regions: 13->0(49)
[2024-08-21T11:28:09.182+0530][gc,heap     ] GC(4) Survivor regions: 6->2(7)
[2024-08-21T11:28:09.182+0530][gc,heap     ] GC(4) Old regions: 8->14
[2024-08-21T11:28:09.182+0530][gc,heap     ] GC(4) Archive regions: 2->2
[2024-08-21T11:28:09.182+0530][gc,heap     ] GC(4) Humongous regions: 129->129
[2024-08-21T11:28:09.182+0530][gc,metaspace] GC(4) Metaspace: 35839K(36096K)->35839K(36096K) NonClass: 31817K(31936K)->31817K(31936K) Class: 4021K(4160K)->4021K(4160K)
[2024-08-21T11:28:09.182+0530][gc          ] GC(4) Pause Young (Concurrent Start) (Metadata GC Threshold) 156M->144M(1024M) 4.319ms
[2024-08-21T11:28:09.182+0530][gc,cpu      ] GC(4) User=0.02s Sys=0.00s Real=0.00s
[2024-08-21T11:28:09.182+0530][gc          ] GC(5) Concurrent Mark Cycle
[2024-08-21T11:28:09.182+0530][gc,marking  ] GC(5) Concurrent Clear Claimed Marks
[2024-08-21T11:28:09.182+0530][gc,marking  ] GC(5) Concurrent Clear Claimed Marks 0.035ms
[2024-08-21T11:28:09.182+0530][gc,marking  ] GC(5) Concurrent Scan Root Regions
[2024-08-21T11:28:09.185+0530][gc,marking  ] GC(5) Concurrent Scan Root Regions 2.890ms
[2024-08-21T11:28:09.185+0530][gc,marking  ] GC(5) Concurrent Mark
[2024-08-21T11:28:09.185+0530][gc,marking  ] GC(5) Concurrent Mark From Roots
[2024-08-21T11:28:09.185+0530][gc,task     ] GC(5) Using 2 workers of 2 for marking
[2024-08-21T11:28:09.191+0530][gc,marking  ] GC(5) Concurrent Mark From Roots 6.487ms
[2024-08-21T11:28:09.191+0530][gc,marking  ] GC(5) Concurrent Preclean
[2024-08-21T11:28:09.191+0530][gc,marking  ] GC(5) Concurrent Preclean 0.140ms
[2024-08-21T11:28:09.191+0530][gc,start    ] GC(5) Pause Remark
[2024-08-21T11:28:09.193+0530][gc          ] GC(5) Pause Remark 145M->145M(1024M) 1.297ms
[2024-08-21T11:28:09.193+0530][gc,cpu      ] GC(5) User=0.01s Sys=0.00s Real=0.00s
[2024-08-21T11:28:09.193+0530][gc,marking  ] GC(5) Concurrent Mark 8.083ms
[2024-08-21T11:28:09.193+0530][gc,marking  ] GC(5) Concurrent Rebuild Remembered Sets
[2024-08-21T11:28:09.197+0530][gc,marking  ] GC(5) Concurrent Rebuild Remembered Sets 4.564ms
[2024-08-21T11:28:09.197+0530][gc,start    ] GC(5) Pause Cleanup
[2024-08-21T11:28:09.198+0530][gc          ] GC(5) Pause Cleanup 145M->145M(1024M) 0.158ms
[2024-08-21T11:28:09.198+0530][gc,cpu      ] GC(5) User=0.00s Sys=0.00s Real=0.00s
[2024-08-21T11:28:09.198+0530][gc,marking  ] GC(5) Concurrent Cleanup for Next Mark
[2024-08-21T11:28:09.201+0530][gc,marking  ] GC(5) Concurrent Cleanup for Next Mark 3.273ms
[2024-08-21T11:28:09.201+0530][gc          ] GC(5) Concurrent Mark Cycle 19.273ms
[2024-08-21T11:39:10.804+0530][gc,heap,exit] Heap
[2024-08-21T11:39:10.804+0530][gc,heap,exit]  garbage-first heap   total 1048576K, used 179571K [0x00000000c0000000, 0x0000000100000000)
[2024-08-21T11:39:10.804+0530][gc,heap,exit]   region size 1024K, 33 young (33792K), 2 survivors (2048K)
[2024-08-21T11:39:10.804+0530][gc,heap,exit]  Metaspace       used 39085K, committed 39424K, reserved 1114112K
[2024-08-21T11:39:10.804+0530][gc,heap,exit]   class space    used 4591K, committed 4736K, reserved 1048576K
