[2024-08-21T11:41:17.563+0530][gc] Using G1
[2024-08-21T11:41:17.568+0530][gc,init] Version: 17.0.12+7-Ubuntu-1ubuntu220.04 (release)
[2024-08-21T11:41:17.568+0530][gc,init] CPUs: 8 total, 8 available
[2024-08-21T11:41:17.568+0530][gc,init] Memory: 15820M
[2024-08-21T11:41:17.568+0530][gc,init] Large Page Support: Disabled
[2024-08-21T11:41:17.568+0530][gc,init] NUMA Support: Disabled
[2024-08-21T11:41:17.568+0530][gc,init] Compressed Oops: Enabled (32-bit)
[2024-08-21T11:41:17.568+0530][gc,init] Heap Region Size: 1M
[2024-08-21T11:41:17.568+0530][gc,init] Heap Min Capacity: 1G
[2024-08-21T11:41:17.568+0530][gc,init] Heap Initial Capacity: 1G
[2024-08-21T11:41:17.568+0530][gc,init] Heap Max Capacity: 1G
[2024-08-21T11:41:17.568+0530][gc,init] Pre-touch: Disabled
[2024-08-21T11:41:17.568+0530][gc,init] Parallel Workers: 8
[2024-08-21T11:41:17.568+0530][gc,init] Concurrent Workers: 2
[2024-08-21T11:41:17.568+0530][gc,init] Concurrent Refinement Workers: 8
[2024-08-21T11:41:17.568+0530][gc,init] Periodic GC: Disabled
[2024-08-21T11:41:17.572+0530][gc,metaspace] CDS archive(s) mapped at: [0x00007f0c9b000000-0x00007f0c9bbc4000-0x00007f0c9bbc4000), size 12337152, SharedBaseAddress: 0x00007f0c9b000000, ArchiveRelocationMode: 1.
[2024-08-21T11:41:17.572+0530][gc,metaspace] Compressed class space mapped at: 0x00007f0c9c000000-0x00007f0cdc000000, reserved size: 1073741824
[2024-08-21T11:41:17.572+0530][gc,metaspace] Narrow klass base: 0x00007f0c9b000000, Narrow klass shift: 0, Narrow klass range: 0x100000000
[2024-08-21T11:41:18.286+0530][gc,start    ] GC(0) Pause Young (Normal) (G1 Evacuation Pause)
[2024-08-21T11:41:18.287+0530][gc,task     ] GC(0) Using 8 workers of 8 for evacuation
[2024-08-21T11:41:18.290+0530][gc,phases   ] GC(0)   Pre Evacuate Collection Set: 0.1ms
[2024-08-21T11:41:18.290+0530][gc,phases   ] GC(0)   Merge Heap Roots: 0.0ms
[2024-08-21T11:41:18.290+0530][gc,phases   ] GC(0)   Evacuate Collection Set: 3.0ms
[2024-08-21T11:41:18.290+0530][gc,phases   ] GC(0)   Post Evacuate Collection Set: 0.4ms
[2024-08-21T11:41:18.290+0530][gc,phases   ] GC(0)   Other: 0.6ms
[2024-08-21T11:41:18.290+0530][gc,heap     ] GC(0) Eden regions: 51->0(44)
[2024-08-21T11:41:18.290+0530][gc,heap     ] GC(0) Survivor regions: 0->7(7)
[2024-08-21T11:41:18.290+0530][gc,heap     ] GC(0) Old regions: 0->1
[2024-08-21T11:41:18.290+0530][gc,heap     ] GC(0) Archive regions: 2->2
[2024-08-21T11:41:18.290+0530][gc,heap     ] GC(0) Humongous regions: 0->0
[2024-08-21T11:41:18.290+0530][gc,metaspace] GC(0) Metaspace: 18443K(18688K)->18443K(18688K) NonClass: 16250K(16384K)->16250K(16384K) Class: 2193K(2304K)->2193K(2304K)
[2024-08-21T11:41:18.290+0530][gc          ] GC(0) Pause Young (Normal) (G1 Evacuation Pause) 51M->8M(1024M) 4.109ms
[2024-08-21T11:41:18.290+0530][gc,cpu      ] GC(0) User=0.03s Sys=0.01s Real=0.00s
[2024-08-21T11:41:18.430+0530][gc,start    ] GC(1) Pause Young (Concurrent Start) (Metadata GC Threshold)
[2024-08-21T11:41:18.430+0530][gc,task     ] GC(1) Using 8 workers of 8 for evacuation
[2024-08-21T11:41:18.434+0530][gc,phases   ] GC(1)   Pre Evacuate Collection Set: 0.1ms
[2024-08-21T11:41:18.434+0530][gc,phases   ] GC(1)   Merge Heap Roots: 0.0ms
[2024-08-21T11:41:18.434+0530][gc,phases   ] GC(1)   Evacuate Collection Set: 3.1ms
[2024-08-21T11:41:18.434+0530][gc,phases   ] GC(1)   Post Evacuate Collection Set: 0.3ms
[2024-08-21T11:41:18.434+0530][gc,phases   ] GC(1)   Other: 0.2ms
[2024-08-21T11:41:18.434+0530][gc,heap     ] GC(1) Eden regions: 12->0(50)
[2024-08-21T11:41:18.434+0530][gc,heap     ] GC(1) Survivor regions: 7->1(7)
[2024-08-21T11:41:18.434+0530][gc,heap     ] GC(1) Old regions: 1->8
[2024-08-21T11:41:18.434+0530][gc,heap     ] GC(1) Archive regions: 2->2
[2024-08-21T11:41:18.434+0530][gc,heap     ] GC(1) Humongous regions: 0->0
[2024-08-21T11:41:18.434+0530][gc,metaspace] GC(1) Metaspace: 21344K(21504K)->21344K(21504K) NonClass: 18784K(18880K)->18784K(18880K) Class: 2559K(2624K)->2559K(2624K)
[2024-08-21T11:41:18.434+0530][gc          ] GC(1) Pause Young (Concurrent Start) (Metadata GC Threshold) 19M->9M(1024M) 3.847ms
[2024-08-21T11:41:18.434+0530][gc,cpu      ] GC(1) User=0.02s Sys=0.00s Real=0.00s
[2024-08-21T11:41:18.434+0530][gc          ] GC(2) Concurrent Mark Cycle
[2024-08-21T11:41:18.434+0530][gc,marking  ] GC(2) Concurrent Clear Claimed Marks
[2024-08-21T11:41:18.434+0530][gc,marking  ] GC(2) Concurrent Clear Claimed Marks 0.014ms
[2024-08-21T11:41:18.434+0530][gc,marking  ] GC(2) Concurrent Scan Root Regions
[2024-08-21T11:41:18.436+0530][gc,marking  ] GC(2) Concurrent Scan Root Regions 1.568ms
[2024-08-21T11:41:18.436+0530][gc,marking  ] GC(2) Concurrent Mark
[2024-08-21T11:41:18.436+0530][gc,marking  ] GC(2) Concurrent Mark From Roots
[2024-08-21T11:41:18.436+0530][gc,task     ] GC(2) Using 2 workers of 2 for marking
[2024-08-21T11:41:18.437+0530][gc,marking  ] GC(2) Concurrent Mark From Roots 1.377ms
[2024-08-21T11:41:18.437+0530][gc,marking  ] GC(2) Concurrent Preclean
[2024-08-21T11:41:18.437+0530][gc,marking  ] GC(2) Concurrent Preclean 0.040ms
[2024-08-21T11:41:18.437+0530][gc,start    ] GC(2) Pause Remark
[2024-08-21T11:41:18.439+0530][gc          ] GC(2) Pause Remark 9M->9M(1024M) 1.429ms
[2024-08-21T11:41:18.439+0530][gc,cpu      ] GC(2) User=0.01s Sys=0.00s Real=0.00s
[2024-08-21T11:41:18.439+0530][gc,marking  ] GC(2) Concurrent Mark 3.045ms
[2024-08-21T11:41:18.439+0530][gc,marking  ] GC(2) Concurrent Rebuild Remembered Sets
[2024-08-21T11:41:18.441+0530][gc,marking  ] GC(2) Concurrent Rebuild Remembered Sets 2.047ms
[2024-08-21T11:41:18.441+0530][gc,start    ] GC(2) Pause Cleanup
[2024-08-21T11:41:18.441+0530][gc          ] GC(2) Pause Cleanup 9M->9M(1024M) 0.191ms
[2024-08-21T11:41:18.441+0530][gc,cpu      ] GC(2) User=0.00s Sys=0.00s Real=0.00s
[2024-08-21T11:41:18.441+0530][gc,marking  ] GC(2) Concurrent Cleanup for Next Mark
[2024-08-21T11:41:18.445+0530][gc,marking  ] GC(2) Concurrent Cleanup for Next Mark 3.569ms
[2024-08-21T11:41:18.445+0530][gc          ] GC(2) Concurrent Mark Cycle 10.749ms
[2024-08-21T11:41:19.007+0530][gc,start    ] GC(3) Pause Young (Normal) (G1 Evacuation Pause)
[2024-08-21T11:41:19.007+0530][gc,task     ] GC(3) Using 8 workers of 8 for evacuation
[2024-08-21T11:41:19.013+0530][gc,phases   ] GC(3)   Pre Evacuate Collection Set: 0.2ms
[2024-08-21T11:41:19.013+0530][gc,phases   ] GC(3)   Merge Heap Roots: 0.1ms
[2024-08-21T11:41:19.013+0530][gc,phases   ] GC(3)   Evacuate Collection Set: 5.6ms
[2024-08-21T11:41:19.013+0530][gc,phases   ] GC(3)   Post Evacuate Collection Set: 0.4ms
[2024-08-21T11:41:19.013+0530][gc,phases   ] GC(3)   Other: 0.1ms
[2024-08-21T11:41:19.013+0530][gc,heap     ] GC(3) Eden regions: 50->0(45)
[2024-08-21T11:41:19.013+0530][gc,heap     ] GC(3) Survivor regions: 1->6(7)
[2024-08-21T11:41:19.013+0530][gc,heap     ] GC(3) Old regions: 8->8
[2024-08-21T11:41:19.013+0530][gc,heap     ] GC(3) Archive regions: 2->2
[2024-08-21T11:41:19.013+0530][gc,heap     ] GC(3) Humongous regions: 129->129
[2024-08-21T11:41:19.013+0530][gc,metaspace] GC(3) Metaspace: 32925K(33216K)->32925K(33216K) NonClass: 29250K(29376K)->29250K(29376K) Class: 3674K(3840K)->3674K(3840K)
[2024-08-21T11:41:19.013+0530][gc          ] GC(3) Pause Young (Normal) (G1 Evacuation Pause) 188M->143M(1024M) 6.531ms
[2024-08-21T11:41:19.013+0530][gc,cpu      ] GC(3) User=0.04s Sys=0.00s Real=0.00s
[2024-08-21T11:41:19.211+0530][gc,start    ] GC(4) Pause Young (Concurrent Start) (Metadata GC Threshold)
[2024-08-21T11:41:19.211+0530][gc,task     ] GC(4) Using 8 workers of 8 for evacuation
[2024-08-21T11:41:19.219+0530][gc,phases   ] GC(4)   Pre Evacuate Collection Set: 0.2ms
[2024-08-21T11:41:19.219+0530][gc,phases   ] GC(4)   Merge Heap Roots: 0.1ms
[2024-08-21T11:41:19.219+0530][gc,phases   ] GC(4)   Evacuate Collection Set: 7.1ms
[2024-08-21T11:41:19.219+0530][gc,phases   ] GC(4)   Post Evacuate Collection Set: 0.6ms
[2024-08-21T11:41:19.219+0530][gc,phases   ] GC(4)   Other: 0.3ms
[2024-08-21T11:41:19.219+0530][gc,heap     ] GC(4) Eden regions: 13->0(49)
[2024-08-21T11:41:19.219+0530][gc,heap     ] GC(4) Survivor regions: 6->2(7)
[2024-08-21T11:41:19.219+0530][gc,heap     ] GC(4) Old regions: 8->14
[2024-08-21T11:41:19.219+0530][gc,heap     ] GC(4) Archive regions: 2->2
[2024-08-21T11:41:19.219+0530][gc,heap     ] GC(4) Humongous regions: 129->129
[2024-08-21T11:41:19.219+0530][gc,metaspace] GC(4) Metaspace: 35796K(36096K)->35796K(36096K) NonClass: 31777K(31936K)->31777K(31936K) Class: 4019K(4160K)->4019K(4160K)
[2024-08-21T11:41:19.219+0530][gc          ] GC(4) Pause Young (Concurrent Start) (Metadata GC Threshold) 156M->144M(1024M) 8.278ms
[2024-08-21T11:41:19.219+0530][gc,cpu      ] GC(4) User=0.06s Sys=0.00s Real=0.01s
[2024-08-21T11:41:19.219+0530][gc          ] GC(5) Concurrent Mark Cycle
[2024-08-21T11:41:19.219+0530][gc,marking  ] GC(5) Concurrent Clear Claimed Marks
[2024-08-21T11:41:19.219+0530][gc,marking  ] GC(5) Concurrent Clear Claimed Marks 0.038ms
[2024-08-21T11:41:19.219+0530][gc,marking  ] GC(5) Concurrent Scan Root Regions
[2024-08-21T11:41:19.223+0530][gc,marking  ] GC(5) Concurrent Scan Root Regions 4.311ms
[2024-08-21T11:41:19.223+0530][gc,marking  ] GC(5) Concurrent Mark
[2024-08-21T11:41:19.224+0530][gc,marking  ] GC(5) Concurrent Mark From Roots
[2024-08-21T11:41:19.224+0530][gc,task     ] GC(5) Using 2 workers of 2 for marking
[2024-08-21T11:41:19.230+0530][gc,marking  ] GC(5) Concurrent Mark From Roots 6.413ms
[2024-08-21T11:41:19.230+0530][gc,marking  ] GC(5) Concurrent Preclean
[2024-08-21T11:41:19.230+0530][gc,marking  ] GC(5) Concurrent Preclean 0.165ms
[2024-08-21T11:41:19.230+0530][gc,start    ] GC(5) Pause Remark
[2024-08-21T11:41:19.232+0530][gc          ] GC(5) Pause Remark 145M->145M(1024M) 1.757ms
[2024-08-21T11:41:19.232+0530][gc,cpu      ] GC(5) User=0.02s Sys=0.00s Real=0.00s
[2024-08-21T11:41:19.232+0530][gc,marking  ] GC(5) Concurrent Mark 8.645ms
[2024-08-21T11:41:19.232+0530][gc,marking  ] GC(5) Concurrent Rebuild Remembered Sets
[2024-08-21T11:41:19.239+0530][gc,marking  ] GC(5) Concurrent Rebuild Remembered Sets 6.946ms
[2024-08-21T11:41:19.239+0530][gc,start    ] GC(5) Pause Cleanup
[2024-08-21T11:41:19.240+0530][gc          ] GC(5) Pause Cleanup 145M->145M(1024M) 0.197ms
[2024-08-21T11:41:19.240+0530][gc,cpu      ] GC(5) User=0.00s Sys=0.00s Real=0.00s
[2024-08-21T11:41:19.240+0530][gc,marking  ] GC(5) Concurrent Cleanup for Next Mark
[2024-08-21T11:41:19.244+0530][gc,marking  ] GC(5) Concurrent Cleanup for Next Mark 4.339ms
[2024-08-21T11:41:19.244+0530][gc          ] GC(5) Concurrent Mark Cycle 25.044ms
[2024-08-21T11:46:50.575+0530][gc,start    ] GC(6) Pause Young (Normal) (G1 Evacuation Pause)
[2024-08-21T11:46:50.575+0530][gc,task     ] GC(6) Using 8 workers of 8 for evacuation
[2024-08-21T11:46:50.579+0530][gc,phases   ] GC(6)   Pre Evacuate Collection Set: 0.2ms
[2024-08-21T11:46:50.579+0530][gc,phases   ] GC(6)   Merge Heap Roots: 0.1ms
[2024-08-21T11:46:50.579+0530][gc,phases   ] GC(6)   Evacuate Collection Set: 3.4ms
[2024-08-21T11:46:50.579+0530][gc,phases   ] GC(6)   Post Evacuate Collection Set: 0.7ms
[2024-08-21T11:46:50.579+0530][gc,phases   ] GC(6)   Other: 0.1ms
[2024-08-21T11:46:50.579+0530][gc,heap     ] GC(6) Eden regions: 49->0(48)
[2024-08-21T11:46:50.579+0530][gc,heap     ] GC(6) Survivor regions: 2->3(7)
[2024-08-21T11:46:50.579+0530][gc,heap     ] GC(6) Old regions: 14->14
[2024-08-21T11:46:50.579+0530][gc,heap     ] GC(6) Archive regions: 2->2
[2024-08-21T11:46:50.579+0530][gc,heap     ] GC(6) Humongous regions: 129->129
[2024-08-21T11:46:50.579+0530][gc,metaspace] GC(6) Metaspace: 39535K(40000K)->39535K(40000K) NonClass: 35017K(35264K)->35017K(35264K) Class: 4517K(4736K)->4517K(4736K)
[2024-08-21T11:46:50.579+0530][gc          ] GC(6) Pause Young (Normal) (G1 Evacuation Pause) 193M->145M(1024M) 4.497ms
[2024-08-21T11:46:50.579+0530][gc,cpu      ] GC(6) User=0.01s Sys=0.00s Real=0.00s
[2024-08-21T11:46:52.165+0530][gc,start    ] GC(7) Pause Young (Normal) (G1 Evacuation Pause)
[2024-08-21T11:46:52.165+0530][gc,task     ] GC(7) Using 8 workers of 8 for evacuation
[2024-08-21T11:46:52.168+0530][gc,phases   ] GC(7)   Pre Evacuate Collection Set: 0.1ms
[2024-08-21T11:46:52.168+0530][gc,phases   ] GC(7)   Merge Heap Roots: 0.0ms
[2024-08-21T11:46:52.168+0530][gc,phases   ] GC(7)   Evacuate Collection Set: 2.0ms
[2024-08-21T11:46:52.168+0530][gc,phases   ] GC(7)   Post Evacuate Collection Set: 0.3ms
[2024-08-21T11:46:52.168+0530][gc,phases   ] GC(7)   Other: 0.1ms
[2024-08-21T11:46:52.168+0530][gc,heap     ] GC(7) Eden regions: 48->0(48)
[2024-08-21T11:46:52.168+0530][gc,heap     ] GC(7) Survivor regions: 3->3(7)
[2024-08-21T11:46:52.168+0530][gc,heap     ] GC(7) Old regions: 14->14
[2024-08-21T11:46:52.168+0530][gc,heap     ] GC(7) Archive regions: 2->2
[2024-08-21T11:46:52.168+0530][gc,heap     ] GC(7) Humongous regions: 129->129
[2024-08-21T11:46:52.168+0530][gc,metaspace] GC(7) Metaspace: 39611K(40064K)->39611K(40064K) NonClass: 35093K(35328K)->35093K(35328K) Class: 4518K(4736K)->4518K(4736K)
[2024-08-21T11:46:52.168+0530][gc          ] GC(7) Pause Young (Normal) (G1 Evacuation Pause) 193M->145M(1024M) 2.623ms
[2024-08-21T11:46:52.168+0530][gc,cpu      ] GC(7) User=0.01s Sys=0.00s Real=0.00s
[2024-08-21T11:46:53.688+0530][gc,start    ] GC(8) Pause Young (Normal) (G1 Evacuation Pause)
[2024-08-21T11:46:53.688+0530][gc,task     ] GC(8) Using 8 workers of 8 for evacuation
[2024-08-21T11:46:53.692+0530][gc,phases   ] GC(8)   Pre Evacuate Collection Set: 0.2ms
[2024-08-21T11:46:53.692+0530][gc,phases   ] GC(8)   Merge Heap Roots: 0.0ms
[2024-08-21T11:46:53.692+0530][gc,phases   ] GC(8)   Evacuate Collection Set: 2.4ms
[2024-08-21T11:46:53.692+0530][gc,phases   ] GC(8)   Post Evacuate Collection Set: 0.4ms
[2024-08-21T11:46:53.692+0530][gc,phases   ] GC(8)   Other: 0.1ms
[2024-08-21T11:46:53.692+0530][gc,heap     ] GC(8) Eden regions: 48->0(67)
[2024-08-21T11:46:53.692+0530][gc,heap     ] GC(8) Survivor regions: 3->3(7)
[2024-08-21T11:46:53.692+0530][gc,heap     ] GC(8) Old regions: 14->14
[2024-08-21T11:46:53.692+0530][gc,heap     ] GC(8) Archive regions: 2->2
[2024-08-21T11:46:53.692+0530][gc,heap     ] GC(8) Humongous regions: 129->129
[2024-08-21T11:46:53.692+0530][gc,metaspace] GC(8) Metaspace: 39612K(40064K)->39612K(40064K) NonClass: 35093K(35328K)->35093K(35328K) Class: 4519K(4736K)->4519K(4736K)
[2024-08-21T11:46:53.692+0530][gc          ] GC(8) Pause Young (Normal) (G1 Evacuation Pause) 193M->145M(1024M) 3.325ms
[2024-08-21T11:46:53.692+0530][gc,cpu      ] GC(8) User=0.01s Sys=0.00s Real=0.00s
[2024-08-21T11:46:55.578+0530][gc,start    ] GC(9) Pause Young (Normal) (G1 Evacuation Pause)
[2024-08-21T11:46:55.578+0530][gc,task     ] GC(9) Using 8 workers of 8 for evacuation
[2024-08-21T11:46:55.581+0530][gc,phases   ] GC(9)   Pre Evacuate Collection Set: 0.1ms
[2024-08-21T11:46:55.581+0530][gc,phases   ] GC(9)   Merge Heap Roots: 0.0ms
[2024-08-21T11:46:55.581+0530][gc,phases   ] GC(9)   Evacuate Collection Set: 1.9ms
[2024-08-21T11:46:55.581+0530][gc,phases   ] GC(9)   Post Evacuate Collection Set: 0.5ms
[2024-08-21T11:46:55.581+0530][gc,phases   ] GC(9)   Other: 0.1ms
[2024-08-21T11:46:55.581+0530][gc,heap     ] GC(9) Eden regions: 67->0(300)
[2024-08-21T11:46:55.581+0530][gc,heap     ] GC(9) Survivor regions: 3->3(9)
[2024-08-21T11:46:55.581+0530][gc,heap     ] GC(9) Old regions: 14->14
[2024-08-21T11:46:55.581+0530][gc,heap     ] GC(9) Archive regions: 2->2
[2024-08-21T11:46:55.581+0530][gc,heap     ] GC(9) Humongous regions: 129->129
[2024-08-21T11:46:55.581+0530][gc,metaspace] GC(9) Metaspace: 39612K(40064K)->39612K(40064K) NonClass: 35093K(35328K)->35093K(35328K) Class: 4519K(4736K)->4519K(4736K)
[2024-08-21T11:46:55.581+0530][gc          ] GC(9) Pause Young (Normal) (G1 Evacuation Pause) 212M->145M(1024M) 2.744ms
[2024-08-21T11:46:55.581+0530][gc,cpu      ] GC(9) User=0.01s Sys=0.00s Real=0.00s
[2024-08-21T11:47:05.698+0530][gc,start    ] GC(10) Pause Young (Normal) (G1 Evacuation Pause)
[2024-08-21T11:47:05.698+0530][gc,task     ] GC(10) Using 8 workers of 8 for evacuation
[2024-08-21T11:47:05.701+0530][gc,phases   ] GC(10)   Pre Evacuate Collection Set: 0.1ms
[2024-08-21T11:47:05.701+0530][gc,phases   ] GC(10)   Merge Heap Roots: 0.1ms
[2024-08-21T11:47:05.701+0530][gc,phases   ] GC(10)   Evacuate Collection Set: 2.8ms
[2024-08-21T11:47:05.701+0530][gc,phases   ] GC(10)   Post Evacuate Collection Set: 0.4ms
[2024-08-21T11:47:05.701+0530][gc,phases   ] GC(10)   Other: 0.2ms
[2024-08-21T11:47:05.701+0530][gc,heap     ] GC(10) Eden regions: 300->0(611)
[2024-08-21T11:47:05.701+0530][gc,heap     ] GC(10) Survivor regions: 3->3(38)
[2024-08-21T11:47:05.701+0530][gc,heap     ] GC(10) Old regions: 14->14
[2024-08-21T11:47:05.701+0530][gc,heap     ] GC(10) Archive regions: 2->2
[2024-08-21T11:47:05.701+0530][gc,heap     ] GC(10) Humongous regions: 129->129
[2024-08-21T11:47:05.701+0530][gc,metaspace] GC(10) Metaspace: 39615K(40064K)->39615K(40064K) NonClass: 35095K(35328K)->35095K(35328K) Class: 4520K(4736K)->4520K(4736K)
[2024-08-21T11:47:05.701+0530][gc          ] GC(10) Pause Young (Normal) (G1 Evacuation Pause) 445M->145M(1024M) 3.732ms
[2024-08-21T11:47:05.701+0530][gc,cpu      ] GC(10) User=0.01s Sys=0.01s Real=0.00s
[2024-08-21T11:47:30.384+0530][gc,start    ] GC(11) Pause Young (Normal) (G1 Evacuation Pause)
[2024-08-21T11:47:30.384+0530][gc,task     ] GC(11) Using 8 workers of 8 for evacuation
[2024-08-21T11:47:30.387+0530][gc,phases   ] GC(11)   Pre Evacuate Collection Set: 0.1ms
[2024-08-21T11:47:30.387+0530][gc,phases   ] GC(11)   Merge Heap Roots: 0.2ms
[2024-08-21T11:47:30.387+0530][gc,phases   ] GC(11)   Evacuate Collection Set: 2.1ms
[2024-08-21T11:47:30.387+0530][gc,phases   ] GC(11)   Post Evacuate Collection Set: 0.7ms
[2024-08-21T11:47:30.387+0530][gc,phases   ] GC(11)   Other: 0.2ms
[2024-08-21T11:47:30.387+0530][gc,heap     ] GC(11) Eden regions: 611->0(611)
[2024-08-21T11:47:30.387+0530][gc,heap     ] GC(11) Survivor regions: 3->3(77)
[2024-08-21T11:47:30.387+0530][gc,heap     ] GC(11) Old regions: 14->14
[2024-08-21T11:47:30.387+0530][gc,heap     ] GC(11) Archive regions: 2->2
[2024-08-21T11:47:30.387+0530][gc,heap     ] GC(11) Humongous regions: 129->129
[2024-08-21T11:47:30.387+0530][gc,metaspace] GC(11) Metaspace: 39620K(40064K)->39620K(40064K) NonClass: 35100K(35328K)->35100K(35328K) Class: 4520K(4736K)->4520K(4736K)
[2024-08-21T11:47:30.387+0530][gc          ] GC(11) Pause Young (Normal) (G1 Evacuation Pause) 756M->145M(1024M) 3.364ms
[2024-08-21T11:47:30.387+0530][gc,cpu      ] GC(11) User=0.01s Sys=0.00s Real=0.00s
[2024-08-21T11:47:55.150+0530][gc,start    ] GC(12) Pause Young (Normal) (G1 Evacuation Pause)
[2024-08-21T11:47:55.150+0530][gc,task     ] GC(12) Using 8 workers of 8 for evacuation
[2024-08-21T11:47:55.153+0530][gc,phases   ] GC(12)   Pre Evacuate Collection Set: 0.1ms
[2024-08-21T11:47:55.153+0530][gc,phases   ] GC(12)   Merge Heap Roots: 0.1ms
[2024-08-21T11:47:55.153+0530][gc,phases   ] GC(12)   Evacuate Collection Set: 2.2ms
[2024-08-21T11:47:55.153+0530][gc,phases   ] GC(12)   Post Evacuate Collection Set: 0.6ms
[2024-08-21T11:47:55.153+0530][gc,phases   ] GC(12)   Other: 0.2ms
[2024-08-21T11:47:55.153+0530][gc,heap     ] GC(12) Eden regions: 611->0(611)
[2024-08-21T11:47:55.153+0530][gc,heap     ] GC(12) Survivor regions: 3->3(77)
[2024-08-21T11:47:55.153+0530][gc,heap     ] GC(12) Old regions: 14->14
[2024-08-21T11:47:55.153+0530][gc,heap     ] GC(12) Archive regions: 2->2
[2024-08-21T11:47:55.153+0530][gc,heap     ] GC(12) Humongous regions: 129->129
[2024-08-21T11:47:55.153+0530][gc,metaspace] GC(12) Metaspace: 39635K(40064K)->39635K(40064K) NonClass: 35114K(35328K)->35114K(35328K) Class: 4520K(4736K)->4520K(4736K)
[2024-08-21T11:47:55.153+0530][gc          ] GC(12) Pause Young (Normal) (G1 Evacuation Pause) 756M->145M(1024M) 3.378ms
[2024-08-21T11:47:55.153+0530][gc,cpu      ] GC(12) User=0.01s Sys=0.00s Real=0.00s
[2024-08-21T13:33:01.465+0530][gc,heap,exit] Heap
[2024-08-21T13:33:01.465+0530][gc,heap,exit]  garbage-first heap   total 1048576K, used 709256K [0x00000000c0000000, 0x0000000100000000)
[2024-08-21T13:33:01.465+0530][gc,heap,exit]   region size 1024K, 550 young (563200K), 3 survivors (3072K)
[2024-08-21T13:33:01.465+0530][gc,heap,exit]  Metaspace       used 43081K, committed 43584K, reserved 1114112K
[2024-08-21T13:33:01.465+0530][gc,heap,exit]   class space    used 4944K, committed 5184K, reserved 1048576K
