[2024-08-21T11:27:48.354+0530][gc] Using G1
[2024-08-21T11:27:48.359+0530][gc,init] Version: 17.0.12+7-Ubuntu-1ubuntu220.04 (release)
[2024-08-21T11:27:48.359+0530][gc,init] CPUs: 8 total, 8 available
[2024-08-21T11:27:48.359+0530][gc,init] Memory: 15820M
[2024-08-21T11:27:48.359+0530][gc,init] Large Page Support: Disabled
[2024-08-21T11:27:48.359+0530][gc,init] NUMA Support: Disabled
[2024-08-21T11:27:48.359+0530][gc,init] Compressed Oops: Enabled (32-bit)
[2024-08-21T11:27:48.359+0530][gc,init] Heap Region Size: 1M
[2024-08-21T11:27:48.359+0530][gc,init] Heap Min Capacity: 1G
[2024-08-21T11:27:48.359+0530][gc,init] Heap Initial Capacity: 1G
[2024-08-21T11:27:48.359+0530][gc,init] Heap Max Capacity: 1G
[2024-08-21T11:27:48.359+0530][gc,init] Pre-touch: Disabled
[2024-08-21T11:27:48.359+0530][gc,init] Parallel Workers: 8
[2024-08-21T11:27:48.359+0530][gc,init] Concurrent Workers: 2
[2024-08-21T11:27:48.359+0530][gc,init] Concurrent Refinement Workers: 8
[2024-08-21T11:27:48.359+0530][gc,init] Periodic GC: Disabled
[2024-08-21T11:27:48.366+0530][gc,metaspace] CDS archive(s) mapped at: [0x00007f32e7000000-0x00007f32e7bc4000-0x00007f32e7bc4000), size 12337152, SharedBaseAddress: 0x00007f32e7000000, ArchiveRelocationMode: 1.
[2024-08-21T11:27:48.366+0530][gc,metaspace] Compressed class space mapped at: 0x00007f32e8000000-0x00007f3328000000, reserved size: 1073741824
[2024-08-21T11:27:48.366+0530][gc,metaspace] Narrow klass base: 0x00007f32e7000000, Narrow klass shift: 0, Narrow klass range: 0x100000000
[2024-08-21T11:27:49.259+0530][gc,start    ] GC(0) Pause Young (Normal) (G1 Evacuation Pause)
[2024-08-21T11:27:49.260+0530][gc,task     ] GC(0) Using 8 workers of 8 for evacuation
[2024-08-21T11:27:49.265+0530][gc,phases   ] GC(0)   Pre Evacuate Collection Set: 0.2ms
[2024-08-21T11:27:49.265+0530][gc,phases   ] GC(0)   Merge Heap Roots: 0.0ms
[2024-08-21T11:27:49.265+0530][gc,phases   ] GC(0)   Evacuate Collection Set: 4.6ms
[2024-08-21T11:27:49.265+0530][gc,phases   ] GC(0)   Post Evacuate Collection Set: 0.5ms
[2024-08-21T11:27:49.265+0530][gc,phases   ] GC(0)   Other: 1.0ms
[2024-08-21T11:27:49.265+0530][gc,heap     ] GC(0) Eden regions: 51->0(44)
[2024-08-21T11:27:49.265+0530][gc,heap     ] GC(0) Survivor regions: 0->7(7)
[2024-08-21T11:27:49.265+0530][gc,heap     ] GC(0) Old regions: 0->1
[2024-08-21T11:27:49.265+0530][gc,heap     ] GC(0) Archive regions: 2->2
[2024-08-21T11:27:49.265+0530][gc,heap     ] GC(0) Humongous regions: 0->0
[2024-08-21T11:27:49.265+0530][gc,metaspace] GC(0) Metaspace: 18430K(18688K)->18430K(18688K) NonClass: 16237K(16384K)->16237K(16384K) Class: 2193K(2304K)->2193K(2304K)
[2024-08-21T11:27:49.265+0530][gc          ] GC(0) Pause Young (Normal) (G1 Evacuation Pause) 51M->8M(1024M) 6.374ms
[2024-08-21T11:27:49.265+0530][gc,cpu      ] GC(0) User=0.03s Sys=0.00s Real=0.01s
[2024-08-21T11:27:49.435+0530][gc,start    ] GC(1) Pause Young (Concurrent Start) (Metadata GC Threshold)
[2024-08-21T11:27:49.435+0530][gc,task     ] GC(1) Using 8 workers of 8 for evacuation
[2024-08-21T11:27:49.438+0530][gc,phases   ] GC(1)   Pre Evacuate Collection Set: 0.1ms
[2024-08-21T11:27:49.438+0530][gc,phases   ] GC(1)   Merge Heap Roots: 0.0ms
[2024-08-21T11:27:49.438+0530][gc,phases   ] GC(1)   Evacuate Collection Set: 2.5ms
[2024-08-21T11:27:49.438+0530][gc,phases   ] GC(1)   Post Evacuate Collection Set: 0.4ms
[2024-08-21T11:27:49.438+0530][gc,phases   ] GC(1)   Other: 0.1ms
[2024-08-21T11:27:49.438+0530][gc,heap     ] GC(1) Eden regions: 12->0(50)
[2024-08-21T11:27:49.438+0530][gc,heap     ] GC(1) Survivor regions: 7->1(7)
[2024-08-21T11:27:49.438+0530][gc,heap     ] GC(1) Old regions: 1->8
[2024-08-21T11:27:49.438+0530][gc,heap     ] GC(1) Archive regions: 2->2
[2024-08-21T11:27:49.438+0530][gc,heap     ] GC(1) Humongous regions: 0->0
[2024-08-21T11:27:49.438+0530][gc,metaspace] GC(1) Metaspace: 21263K(21504K)->21263K(21504K) NonClass: 18705K(18816K)->18705K(18816K) Class: 2558K(2688K)->2558K(2688K)
[2024-08-21T11:27:49.438+0530][gc          ] GC(1) Pause Young (Concurrent Start) (Metadata GC Threshold) 20M->9M(1024M) 3.248ms
[2024-08-21T11:27:49.438+0530][gc,cpu      ] GC(1) User=0.02s Sys=0.00s Real=0.00s
[2024-08-21T11:27:49.438+0530][gc          ] GC(2) Concurrent Mark Cycle
[2024-08-21T11:27:49.438+0530][gc,marking  ] GC(2) Concurrent Clear Claimed Marks
[2024-08-21T11:27:49.438+0530][gc,marking  ] GC(2) Concurrent Clear Claimed Marks 0.017ms
[2024-08-21T11:27:49.438+0530][gc,marking  ] GC(2) Concurrent Scan Root Regions
[2024-08-21T11:27:49.440+0530][gc,marking  ] GC(2) Concurrent Scan Root Regions 1.689ms
[2024-08-21T11:27:49.440+0530][gc,marking  ] GC(2) Concurrent Mark
[2024-08-21T11:27:49.440+0530][gc,marking  ] GC(2) Concurrent Mark From Roots
[2024-08-21T11:27:49.440+0530][gc,task     ] GC(2) Using 2 workers of 2 for marking
[2024-08-21T11:27:49.441+0530][gc,marking  ] GC(2) Concurrent Mark From Roots 1.337ms
[2024-08-21T11:27:49.441+0530][gc,marking  ] GC(2) Concurrent Preclean
[2024-08-21T11:27:49.441+0530][gc,marking  ] GC(2) Concurrent Preclean 0.049ms
[2024-08-21T11:27:49.441+0530][gc,start    ] GC(2) Pause Remark
[2024-08-21T11:27:49.443+0530][gc          ] GC(2) Pause Remark 10M->10M(1024M) 1.358ms
[2024-08-21T11:27:49.443+0530][gc,cpu      ] GC(2) User=0.00s Sys=0.00s Real=0.01s
[2024-08-21T11:27:49.443+0530][gc,marking  ] GC(2) Concurrent Mark 3.065ms
[2024-08-21T11:27:49.443+0530][gc,marking  ] GC(2) Concurrent Rebuild Remembered Sets
[2024-08-21T11:27:49.445+0530][gc,marking  ] GC(2) Concurrent Rebuild Remembered Sets 2.498ms
[2024-08-21T11:27:49.486+0530][gc,start    ] GC(2) Pause Cleanup
[2024-08-21T11:27:49.486+0530][gc          ] GC(2) Pause Cleanup 139M->139M(1024M) 0.212ms
[2024-08-21T11:27:49.486+0530][gc,cpu      ] GC(2) User=0.00s Sys=0.00s Real=0.00s
[2024-08-21T11:27:49.486+0530][gc,marking  ] GC(2) Concurrent Cleanup for Next Mark
[2024-08-21T11:27:49.489+0530][gc,marking  ] GC(2) Concurrent Cleanup for Next Mark 2.778ms
[2024-08-21T11:27:49.489+0530][gc          ] GC(2) Concurrent Mark Cycle 50.992ms
[2024-08-21T11:27:50.105+0530][gc,start    ] GC(3) Pause Young (Normal) (G1 Evacuation Pause)
[2024-08-21T11:27:50.105+0530][gc,task     ] GC(3) Using 8 workers of 8 for evacuation
[2024-08-21T11:27:50.110+0530][gc,phases   ] GC(3)   Pre Evacuate Collection Set: 0.1ms
[2024-08-21T11:27:50.110+0530][gc,phases   ] GC(3)   Merge Heap Roots: 0.1ms
[2024-08-21T11:27:50.110+0530][gc,phases   ] GC(3)   Evacuate Collection Set: 4.3ms
[2024-08-21T11:27:50.110+0530][gc,phases   ] GC(3)   Post Evacuate Collection Set: 0.8ms
[2024-08-21T11:27:50.110+0530][gc,phases   ] GC(3)   Other: 0.1ms
[2024-08-21T11:27:50.110+0530][gc,heap     ] GC(3) Eden regions: 50->0(45)
[2024-08-21T11:27:50.110+0530][gc,heap     ] GC(3) Survivor regions: 1->6(7)
[2024-08-21T11:27:50.110+0530][gc,heap     ] GC(3) Old regions: 8->8
[2024-08-21T11:27:50.110+0530][gc,heap     ] GC(3) Archive regions: 2->2
[2024-08-21T11:27:50.110+0530][gc,heap     ] GC(3) Humongous regions: 129->129
[2024-08-21T11:27:50.110+0530][gc,metaspace] GC(3) Metaspace: 32863K(33152K)->32863K(33152K) NonClass: 29206K(29376K)->29206K(29376K) Class: 3656K(3776K)->3656K(3776K)
[2024-08-21T11:27:50.110+0530][gc          ] GC(3) Pause Young (Normal) (G1 Evacuation Pause) 188M->143M(1024M) 5.516ms
[2024-08-21T11:27:50.110+0530][gc,cpu      ] GC(3) User=0.03s Sys=0.00s Real=0.00s
[2024-08-21T11:27:50.324+0530][gc,start    ] GC(4) Pause Young (Concurrent Start) (Metadata GC Threshold)
[2024-08-21T11:27:50.324+0530][gc,task     ] GC(4) Using 8 workers of 8 for evacuation
[2024-08-21T11:27:50.331+0530][gc,phases   ] GC(4)   Pre Evacuate Collection Set: 0.2ms
[2024-08-21T11:27:50.331+0530][gc,phases   ] GC(4)   Merge Heap Roots: 0.1ms
[2024-08-21T11:27:50.331+0530][gc,phases   ] GC(4)   Evacuate Collection Set: 6.2ms
[2024-08-21T11:27:50.331+0530][gc,phases   ] GC(4)   Post Evacuate Collection Set: 0.4ms
[2024-08-21T11:27:50.331+0530][gc,phases   ] GC(4)   Other: 0.2ms
[2024-08-21T11:27:50.331+0530][gc,heap     ] GC(4) Eden regions: 14->0(49)
[2024-08-21T11:27:50.331+0530][gc,heap     ] GC(4) Survivor regions: 6->2(7)
[2024-08-21T11:27:50.331+0530][gc,heap     ] GC(4) Old regions: 8->14
[2024-08-21T11:27:50.331+0530][gc,heap     ] GC(4) Archive regions: 2->2
[2024-08-21T11:27:50.331+0530][gc,heap     ] GC(4) Humongous regions: 129->129
[2024-08-21T11:27:50.331+0530][gc,metaspace] GC(4) Metaspace: 35763K(36096K)->35763K(36096K) NonClass: 31642K(31808K)->31642K(31808K) Class: 4120K(4288K)->4120K(4288K)
[2024-08-21T11:27:50.331+0530][gc          ] GC(4) Pause Young (Concurrent Start) (Metadata GC Threshold) 156M->144M(1024M) 7.204ms
[2024-08-21T11:27:50.331+0530][gc,cpu      ] GC(4) User=0.04s Sys=0.00s Real=0.00s
[2024-08-21T11:27:50.331+0530][gc          ] GC(5) Concurrent Mark Cycle
[2024-08-21T11:27:50.331+0530][gc,marking  ] GC(5) Concurrent Clear Claimed Marks
[2024-08-21T11:27:50.331+0530][gc,marking  ] GC(5) Concurrent Clear Claimed Marks 0.030ms
[2024-08-21T11:27:50.331+0530][gc,marking  ] GC(5) Concurrent Scan Root Regions
[2024-08-21T11:27:50.334+0530][gc,marking  ] GC(5) Concurrent Scan Root Regions 2.723ms
[2024-08-21T11:27:50.334+0530][gc,marking  ] GC(5) Concurrent Mark
[2024-08-21T11:27:50.334+0530][gc,marking  ] GC(5) Concurrent Mark From Roots
[2024-08-21T11:27:50.334+0530][gc,task     ] GC(5) Using 2 workers of 2 for marking
[2024-08-21T11:27:50.341+0530][gc,marking  ] GC(5) Concurrent Mark From Roots 7.074ms
[2024-08-21T11:27:50.341+0530][gc,marking  ] GC(5) Concurrent Preclean
[2024-08-21T11:27:50.341+0530][gc,marking  ] GC(5) Concurrent Preclean 0.151ms
[2024-08-21T11:27:50.341+0530][gc,start    ] GC(5) Pause Remark
[2024-08-21T11:27:50.343+0530][gc          ] GC(5) Pause Remark 145M->145M(1024M) 2.197ms
[2024-08-21T11:27:50.344+0530][gc,cpu      ] GC(5) User=0.01s Sys=0.00s Real=0.01s
[2024-08-21T11:27:50.344+0530][gc,marking  ] GC(5) Concurrent Mark 10.038ms
[2024-08-21T11:27:50.344+0530][gc,marking  ] GC(5) Concurrent Rebuild Remembered Sets
[2024-08-21T11:27:50.350+0530][gc,marking  ] GC(5) Concurrent Rebuild Remembered Sets 6.084ms
[2024-08-21T11:27:50.350+0530][gc,start    ] GC(5) Pause Cleanup
[2024-08-21T11:27:50.350+0530][gc          ] GC(5) Pause Cleanup 145M->145M(1024M) 0.180ms
[2024-08-21T11:27:50.350+0530][gc,cpu      ] GC(5) User=0.00s Sys=0.00s Real=0.00s
[2024-08-21T11:27:50.350+0530][gc,marking  ] GC(5) Concurrent Cleanup for Next Mark
[2024-08-21T11:27:50.354+0530][gc,marking  ] GC(5) Concurrent Cleanup for Next Mark 4.244ms
[2024-08-21T11:27:50.354+0530][gc          ] GC(5) Concurrent Mark Cycle 23.717ms
[2024-08-21T11:39:10.810+0530][gc,heap,exit] Heap
[2024-08-21T11:39:10.811+0530][gc,heap,exit]  garbage-first heap   total 1048576K, used 181328K [0x00000000c0000000, 0x0000000100000000)
[2024-08-21T11:39:10.811+0530][gc,heap,exit]   region size 1024K, 35 young (35840K), 2 survivors (2048K)
[2024-08-21T11:39:10.811+0530][gc,heap,exit]  Metaspace       used 39431K, committed 39872K, reserved 1114112K
[2024-08-21T11:39:10.811+0530][gc,heap,exit]   class space    used 4793K, committed 4992K, reserved 1048576K
