[2024-08-23T09:58:09.866+0530][gc] Using G1
[2024-08-23T09:58:09.877+0530][gc,init] Version: 17.0.12+7-Ubuntu-1ubuntu220.04 (release)
[2024-08-23T09:58:09.877+0530][gc,init] CPUs: 8 total, 8 available
[2024-08-23T09:58:09.877+0530][gc,init] Memory: 15796M
[2024-08-23T09:58:09.877+0530][gc,init] Large Page Support: Disabled
[2024-08-23T09:58:09.878+0530][gc,init] NUMA Support: Disabled
[2024-08-23T09:58:09.878+0530][gc,init] Compressed Oops: Enabled (32-bit)
[2024-08-23T09:58:09.878+0530][gc,init] Heap Region Size: 1M
[2024-08-23T09:58:09.878+0530][gc,init] Heap Min Capacity: 1G
[2024-08-23T09:58:09.878+0530][gc,init] Heap Initial Capacity: 1G
[2024-08-23T09:58:09.878+0530][gc,init] Heap Max Capacity: 1G
[2024-08-23T09:58:09.878+0530][gc,init] Pre-touch: Disabled
[2024-08-23T09:58:09.878+0530][gc,init] Parallel Workers: 8
[2024-08-23T09:58:09.878+0530][gc,init] Concurrent Workers: 2
[2024-08-23T09:58:09.878+0530][gc,init] Concurrent Refinement Workers: 8
[2024-08-23T09:58:09.878+0530][gc,init] Periodic GC: Disabled
[2024-08-23T09:58:09.889+0530][gc,metaspace] CDS archive(s) mapped at: [0x00007fca7f000000-0x00007fca7fbc4000-0x00007fca7fbc4000), size 12337152, SharedBaseAddress: 0x00007fca7f000000, ArchiveRelocationMode: 1.
[2024-08-23T09:58:09.889+0530][gc,metaspace] Compressed class space mapped at: 0x00007fca80000000-0x00007fcac0000000, reserved size: 1073741824
[2024-08-23T09:58:09.889+0530][gc,metaspace] Narrow klass base: 0x00007fca7f000000, Narrow klass shift: 0, Narrow klass range: 0x100000000
[2024-08-23T09:58:10.562+0530][gc,start    ] GC(0) Pause Young (Normal) (G1 Evacuation Pause)
[2024-08-23T09:58:10.563+0530][gc,task     ] GC(0) Using 8 workers of 8 for evacuation
[2024-08-23T09:58:10.567+0530][gc,phases   ] GC(0)   Pre Evacuate Collection Set: 0.1ms
[2024-08-23T09:58:10.567+0530][gc,phases   ] GC(0)   Merge Heap Roots: 0.0ms
[2024-08-23T09:58:10.567+0530][gc,phases   ] GC(0)   Evacuate Collection Set: 3.4ms
[2024-08-23T09:58:10.567+0530][gc,phases   ] GC(0)   Post Evacuate Collection Set: 0.4ms
[2024-08-23T09:58:10.567+0530][gc,phases   ] GC(0)   Other: 0.8ms
[2024-08-23T09:58:10.567+0530][gc,heap     ] GC(0) Eden regions: 51->0(44)
[2024-08-23T09:58:10.567+0530][gc,heap     ] GC(0) Survivor regions: 0->7(7)
[2024-08-23T09:58:10.567+0530][gc,heap     ] GC(0) Old regions: 0->1
[2024-08-23T09:58:10.567+0530][gc,heap     ] GC(0) Archive regions: 2->2
[2024-08-23T09:58:10.567+0530][gc,heap     ] GC(0) Humongous regions: 0->0
[2024-08-23T09:58:10.567+0530][gc,metaspace] GC(0) Metaspace: 18434K(18688K)->18434K(18688K) NonClass: 16241K(16384K)->16241K(16384K) Class: 2193K(2304K)->2193K(2304K)
[2024-08-23T09:58:10.567+0530][gc          ] GC(0) Pause Young (Normal) (G1 Evacuation Pause) 51M->8M(1024M) 4.839ms
[2024-08-23T09:58:10.567+0530][gc,cpu      ] GC(0) User=0.01s Sys=0.02s Real=0.00s
[2024-08-23T09:58:10.698+0530][gc,start    ] GC(1) Pause Young (Concurrent Start) (Metadata GC Threshold)
[2024-08-23T09:58:10.698+0530][gc,task     ] GC(1) Using 8 workers of 8 for evacuation
[2024-08-23T09:58:10.701+0530][gc,phases   ] GC(1)   Pre Evacuate Collection Set: 0.1ms
[2024-08-23T09:58:10.701+0530][gc,phases   ] GC(1)   Merge Heap Roots: 0.0ms
[2024-08-23T09:58:10.701+0530][gc,phases   ] GC(1)   Evacuate Collection Set: 2.4ms
[2024-08-23T09:58:10.701+0530][gc,phases   ] GC(1)   Post Evacuate Collection Set: 0.4ms
[2024-08-23T09:58:10.701+0530][gc,phases   ] GC(1)   Other: 0.2ms
[2024-08-23T09:58:10.701+0530][gc,heap     ] GC(1) Eden regions: 11->0(50)
[2024-08-23T09:58:10.701+0530][gc,heap     ] GC(1) Survivor regions: 7->1(7)
[2024-08-23T09:58:10.701+0530][gc,heap     ] GC(1) Old regions: 1->8
[2024-08-23T09:58:10.701+0530][gc,heap     ] GC(1) Archive regions: 2->2
[2024-08-23T09:58:10.701+0530][gc,heap     ] GC(1) Humongous regions: 0->0
[2024-08-23T09:58:10.701+0530][gc,metaspace] GC(1) Metaspace: 21340K(21504K)->21340K(21504K) NonClass: 18778K(18880K)->18778K(18880K) Class: 2562K(2624K)->2562K(2624K)
[2024-08-23T09:58:10.701+0530][gc          ] GC(1) Pause Young (Concurrent Start) (Metadata GC Threshold) 19M->9M(1024M) 3.164ms
[2024-08-23T09:58:10.701+0530][gc,cpu      ] GC(1) User=0.02s Sys=0.00s Real=0.00s
[2024-08-23T09:58:10.701+0530][gc          ] GC(2) Concurrent Mark Cycle
[2024-08-23T09:58:10.701+0530][gc,marking  ] GC(2) Concurrent Clear Claimed Marks
[2024-08-23T09:58:10.701+0530][gc,marking  ] GC(2) Concurrent Clear Claimed Marks 0.016ms
[2024-08-23T09:58:10.701+0530][gc,marking  ] GC(2) Concurrent Scan Root Regions
[2024-08-23T09:58:10.703+0530][gc,marking  ] GC(2) Concurrent Scan Root Regions 1.656ms
[2024-08-23T09:58:10.703+0530][gc,marking  ] GC(2) Concurrent Mark
[2024-08-23T09:58:10.703+0530][gc,marking  ] GC(2) Concurrent Mark From Roots
[2024-08-23T09:58:10.703+0530][gc,task     ] GC(2) Using 2 workers of 2 for marking
[2024-08-23T09:58:10.704+0530][gc,marking  ] GC(2) Concurrent Mark From Roots 1.457ms
[2024-08-23T09:58:10.704+0530][gc,marking  ] GC(2) Concurrent Preclean
[2024-08-23T09:58:10.704+0530][gc,marking  ] GC(2) Concurrent Preclean 0.039ms
[2024-08-23T09:58:10.704+0530][gc,start    ] GC(2) Pause Remark
[2024-08-23T09:58:10.705+0530][gc          ] GC(2) Pause Remark 9M->9M(1024M) 1.030ms
[2024-08-23T09:58:10.705+0530][gc,cpu      ] GC(2) User=0.00s Sys=0.00s Real=0.00s
[2024-08-23T09:58:10.705+0530][gc,marking  ] GC(2) Concurrent Mark 2.693ms
[2024-08-23T09:58:10.705+0530][gc,marking  ] GC(2) Concurrent Rebuild Remembered Sets
[2024-08-23T09:58:10.707+0530][gc,marking  ] GC(2) Concurrent Rebuild Remembered Sets 1.673ms
[2024-08-23T09:58:10.707+0530][gc,start    ] GC(2) Pause Cleanup
[2024-08-23T09:58:10.707+0530][gc          ] GC(2) Pause Cleanup 9M->9M(1024M) 0.082ms
[2024-08-23T09:58:10.707+0530][gc,cpu      ] GC(2) User=0.00s Sys=0.00s Real=0.00s
[2024-08-23T09:58:10.707+0530][gc,marking  ] GC(2) Concurrent Cleanup for Next Mark
[2024-08-23T09:58:10.710+0530][gc,marking  ] GC(2) Concurrent Cleanup for Next Mark 2.698ms
[2024-08-23T09:58:10.710+0530][gc          ] GC(2) Concurrent Mark Cycle 9.052ms
[2024-08-23T09:58:11.200+0530][gc,start    ] GC(3) Pause Young (Normal) (G1 Evacuation Pause)
[2024-08-23T09:58:11.200+0530][gc,task     ] GC(3) Using 8 workers of 8 for evacuation
[2024-08-23T09:58:11.203+0530][gc,phases   ] GC(3)   Pre Evacuate Collection Set: 0.1ms
[2024-08-23T09:58:11.203+0530][gc,phases   ] GC(3)   Merge Heap Roots: 0.0ms
[2024-08-23T09:58:11.203+0530][gc,phases   ] GC(3)   Evacuate Collection Set: 2.5ms
[2024-08-23T09:58:11.203+0530][gc,phases   ] GC(3)   Post Evacuate Collection Set: 0.3ms
[2024-08-23T09:58:11.203+0530][gc,phases   ] GC(3)   Other: 0.1ms
[2024-08-23T09:58:11.203+0530][gc,heap     ] GC(3) Eden regions: 50->0(45)
[2024-08-23T09:58:11.203+0530][gc,heap     ] GC(3) Survivor regions: 1->6(7)
[2024-08-23T09:58:11.203+0530][gc,heap     ] GC(3) Old regions: 8->8
[2024-08-23T09:58:11.203+0530][gc,heap     ] GC(3) Archive regions: 2->2
[2024-08-23T09:58:11.203+0530][gc,heap     ] GC(3) Humongous regions: 129->129
[2024-08-23T09:58:11.203+0530][gc,metaspace] GC(3) Metaspace: 32837K(33152K)->32837K(33152K) NonClass: 29152K(29312K)->29152K(29312K) Class: 3685K(3840K)->3685K(3840K)
[2024-08-23T09:58:11.203+0530][gc          ] GC(3) Pause Young (Normal) (G1 Evacuation Pause) 188M->143M(1024M) 3.190ms
[2024-08-23T09:58:11.203+0530][gc,cpu      ] GC(3) User=0.02s Sys=0.00s Real=0.01s
[2024-08-23T09:58:11.444+0530][gc,start    ] GC(4) Pause Young (Concurrent Start) (GCLocker Initiated GC)
[2024-08-23T09:58:11.444+0530][gc,task     ] GC(4) Using 8 workers of 8 for evacuation
[2024-08-23T09:58:11.448+0530][gc,phases   ] GC(4)   Pre Evacuate Collection Set: 0.1ms
[2024-08-23T09:58:11.448+0530][gc,phases   ] GC(4)   Merge Heap Roots: 0.0ms
[2024-08-23T09:58:11.448+0530][gc,phases   ] GC(4)   Evacuate Collection Set: 3.4ms
[2024-08-23T09:58:11.448+0530][gc,phases   ] GC(4)   Post Evacuate Collection Set: 0.4ms
[2024-08-23T09:58:11.448+0530][gc,phases   ] GC(4)   Other: 0.2ms
[2024-08-23T09:58:11.448+0530][gc,heap     ] GC(4) Eden regions: 14->0(49)
[2024-08-23T09:58:11.448+0530][gc,heap     ] GC(4) Survivor regions: 6->2(7)
[2024-08-23T09:58:11.448+0530][gc,heap     ] GC(4) Old regions: 8->14
[2024-08-23T09:58:11.448+0530][gc,heap     ] GC(4) Archive regions: 2->2
[2024-08-23T09:58:11.448+0530][gc,heap     ] GC(4) Humongous regions: 129->129
[2024-08-23T09:58:11.448+0530][gc,metaspace] GC(4) Metaspace: 35930K(36224K)->35930K(36224K) NonClass: 31898K(32064K)->31898K(32064K) Class: 4031K(4160K)->4031K(4160K)
[2024-08-23T09:58:11.448+0530][gc          ] GC(4) Pause Young (Concurrent Start) (GCLocker Initiated GC) 157M->144M(1024M) 4.254ms
[2024-08-23T09:58:11.448+0530][gc,cpu      ] GC(4) User=0.02s Sys=0.01s Real=0.00s
[2024-08-23T09:58:11.448+0530][gc          ] GC(5) Concurrent Mark Cycle
[2024-08-23T09:58:11.448+0530][gc,marking  ] GC(5) Concurrent Clear Claimed Marks
[2024-08-23T09:58:11.448+0530][gc,marking  ] GC(5) Concurrent Clear Claimed Marks 0.045ms
[2024-08-23T09:58:11.448+0530][gc,marking  ] GC(5) Concurrent Scan Root Regions
[2024-08-23T09:58:11.451+0530][gc,marking  ] GC(5) Concurrent Scan Root Regions 2.461ms
[2024-08-23T09:58:11.451+0530][gc,marking  ] GC(5) Concurrent Mark
[2024-08-23T09:58:11.451+0530][gc,marking  ] GC(5) Concurrent Mark From Roots
[2024-08-23T09:58:11.451+0530][gc,task     ] GC(5) Using 2 workers of 2 for marking
[2024-08-23T09:58:11.457+0530][gc,marking  ] GC(5) Concurrent Mark From Roots 6.234ms
[2024-08-23T09:58:11.457+0530][gc,marking  ] GC(5) Concurrent Preclean
[2024-08-23T09:58:11.457+0530][gc,marking  ] GC(5) Concurrent Preclean 0.122ms
[2024-08-23T09:58:11.457+0530][gc,start    ] GC(5) Pause Remark
[2024-08-23T09:58:11.459+0530][gc          ] GC(5) Pause Remark 145M->145M(1024M) 1.244ms
[2024-08-23T09:58:11.459+0530][gc,cpu      ] GC(5) User=0.01s Sys=0.00s Real=0.00s
[2024-08-23T09:58:11.459+0530][gc,marking  ] GC(5) Concurrent Mark 8.035ms
[2024-08-23T09:58:11.459+0530][gc,marking  ] GC(5) Concurrent Rebuild Remembered Sets
[2024-08-23T09:58:11.464+0530][gc,marking  ] GC(5) Concurrent Rebuild Remembered Sets 5.181ms
[2024-08-23T09:58:11.464+0530][gc,start    ] GC(5) Pause Cleanup
[2024-08-23T09:58:11.464+0530][gc          ] GC(5) Pause Cleanup 145M->145M(1024M) 0.150ms
[2024-08-23T09:58:11.464+0530][gc,cpu      ] GC(5) User=0.00s Sys=0.00s Real=0.00s
[2024-08-23T09:58:11.464+0530][gc,marking  ] GC(5) Concurrent Cleanup for Next Mark
[2024-08-23T09:58:11.468+0530][gc,marking  ] GC(5) Concurrent Cleanup for Next Mark 3.398ms
[2024-08-23T09:58:11.468+0530][gc          ] GC(5) Concurrent Mark Cycle 19.641ms
[2024-08-23T10:07:05.968+0530][gc,start    ] GC(6) Pause Young (Normal) (G1 Evacuation Pause)
[2024-08-23T10:07:05.968+0530][gc,task     ] GC(6) Using 8 workers of 8 for evacuation
[2024-08-23T10:07:05.975+0530][gc,phases   ] GC(6)   Pre Evacuate Collection Set: 0.3ms
[2024-08-23T10:07:05.975+0530][gc,phases   ] GC(6)   Merge Heap Roots: 0.2ms
[2024-08-23T10:07:05.975+0530][gc,phases   ] GC(6)   Evacuate Collection Set: 5.5ms
[2024-08-23T10:07:05.975+0530][gc,phases   ] GC(6)   Post Evacuate Collection Set: 0.4ms
[2024-08-23T10:07:05.975+0530][gc,phases   ] GC(6)   Other: 0.2ms
[2024-08-23T10:07:05.975+0530][gc,heap     ] GC(6) Eden regions: 49->0(47)
[2024-08-23T10:07:05.975+0530][gc,heap     ] GC(6) Survivor regions: 2->4(7)
[2024-08-23T10:07:05.975+0530][gc,heap     ] GC(6) Old regions: 14->14
[2024-08-23T10:07:05.975+0530][gc,heap     ] GC(6) Archive regions: 2->2
[2024-08-23T10:07:05.975+0530][gc,heap     ] GC(6) Humongous regions: 129->129
[2024-08-23T10:07:05.975+0530][gc,metaspace] GC(6) Metaspace: 39611K(40000K)->39611K(40000K) NonClass: 35168K(35392K)->35168K(35392K) Class: 4442K(4608K)->4442K(4608K)
[2024-08-23T10:07:05.975+0530][gc          ] GC(6) Pause Young (Normal) (G1 Evacuation Pause) 193M->147M(1024M) 6.793ms
[2024-08-23T10:07:05.975+0530][gc,cpu      ] GC(6) User=0.04s Sys=0.00s Real=0.01s
[2024-08-23T10:14:14.894+0530][gc,start    ] GC(7) Pause Young (Normal) (G1 Evacuation Pause)
[2024-08-23T10:14:14.894+0530][gc,task     ] GC(7) Using 8 workers of 8 for evacuation
[2024-08-23T10:14:14.901+0530][gc,phases   ] GC(7)   Pre Evacuate Collection Set: 0.4ms
[2024-08-23T10:14:14.901+0530][gc,phases   ] GC(7)   Merge Heap Roots: 0.2ms
[2024-08-23T10:14:14.901+0530][gc,phases   ] GC(7)   Evacuate Collection Set: 5.3ms
[2024-08-23T10:14:14.901+0530][gc,phases   ] GC(7)   Post Evacuate Collection Set: 0.4ms
[2024-08-23T10:14:14.901+0530][gc,phases   ] GC(7)   Other: 0.4ms
[2024-08-23T10:14:14.901+0530][gc,heap     ] GC(7) Eden regions: 47->0(47)
[2024-08-23T10:14:14.901+0530][gc,heap     ] GC(7) Survivor regions: 4->4(7)
[2024-08-23T10:14:14.901+0530][gc,heap     ] GC(7) Old regions: 14->14
[2024-08-23T10:14:14.901+0530][gc,heap     ] GC(7) Archive regions: 2->2
[2024-08-23T10:14:14.901+0530][gc,heap     ] GC(7) Humongous regions: 129->129
[2024-08-23T10:14:14.901+0530][gc,metaspace] GC(7) Metaspace: 39779K(40256K)->39779K(40256K) NonClass: 35316K(35584K)->35316K(35584K) Class: 4462K(4672K)->4462K(4672K)
[2024-08-23T10:14:14.901+0530][gc          ] GC(7) Pause Young (Normal) (G1 Evacuation Pause) 194M->147M(1024M) 6.781ms
[2024-08-23T10:14:14.901+0530][gc,cpu      ] GC(7) User=0.04s Sys=0.00s Real=0.01s
[2024-08-23T10:22:16.471+0530][gc,start    ] GC(8) Pause Young (Normal) (G1 Evacuation Pause)
[2024-08-23T10:22:16.471+0530][gc,task     ] GC(8) Using 8 workers of 8 for evacuation
[2024-08-23T10:22:16.478+0530][gc,phases   ] GC(8)   Pre Evacuate Collection Set: 0.3ms
[2024-08-23T10:22:16.478+0530][gc,phases   ] GC(8)   Merge Heap Roots: 0.2ms
[2024-08-23T10:22:16.478+0530][gc,phases   ] GC(8)   Evacuate Collection Set: 5.6ms
[2024-08-23T10:22:16.478+0530][gc,phases   ] GC(8)   Post Evacuate Collection Set: 0.6ms
[2024-08-23T10:22:16.478+0530][gc,phases   ] GC(8)   Other: 0.3ms
[2024-08-23T10:22:16.478+0530][gc,heap     ] GC(8) Eden regions: 47->0(47)
[2024-08-23T10:22:16.478+0530][gc,heap     ] GC(8) Survivor regions: 4->4(7)
[2024-08-23T10:22:16.478+0530][gc,heap     ] GC(8) Old regions: 14->14
[2024-08-23T10:22:16.478+0530][gc,heap     ] GC(8) Archive regions: 2->2
[2024-08-23T10:22:16.478+0530][gc,heap     ] GC(8) Humongous regions: 129->129
[2024-08-23T10:22:16.478+0530][gc,metaspace] GC(8) Metaspace: 39860K(40320K)->39860K(40320K) NonClass: 35397K(35648K)->35397K(35648K) Class: 4462K(4672K)->4462K(4672K)
[2024-08-23T10:22:16.478+0530][gc          ] GC(8) Pause Young (Normal) (G1 Evacuation Pause) 194M->146M(1024M) 7.129ms
[2024-08-23T10:22:16.478+0530][gc,cpu      ] GC(8) User=0.05s Sys=0.00s Real=0.01s
[2024-08-23T10:30:05.319+0530][gc,start    ] GC(9) Pause Young (Normal) (G1 Evacuation Pause)
[2024-08-23T10:30:05.319+0530][gc,task     ] GC(9) Using 8 workers of 8 for evacuation
[2024-08-23T10:30:05.326+0530][gc,phases   ] GC(9)   Pre Evacuate Collection Set: 0.4ms
[2024-08-23T10:30:05.326+0530][gc,phases   ] GC(9)   Merge Heap Roots: 0.2ms
[2024-08-23T10:30:05.326+0530][gc,phases   ] GC(9)   Evacuate Collection Set: 5.3ms
[2024-08-23T10:30:05.326+0530][gc,phases   ] GC(9)   Post Evacuate Collection Set: 0.5ms
[2024-08-23T10:30:05.326+0530][gc,phases   ] GC(9)   Other: 0.3ms
[2024-08-23T10:30:05.326+0530][gc,heap     ] GC(9) Eden regions: 47->0(68)
[2024-08-23T10:30:05.326+0530][gc,heap     ] GC(9) Survivor regions: 4->3(7)
[2024-08-23T10:30:05.326+0530][gc,heap     ] GC(9) Old regions: 14->14
[2024-08-23T10:30:05.326+0530][gc,heap     ] GC(9) Archive regions: 2->2
[2024-08-23T10:30:05.326+0530][gc,heap     ] GC(9) Humongous regions: 129->129
[2024-08-23T10:30:05.326+0530][gc,metaspace] GC(9) Metaspace: 40471K(40960K)->40471K(40960K) NonClass: 35888K(36160K)->35888K(36160K) Class: 4583K(4800K)->4583K(4800K)
[2024-08-23T10:30:05.326+0530][gc          ] GC(9) Pause Young (Normal) (G1 Evacuation Pause) 193M->146M(1024M) 6.815ms
[2024-08-23T10:30:05.326+0530][gc,cpu      ] GC(9) User=0.04s Sys=0.00s Real=0.01s
[2024-08-23T10:42:06.470+0530][gc,start    ] GC(10) Pause Young (Normal) (G1 Evacuation Pause)
[2024-08-23T10:42:06.470+0530][gc,task     ] GC(10) Using 8 workers of 8 for evacuation
[2024-08-23T10:42:06.477+0530][gc,phases   ] GC(10)   Pre Evacuate Collection Set: 0.4ms
[2024-08-23T10:42:06.477+0530][gc,phases   ] GC(10)   Merge Heap Roots: 0.2ms
[2024-08-23T10:42:06.477+0530][gc,phases   ] GC(10)   Evacuate Collection Set: 5.5ms
[2024-08-23T10:42:06.477+0530][gc,phases   ] GC(10)   Post Evacuate Collection Set: 1.2ms
[2024-08-23T10:42:06.477+0530][gc,phases   ] GC(10)   Other: 0.3ms
[2024-08-23T10:42:06.477+0530][gc,heap     ] GC(10) Eden regions: 68->0(261)
[2024-08-23T10:42:06.477+0530][gc,heap     ] GC(10) Survivor regions: 3->4(9)
[2024-08-23T10:42:06.477+0530][gc,heap     ] GC(10) Old regions: 14->14
[2024-08-23T10:42:06.477+0530][gc,heap     ] GC(10) Archive regions: 2->2
[2024-08-23T10:42:06.478+0530][gc,heap     ] GC(10) Humongous regions: 129->129
[2024-08-23T10:42:06.478+0530][gc,metaspace] GC(10) Metaspace: 40575K(41024K)->40575K(41024K) NonClass: 35991K(36224K)->35991K(36224K) Class: 4583K(4800K)->4583K(4800K)
[2024-08-23T10:42:06.478+0530][gc          ] GC(10) Pause Young (Normal) (G1 Evacuation Pause) 214M->147M(1024M) 7.720ms
[2024-08-23T10:42:06.478+0530][gc,cpu      ] GC(10) User=0.03s Sys=0.01s Real=0.01s
