[2024-08-21T11:40:55.331+0530][gc] Using G1
[2024-08-21T11:40:55.347+0530][gc,init] Version: 17.0.12+7-Ubuntu-1ubuntu220.04 (release)
[2024-08-21T11:40:55.347+0530][gc,init] CPUs: 8 total, 8 available
[2024-08-21T11:40:55.347+0530][gc,init] Memory: 15820M
[2024-08-21T11:40:55.347+0530][gc,init] Large Page Support: Disabled
[2024-08-21T11:40:55.347+0530][gc,init] NUMA Support: Disabled
[2024-08-21T11:40:55.347+0530][gc,init] Compressed Oops: Enabled (32-bit)
[2024-08-21T11:40:55.347+0530][gc,init] Heap Region Size: 1M
[2024-08-21T11:40:55.347+0530][gc,init] Heap Min Capacity: 1G
[2024-08-21T11:40:55.347+0530][gc,init] Heap Initial Capacity: 1G
[2024-08-21T11:40:55.347+0530][gc,init] Heap Max Capacity: 1G
[2024-08-21T11:40:55.347+0530][gc,init] Pre-touch: Disabled
[2024-08-21T11:40:55.347+0530][gc,init] Parallel Workers: 8
[2024-08-21T11:40:55.347+0530][gc,init] Concurrent Workers: 2
[2024-08-21T11:40:55.347+0530][gc,init] Concurrent Refinement Workers: 8
[2024-08-21T11:40:55.347+0530][gc,init] Periodic GC: Disabled
[2024-08-21T11:40:55.360+0530][gc,metaspace] CDS archive(s) mapped at: [0x00007f5fa7000000-0x00007f5fa7bc4000-0x00007f5fa7bc4000), size 12337152, SharedBaseAddress: 0x00007f5fa7000000, ArchiveRelocationMode: 1.
[2024-08-21T11:40:55.360+0530][gc,metaspace] Compressed class space mapped at: 0x00007f5fa8000000-0x00007f5fe8000000, reserved size: 1073741824
[2024-08-21T11:40:55.360+0530][gc,metaspace] Narrow klass base: 0x00007f5fa7000000, Narrow klass shift: 0, Narrow klass range: 0x100000000
[2024-08-21T11:40:56.022+0530][gc,start    ] GC(0) Pause Young (Normal) (G1 Evacuation Pause)
[2024-08-21T11:40:56.023+0530][gc,task     ] GC(0) Using 8 workers of 8 for evacuation
[2024-08-21T11:40:56.027+0530][gc,phases   ] GC(0)   Pre Evacuate Collection Set: 0.1ms
[2024-08-21T11:40:56.027+0530][gc,phases   ] GC(0)   Merge Heap Roots: 0.0ms
[2024-08-21T11:40:56.027+0530][gc,phases   ] GC(0)   Evacuate Collection Set: 3.5ms
[2024-08-21T11:40:56.027+0530][gc,phases   ] GC(0)   Post Evacuate Collection Set: 0.4ms
[2024-08-21T11:40:56.027+0530][gc,phases   ] GC(0)   Other: 0.9ms
[2024-08-21T11:40:56.027+0530][gc,heap     ] GC(0) Eden regions: 51->0(44)
[2024-08-21T11:40:56.027+0530][gc,heap     ] GC(0) Survivor regions: 0->7(7)
[2024-08-21T11:40:56.027+0530][gc,heap     ] GC(0) Old regions: 0->1
[2024-08-21T11:40:56.027+0530][gc,heap     ] GC(0) Archive regions: 2->2
[2024-08-21T11:40:56.027+0530][gc,heap     ] GC(0) Humongous regions: 0->0
[2024-08-21T11:40:56.027+0530][gc,metaspace] GC(0) Metaspace: 18416K(18624K)->18416K(18624K) NonClass: 16223K(16320K)->16223K(16320K) Class: 2193K(2304K)->2193K(2304K)
[2024-08-21T11:40:56.027+0530][gc          ] GC(0) Pause Young (Normal) (G1 Evacuation Pause) 51M->8M(1024M) 5.089ms
[2024-08-21T11:40:56.027+0530][gc,cpu      ] GC(0) User=0.01s Sys=0.02s Real=0.01s
[2024-08-21T11:40:56.169+0530][gc,start    ] GC(1) Pause Young (Concurrent Start) (Metadata GC Threshold)
[2024-08-21T11:40:56.169+0530][gc,task     ] GC(1) Using 8 workers of 8 for evacuation
[2024-08-21T11:40:56.174+0530][gc,phases   ] GC(1)   Pre Evacuate Collection Set: 0.9ms
[2024-08-21T11:40:56.174+0530][gc,phases   ] GC(1)   Merge Heap Roots: 0.0ms
[2024-08-21T11:40:56.174+0530][gc,phases   ] GC(1)   Evacuate Collection Set: 3.2ms
[2024-08-21T11:40:56.174+0530][gc,phases   ] GC(1)   Post Evacuate Collection Set: 0.5ms
[2024-08-21T11:40:56.174+0530][gc,phases   ] GC(1)   Other: 0.2ms
[2024-08-21T11:40:56.174+0530][gc,heap     ] GC(1) Eden regions: 12->0(50)
[2024-08-21T11:40:56.174+0530][gc,heap     ] GC(1) Survivor regions: 7->1(7)
[2024-08-21T11:40:56.174+0530][gc,heap     ] GC(1) Old regions: 1->8
[2024-08-21T11:40:56.174+0530][gc,heap     ] GC(1) Archive regions: 2->2
[2024-08-21T11:40:56.174+0530][gc,heap     ] GC(1) Humongous regions: 0->0
[2024-08-21T11:40:56.174+0530][gc,metaspace] GC(1) Metaspace: 21266K(21504K)->21266K(21504K) NonClass: 18707K(18816K)->18707K(18816K) Class: 2558K(2688K)->2558K(2688K)
[2024-08-21T11:40:56.174+0530][gc          ] GC(1) Pause Young (Concurrent Start) (Metadata GC Threshold) 20M->9M(1024M) 4.866ms
[2024-08-21T11:40:56.174+0530][gc,cpu      ] GC(1) User=0.02s Sys=0.00s Real=0.00s
[2024-08-21T11:40:56.174+0530][gc          ] GC(2) Concurrent Mark Cycle
[2024-08-21T11:40:56.174+0530][gc,marking  ] GC(2) Concurrent Clear Claimed Marks
[2024-08-21T11:40:56.174+0530][gc,marking  ] GC(2) Concurrent Clear Claimed Marks 0.025ms
[2024-08-21T11:40:56.174+0530][gc,marking  ] GC(2) Concurrent Scan Root Regions
[2024-08-21T11:40:56.176+0530][gc,marking  ] GC(2) Concurrent Scan Root Regions 2.073ms
[2024-08-21T11:40:56.176+0530][gc,marking  ] GC(2) Concurrent Mark
[2024-08-21T11:40:56.176+0530][gc,marking  ] GC(2) Concurrent Mark From Roots
[2024-08-21T11:40:56.176+0530][gc,task     ] GC(2) Using 2 workers of 2 for marking
[2024-08-21T11:40:56.178+0530][gc,marking  ] GC(2) Concurrent Mark From Roots 1.798ms
[2024-08-21T11:40:56.178+0530][gc,marking  ] GC(2) Concurrent Preclean
[2024-08-21T11:40:56.178+0530][gc,marking  ] GC(2) Concurrent Preclean 0.061ms
[2024-08-21T11:40:56.178+0530][gc,start    ] GC(2) Pause Remark
[2024-08-21T11:40:56.179+0530][gc          ] GC(2) Pause Remark 10M->10M(1024M) 1.454ms
[2024-08-21T11:40:56.180+0530][gc,cpu      ] GC(2) User=0.01s Sys=0.00s Real=0.00s
[2024-08-21T11:40:56.180+0530][gc,marking  ] GC(2) Concurrent Mark 3.647ms
[2024-08-21T11:40:56.180+0530][gc,marking  ] GC(2) Concurrent Rebuild Remembered Sets
[2024-08-21T11:40:56.182+0530][gc,marking  ] GC(2) Concurrent Rebuild Remembered Sets 1.996ms
[2024-08-21T11:40:56.216+0530][gc,start    ] GC(2) Pause Cleanup
[2024-08-21T11:40:56.217+0530][gc          ] GC(2) Pause Cleanup 139M->139M(1024M) 0.203ms
[2024-08-21T11:40:56.217+0530][gc,cpu      ] GC(2) User=0.00s Sys=0.00s Real=0.00s
[2024-08-21T11:40:56.217+0530][gc,marking  ] GC(2) Concurrent Cleanup for Next Mark
[2024-08-21T11:40:56.219+0530][gc,marking  ] GC(2) Concurrent Cleanup for Next Mark 2.637ms
[2024-08-21T11:40:56.219+0530][gc          ] GC(2) Concurrent Mark Cycle 45.675ms
[2024-08-21T11:40:56.694+0530][gc,start    ] GC(3) Pause Young (Normal) (G1 Evacuation Pause)
[2024-08-21T11:40:56.694+0530][gc,task     ] GC(3) Using 8 workers of 8 for evacuation
[2024-08-21T11:40:56.698+0530][gc,phases   ] GC(3)   Pre Evacuate Collection Set: 0.1ms
[2024-08-21T11:40:56.698+0530][gc,phases   ] GC(3)   Merge Heap Roots: 0.1ms
[2024-08-21T11:40:56.698+0530][gc,phases   ] GC(3)   Evacuate Collection Set: 3.0ms
[2024-08-21T11:40:56.698+0530][gc,phases   ] GC(3)   Post Evacuate Collection Set: 0.4ms
[2024-08-21T11:40:56.698+0530][gc,phases   ] GC(3)   Other: 0.1ms
[2024-08-21T11:40:56.698+0530][gc,heap     ] GC(3) Eden regions: 50->0(45)
[2024-08-21T11:40:56.698+0530][gc,heap     ] GC(3) Survivor regions: 1->6(7)
[2024-08-21T11:40:56.698+0530][gc,heap     ] GC(3) Old regions: 8->8
[2024-08-21T11:40:56.698+0530][gc,heap     ] GC(3) Archive regions: 2->2
[2024-08-21T11:40:56.698+0530][gc,heap     ] GC(3) Humongous regions: 129->129
[2024-08-21T11:40:56.698+0530][gc,metaspace] GC(3) Metaspace: 32866K(33088K)->32866K(33088K) NonClass: 29258K(29376K)->29258K(29376K) Class: 3608K(3712K)->3608K(3712K)
[2024-08-21T11:40:56.698+0530][gc          ] GC(3) Pause Young (Normal) (G1 Evacuation Pause) 188M->143M(1024M) 3.814ms
[2024-08-21T11:40:56.698+0530][gc,cpu      ] GC(3) User=0.04s Sys=0.00s Real=0.01s
[2024-08-21T11:41:51.608+0530][gc,start    ] GC(4) Pause Young (Concurrent Start) (Metadata GC Threshold)
[2024-08-21T11:41:51.608+0530][gc,task     ] GC(4) Using 8 workers of 8 for evacuation
[2024-08-21T11:41:51.612+0530][gc,phases   ] GC(4)   Pre Evacuate Collection Set: 0.2ms
[2024-08-21T11:41:51.612+0530][gc,phases   ] GC(4)   Merge Heap Roots: 0.1ms
[2024-08-21T11:41:51.612+0530][gc,phases   ] GC(4)   Evacuate Collection Set: 3.6ms
[2024-08-21T11:41:51.613+0530][gc,phases   ] GC(4)   Post Evacuate Collection Set: 0.4ms
[2024-08-21T11:41:51.613+0530][gc,phases   ] GC(4)   Other: 0.3ms
[2024-08-21T11:41:51.613+0530][gc,heap     ] GC(4) Eden regions: 14->0(49)
[2024-08-21T11:41:51.613+0530][gc,heap     ] GC(4) Survivor regions: 6->2(7)
[2024-08-21T11:41:51.613+0530][gc,heap     ] GC(4) Old regions: 8->14
[2024-08-21T11:41:51.613+0530][gc,heap     ] GC(4) Archive regions: 2->2
[2024-08-21T11:41:51.613+0530][gc,heap     ] GC(4) Humongous regions: 129->129
[2024-08-21T11:41:51.613+0530][gc,metaspace] GC(4) Metaspace: 35623K(35968K)->35623K(35968K) NonClass: 31576K(31744K)->31576K(31744K) Class: 4047K(4224K)->4047K(4224K)
[2024-08-21T11:41:51.613+0530][gc          ] GC(4) Pause Young (Concurrent Start) (Metadata GC Threshold) 157M->144M(1024M) 4.556ms
[2024-08-21T11:41:51.613+0530][gc,cpu      ] GC(4) User=0.03s Sys=0.01s Real=0.00s
[2024-08-21T11:41:51.613+0530][gc          ] GC(5) Concurrent Mark Cycle
[2024-08-21T11:41:51.613+0530][gc,marking  ] GC(5) Concurrent Clear Claimed Marks
[2024-08-21T11:41:51.613+0530][gc,marking  ] GC(5) Concurrent Clear Claimed Marks 0.059ms
[2024-08-21T11:41:51.613+0530][gc,marking  ] GC(5) Concurrent Scan Root Regions
[2024-08-21T11:41:51.615+0530][gc,marking  ] GC(5) Concurrent Scan Root Regions 2.327ms
[2024-08-21T11:41:51.615+0530][gc,marking  ] GC(5) Concurrent Mark
[2024-08-21T11:41:51.615+0530][gc,marking  ] GC(5) Concurrent Mark From Roots
[2024-08-21T11:41:51.615+0530][gc,task     ] GC(5) Using 2 workers of 2 for marking
[2024-08-21T11:41:51.620+0530][gc,marking  ] GC(5) Concurrent Mark From Roots 5.045ms
[2024-08-21T11:41:51.620+0530][gc,marking  ] GC(5) Concurrent Preclean
[2024-08-21T11:41:51.620+0530][gc,marking  ] GC(5) Concurrent Preclean 0.102ms
[2024-08-21T11:41:51.620+0530][gc,start    ] GC(5) Pause Remark
[2024-08-21T11:41:51.622+0530][gc          ] GC(5) Pause Remark 144M->144M(1024M) 1.331ms
[2024-08-21T11:41:51.622+0530][gc,cpu      ] GC(5) User=0.01s Sys=0.00s Real=0.00s
[2024-08-21T11:41:51.622+0530][gc,marking  ] GC(5) Concurrent Mark 6.645ms
[2024-08-21T11:41:51.622+0530][gc,marking  ] GC(5) Concurrent Rebuild Remembered Sets
[2024-08-21T11:41:51.626+0530][gc,marking  ] GC(5) Concurrent Rebuild Remembered Sets 3.830ms
[2024-08-21T11:41:51.626+0530][gc,start    ] GC(5) Pause Cleanup
[2024-08-21T11:41:51.626+0530][gc          ] GC(5) Pause Cleanup 144M->144M(1024M) 0.101ms
[2024-08-21T11:41:51.626+0530][gc,cpu      ] GC(5) User=0.00s Sys=0.00s Real=0.00s
[2024-08-21T11:41:51.626+0530][gc,marking  ] GC(5) Concurrent Cleanup for Next Mark
[2024-08-21T11:41:51.629+0530][gc,marking  ] GC(5) Concurrent Cleanup for Next Mark 2.793ms
[2024-08-21T11:41:51.629+0530][gc          ] GC(5) Concurrent Mark Cycle 15.994ms
[2024-08-21T12:43:01.696+0530][gc,start    ] GC(6) Pause Young (Normal) (G1 Evacuation Pause)
[2024-08-21T12:43:01.696+0530][gc,task     ] GC(6) Using 8 workers of 8 for evacuation
[2024-08-21T12:43:01.703+0530][gc,phases   ] GC(6)   Pre Evacuate Collection Set: 0.3ms
[2024-08-21T12:43:01.703+0530][gc,phases   ] GC(6)   Merge Heap Roots: 0.2ms
[2024-08-21T12:43:01.703+0530][gc,phases   ] GC(6)   Evacuate Collection Set: 4.5ms
[2024-08-21T12:43:01.703+0530][gc,phases   ] GC(6)   Post Evacuate Collection Set: 1.1ms
[2024-08-21T12:43:01.703+0530][gc,phases   ] GC(6)   Other: 0.3ms
[2024-08-21T12:43:01.703+0530][gc,heap     ] GC(6) Eden regions: 49->0(49)
[2024-08-21T12:43:01.703+0530][gc,heap     ] GC(6) Survivor regions: 2->2(7)
[2024-08-21T12:43:01.703+0530][gc,heap     ] GC(6) Old regions: 14->14
[2024-08-21T12:43:01.703+0530][gc,heap     ] GC(6) Archive regions: 2->2
[2024-08-21T12:43:01.703+0530][gc,heap     ] GC(6) Humongous regions: 129->129
[2024-08-21T12:43:01.703+0530][gc,metaspace] GC(6) Metaspace: 38819K(39232K)->38819K(39232K) NonClass: 34381K(34624K)->34381K(34624K) Class: 4438K(4608K)->4438K(4608K)
[2024-08-21T12:43:01.703+0530][gc          ] GC(6) Pause Young (Normal) (G1 Evacuation Pause) 193M->144M(1024M) 6.677ms
[2024-08-21T12:43:01.703+0530][gc,cpu      ] GC(6) User=0.04s Sys=0.00s Real=0.01s
[2024-08-21T13:17:20.289+0530][gc,start    ] GC(7) Pause Young (Normal) (G1 Evacuation Pause)
[2024-08-21T13:17:20.289+0530][gc,task     ] GC(7) Using 8 workers of 8 for evacuation
[2024-08-21T13:17:20.297+0530][gc,phases   ] GC(7)   Pre Evacuate Collection Set: 0.4ms
[2024-08-21T13:17:20.297+0530][gc,phases   ] GC(7)   Merge Heap Roots: 0.2ms
[2024-08-21T13:17:20.297+0530][gc,phases   ] GC(7)   Evacuate Collection Set: 6.4ms
[2024-08-21T13:17:20.297+0530][gc,phases   ] GC(7)   Post Evacuate Collection Set: 0.8ms
[2024-08-21T13:17:20.297+0530][gc,phases   ] GC(7)   Other: 0.4ms
[2024-08-21T13:17:20.297+0530][gc,heap     ] GC(7) Eden regions: 49->0(46)
[2024-08-21T13:17:20.297+0530][gc,heap     ] GC(7) Survivor regions: 2->5(7)
[2024-08-21T13:17:20.297+0530][gc,heap     ] GC(7) Old regions: 14->14
[2024-08-21T13:17:20.297+0530][gc,heap     ] GC(7) Archive regions: 2->2
[2024-08-21T13:17:20.297+0530][gc,heap     ] GC(7) Humongous regions: 129->129
[2024-08-21T13:17:20.297+0530][gc,metaspace] GC(7) Metaspace: 41096K(41600K)->41096K(41600K) NonClass: 36419K(36736K)->36419K(36736K) Class: 4677K(4864K)->4677K(4864K)
[2024-08-21T13:17:20.297+0530][gc          ] GC(7) Pause Young (Normal) (G1 Evacuation Pause) 193M->147M(1024M) 8.254ms
[2024-08-21T13:17:20.297+0530][gc,cpu      ] GC(7) User=0.06s Sys=0.00s Real=0.01s
[2024-08-21T13:24:20.050+0530][gc,start    ] GC(8) Pause Young (Normal) (G1 Evacuation Pause)
[2024-08-21T13:24:20.051+0530][gc,task     ] GC(8) Using 8 workers of 8 for evacuation
[2024-08-21T13:24:20.058+0530][gc,phases   ] GC(8)   Pre Evacuate Collection Set: 0.8ms
[2024-08-21T13:24:20.058+0530][gc,phases   ] GC(8)   Merge Heap Roots: 0.2ms
[2024-08-21T13:24:20.058+0530][gc,phases   ] GC(8)   Evacuate Collection Set: 6.2ms
[2024-08-21T13:24:20.058+0530][gc,phases   ] GC(8)   Post Evacuate Collection Set: 0.5ms
[2024-08-21T13:24:20.058+0530][gc,phases   ] GC(8)   Other: 0.4ms
[2024-08-21T13:24:20.058+0530][gc,heap     ] GC(8) Eden regions: 46->0(48)
[2024-08-21T13:24:20.058+0530][gc,heap     ] GC(8) Survivor regions: 5->3(7)
[2024-08-21T13:24:20.058+0530][gc,heap     ] GC(8) Old regions: 14->15
[2024-08-21T13:24:20.058+0530][gc,heap     ] GC(8) Archive regions: 2->2
[2024-08-21T13:24:20.058+0530][gc,heap     ] GC(8) Humongous regions: 129->129
[2024-08-21T13:24:20.058+0530][gc,metaspace] GC(8) Metaspace: 41217K(41664K)->41217K(41664K) NonClass: 36531K(36800K)->36531K(36800K) Class: 4686K(4864K)->4686K(4864K)
[2024-08-21T13:24:20.059+0530][gc          ] GC(8) Pause Young (Normal) (G1 Evacuation Pause) 193M->147M(1024M) 8.102ms
[2024-08-21T13:24:20.059+0530][gc,cpu      ] GC(8) User=0.03s Sys=0.02s Real=0.01s
[2024-08-21T13:32:20.246+0530][gc,start    ] GC(9) Pause Young (Normal) (G1 Evacuation Pause)
[2024-08-21T13:32:20.246+0530][gc,task     ] GC(9) Using 8 workers of 8 for evacuation
[2024-08-21T13:32:20.253+0530][gc,phases   ] GC(9)   Pre Evacuate Collection Set: 0.4ms
[2024-08-21T13:32:20.253+0530][gc,phases   ] GC(9)   Merge Heap Roots: 0.2ms
[2024-08-21T13:32:20.253+0530][gc,phases   ] GC(9)   Evacuate Collection Set: 5.2ms
[2024-08-21T13:32:20.253+0530][gc,phases   ] GC(9)   Post Evacuate Collection Set: 0.5ms
[2024-08-21T13:32:20.253+0530][gc,phases   ] GC(9)   Other: 0.3ms
[2024-08-21T13:32:20.253+0530][gc,heap     ] GC(9) Eden regions: 48->0(60)
[2024-08-21T13:32:20.253+0530][gc,heap     ] GC(9) Survivor regions: 3->3(7)
[2024-08-21T13:32:20.253+0530][gc,heap     ] GC(9) Old regions: 15->15
[2024-08-21T13:32:20.253+0530][gc,heap     ] GC(9) Archive regions: 2->2
[2024-08-21T13:32:20.253+0530][gc,heap     ] GC(9) Humongous regions: 129->129
[2024-08-21T13:32:20.253+0530][gc,metaspace] GC(9) Metaspace: 41262K(41728K)->41262K(41728K) NonClass: 36576K(36864K)->36576K(36864K) Class: 4686K(4864K)->4686K(4864K)
[2024-08-21T13:32:20.253+0530][gc          ] GC(9) Pause Young (Normal) (G1 Evacuation Pause) 195M->147M(1024M) 6.695ms
[2024-08-21T13:32:20.253+0530][gc,cpu      ] GC(9) User=0.05s Sys=0.00s Real=0.00s
[2024-08-21T13:33:07.045+0530][gc,heap,exit] Heap
[2024-08-21T13:33:07.046+0530][gc,heap,exit]  garbage-first heap   total 1048576K, used 167286K [0x00000000c0000000, 0x0000000100000000)
[2024-08-21T13:33:07.046+0530][gc,heap,exit]   region size 1024K, 19 young (19456K), 3 survivors (3072K)
[2024-08-21T13:33:07.046+0530][gc,heap,exit]  Metaspace       used 42193K, committed 42752K, reserved 1114112K
[2024-08-21T13:33:07.046+0530][gc,heap,exit]   class space    used 4869K, committed 5120K, reserved 1048576K
