[2024-08-21T11:40:15.911+0530][gc] Using G1
[2024-08-21T11:40:15.925+0530][gc,init] Version: 17.0.12+7-Ubuntu-1ubuntu220.04 (release)
[2024-08-21T11:40:15.925+0530][gc,init] CPUs: 8 total, 8 available
[2024-08-21T11:40:15.925+0530][gc,init] Memory: 15820M
[2024-08-21T11:40:15.925+0530][gc,init] Large Page Support: Disabled
[2024-08-21T11:40:15.925+0530][gc,init] NUMA Support: Disabled
[2024-08-21T11:40:15.925+0530][gc,init] Compressed Oops: Enabled (32-bit)
[2024-08-21T11:40:15.925+0530][gc,init] Heap Region Size: 1M
[2024-08-21T11:40:15.925+0530][gc,init] Heap Min Capacity: 1G
[2024-08-21T11:40:15.925+0530][gc,init] Heap Initial Capacity: 1G
[2024-08-21T11:40:15.925+0530][gc,init] Heap Max Capacity: 1G
[2024-08-21T11:40:15.925+0530][gc,init] Pre-touch: Disabled
[2024-08-21T11:40:15.925+0530][gc,init] Parallel Workers: 8
[2024-08-21T11:40:15.925+0530][gc,init] Concurrent Workers: 2
[2024-08-21T11:40:15.925+0530][gc,init] Concurrent Refinement Workers: 8
[2024-08-21T11:40:15.925+0530][gc,init] Periodic GC: Disabled
[2024-08-21T11:40:15.939+0530][gc,metaspace] CDS archive(s) mapped at: [0x00007f1067000000-0x00007f1067bc4000-0x00007f1067bc4000), size 12337152, SharedBaseAddress: 0x00007f1067000000, ArchiveRelocationMode: 1.
[2024-08-21T11:40:15.939+0530][gc,metaspace] Compressed class space mapped at: 0x00007f1068000000-0x00007f10a8000000, reserved size: 1073741824
[2024-08-21T11:40:15.939+0530][gc,metaspace] Narrow klass base: 0x00007f1067000000, Narrow klass shift: 0, Narrow klass range: 0x100000000
[2024-08-21T11:40:16.619+0530][gc,start    ] GC(0) Pause Young (Normal) (G1 Evacuation Pause)
[2024-08-21T11:40:16.620+0530][gc,task     ] GC(0) Using 8 workers of 8 for evacuation
[2024-08-21T11:40:16.624+0530][gc,phases   ] GC(0)   Pre Evacuate Collection Set: 0.1ms
[2024-08-21T11:40:16.624+0530][gc,phases   ] GC(0)   Merge Heap Roots: 0.0ms
[2024-08-21T11:40:16.624+0530][gc,phases   ] GC(0)   Evacuate Collection Set: 3.2ms
[2024-08-21T11:40:16.624+0530][gc,phases   ] GC(0)   Post Evacuate Collection Set: 0.4ms
[2024-08-21T11:40:16.624+0530][gc,phases   ] GC(0)   Other: 0.9ms
[2024-08-21T11:40:16.624+0530][gc,heap     ] GC(0) Eden regions: 51->0(44)
[2024-08-21T11:40:16.624+0530][gc,heap     ] GC(0) Survivor regions: 0->7(7)
[2024-08-21T11:40:16.624+0530][gc,heap     ] GC(0) Old regions: 0->1
[2024-08-21T11:40:16.624+0530][gc,heap     ] GC(0) Archive regions: 2->2
[2024-08-21T11:40:16.624+0530][gc,heap     ] GC(0) Humongous regions: 0->0
[2024-08-21T11:40:16.624+0530][gc,metaspace] GC(0) Metaspace: 18436K(18688K)->18436K(18688K) NonClass: 16243K(16384K)->16243K(16384K) Class: 2193K(2304K)->2193K(2304K)
[2024-08-21T11:40:16.624+0530][gc          ] GC(0) Pause Young (Normal) (G1 Evacuation Pause) 51M->8M(1024M) 4.747ms
[2024-08-21T11:40:16.624+0530][gc,cpu      ] GC(0) User=0.01s Sys=0.02s Real=0.01s
[2024-08-21T11:40:16.769+0530][gc,start    ] GC(1) Pause Young (Concurrent Start) (Metadata GC Threshold)
[2024-08-21T11:40:16.769+0530][gc,task     ] GC(1) Using 8 workers of 8 for evacuation
[2024-08-21T11:40:16.774+0530][gc,phases   ] GC(1)   Pre Evacuate Collection Set: 0.1ms
[2024-08-21T11:40:16.775+0530][gc,phases   ] GC(1)   Merge Heap Roots: 0.0ms
[2024-08-21T11:40:16.775+0530][gc,phases   ] GC(1)   Evacuate Collection Set: 4.7ms
[2024-08-21T11:40:16.775+0530][gc,phases   ] GC(1)   Post Evacuate Collection Set: 0.3ms
[2024-08-21T11:40:16.775+0530][gc,phases   ] GC(1)   Other: 0.2ms
[2024-08-21T11:40:16.775+0530][gc,heap     ] GC(1) Eden regions: 12->0(50)
[2024-08-21T11:40:16.775+0530][gc,heap     ] GC(1) Survivor regions: 7->1(7)
[2024-08-21T11:40:16.775+0530][gc,heap     ] GC(1) Old regions: 1->8
[2024-08-21T11:40:16.775+0530][gc,heap     ] GC(1) Archive regions: 2->2
[2024-08-21T11:40:16.775+0530][gc,heap     ] GC(1) Humongous regions: 0->0
[2024-08-21T11:40:16.775+0530][gc,metaspace] GC(1) Metaspace: 21273K(21504K)->21273K(21504K) NonClass: 18714K(18816K)->18714K(18816K) Class: 2558K(2688K)->2558K(2688K)
[2024-08-21T11:40:16.775+0530][gc          ] GC(1) Pause Young (Concurrent Start) (Metadata GC Threshold) 20M->9M(1024M) 5.436ms
[2024-08-21T11:40:16.775+0530][gc,cpu      ] GC(1) User=0.03s Sys=0.00s Real=0.01s
[2024-08-21T11:40:16.775+0530][gc          ] GC(2) Concurrent Mark Cycle
[2024-08-21T11:40:16.775+0530][gc,marking  ] GC(2) Concurrent Clear Claimed Marks
[2024-08-21T11:40:16.775+0530][gc,marking  ] GC(2) Concurrent Clear Claimed Marks 0.013ms
[2024-08-21T11:40:16.775+0530][gc,marking  ] GC(2) Concurrent Scan Root Regions
[2024-08-21T11:40:16.776+0530][gc,marking  ] GC(2) Concurrent Scan Root Regions 1.691ms
[2024-08-21T11:40:16.776+0530][gc,marking  ] GC(2) Concurrent Mark
[2024-08-21T11:40:16.776+0530][gc,marking  ] GC(2) Concurrent Mark From Roots
[2024-08-21T11:40:16.776+0530][gc,task     ] GC(2) Using 2 workers of 2 for marking
[2024-08-21T11:40:16.778+0530][gc,marking  ] GC(2) Concurrent Mark From Roots 1.288ms
[2024-08-21T11:40:16.778+0530][gc,marking  ] GC(2) Concurrent Preclean
[2024-08-21T11:40:16.778+0530][gc,marking  ] GC(2) Concurrent Preclean 0.039ms
[2024-08-21T11:40:16.778+0530][gc,start    ] GC(2) Pause Remark
[2024-08-21T11:40:16.779+0530][gc          ] GC(2) Pause Remark 10M->10M(1024M) 1.016ms
[2024-08-21T11:40:16.779+0530][gc,cpu      ] GC(2) User=0.01s Sys=0.00s Real=0.00s
[2024-08-21T11:40:16.779+0530][gc,marking  ] GC(2) Concurrent Mark 2.585ms
[2024-08-21T11:40:16.779+0530][gc,marking  ] GC(2) Concurrent Rebuild Remembered Sets
[2024-08-21T11:40:16.781+0530][gc,marking  ] GC(2) Concurrent Rebuild Remembered Sets 1.803ms
[2024-08-21T11:40:16.816+0530][gc,start    ] GC(2) Pause Cleanup
[2024-08-21T11:40:16.816+0530][gc          ] GC(2) Pause Cleanup 139M->139M(1024M) 0.176ms
[2024-08-21T11:40:16.816+0530][gc,cpu      ] GC(2) User=0.00s Sys=0.00s Real=0.00s
[2024-08-21T11:40:16.816+0530][gc,marking  ] GC(2) Concurrent Cleanup for Next Mark
[2024-08-21T11:40:16.819+0530][gc,marking  ] GC(2) Concurrent Cleanup for Next Mark 3.095ms
[2024-08-21T11:40:16.819+0530][gc          ] GC(2) Concurrent Mark Cycle 44.378ms
[2024-08-21T11:40:17.239+0530][gc,start    ] GC(3) Pause Young (Normal) (G1 Evacuation Pause)
[2024-08-21T11:40:17.239+0530][gc,task     ] GC(3) Using 8 workers of 8 for evacuation
[2024-08-21T11:40:17.243+0530][gc,phases   ] GC(3)   Pre Evacuate Collection Set: 0.1ms
[2024-08-21T11:40:17.243+0530][gc,phases   ] GC(3)   Merge Heap Roots: 0.0ms
[2024-08-21T11:40:17.243+0530][gc,phases   ] GC(3)   Evacuate Collection Set: 3.2ms
[2024-08-21T11:40:17.243+0530][gc,phases   ] GC(3)   Post Evacuate Collection Set: 0.4ms
[2024-08-21T11:40:17.243+0530][gc,phases   ] GC(3)   Other: 0.1ms
[2024-08-21T11:40:17.243+0530][gc,heap     ] GC(3) Eden regions: 50->0(45)
[2024-08-21T11:40:17.243+0530][gc,heap     ] GC(3) Survivor regions: 1->6(7)
[2024-08-21T11:40:17.243+0530][gc,heap     ] GC(3) Old regions: 8->8
[2024-08-21T11:40:17.243+0530][gc,heap     ] GC(3) Archive regions: 2->2
[2024-08-21T11:40:17.243+0530][gc,heap     ] GC(3) Humongous regions: 129->129
[2024-08-21T11:40:17.243+0530][gc,metaspace] GC(3) Metaspace: 32533K(32832K)->32533K(32832K) NonClass: 28878K(29056K)->28878K(29056K) Class: 3654K(3776K)->3654K(3776K)
[2024-08-21T11:40:17.243+0530][gc          ] GC(3) Pause Young (Normal) (G1 Evacuation Pause) 188M->143M(1024M) 3.923ms
[2024-08-21T11:40:17.243+0530][gc,cpu      ] GC(3) User=0.02s Sys=0.00s Real=0.01s
[2024-08-21T11:40:17.481+0530][gc,start    ] GC(4) Pause Young (Concurrent Start) (Metadata GC Threshold)
[2024-08-21T11:40:17.481+0530][gc,task     ] GC(4) Using 8 workers of 8 for evacuation
[2024-08-21T11:40:17.486+0530][gc,phases   ] GC(4)   Pre Evacuate Collection Set: 0.2ms
[2024-08-21T11:40:17.486+0530][gc,phases   ] GC(4)   Merge Heap Roots: 0.1ms
[2024-08-21T11:40:17.486+0530][gc,phases   ] GC(4)   Evacuate Collection Set: 4.3ms
[2024-08-21T11:40:17.486+0530][gc,phases   ] GC(4)   Post Evacuate Collection Set: 0.5ms
[2024-08-21T11:40:17.486+0530][gc,phases   ] GC(4)   Other: 0.2ms
[2024-08-21T11:40:17.486+0530][gc,heap     ] GC(4) Eden regions: 14->0(49)
[2024-08-21T11:40:17.486+0530][gc,heap     ] GC(4) Survivor regions: 6->2(7)
[2024-08-21T11:40:17.486+0530][gc,heap     ] GC(4) Old regions: 8->14
[2024-08-21T11:40:17.487+0530][gc,heap     ] GC(4) Archive regions: 2->2
[2024-08-21T11:40:17.487+0530][gc,heap     ] GC(4) Humongous regions: 129->129
[2024-08-21T11:40:17.487+0530][gc,metaspace] GC(4) Metaspace: 35766K(36096K)->35766K(36096K) NonClass: 31642K(31808K)->31642K(31808K) Class: 4123K(4288K)->4123K(4288K)
[2024-08-21T11:40:17.487+0530][gc          ] GC(4) Pause Young (Concurrent Start) (Metadata GC Threshold) 157M->144M(1024M) 5.411ms
[2024-08-21T11:40:17.487+0530][gc,cpu      ] GC(4) User=0.03s Sys=0.00s Real=0.01s
[2024-08-21T11:40:17.487+0530][gc          ] GC(5) Concurrent Mark Cycle
[2024-08-21T11:40:17.487+0530][gc,marking  ] GC(5) Concurrent Clear Claimed Marks
[2024-08-21T11:40:17.487+0530][gc,marking  ] GC(5) Concurrent Clear Claimed Marks 0.038ms
[2024-08-21T11:40:17.487+0530][gc,marking  ] GC(5) Concurrent Scan Root Regions
[2024-08-21T11:40:17.490+0530][gc,marking  ] GC(5) Concurrent Scan Root Regions 2.827ms
[2024-08-21T11:40:17.490+0530][gc,marking  ] GC(5) Concurrent Mark
[2024-08-21T11:40:17.490+0530][gc,marking  ] GC(5) Concurrent Mark From Roots
[2024-08-21T11:40:17.490+0530][gc,task     ] GC(5) Using 2 workers of 2 for marking
[2024-08-21T11:40:17.495+0530][gc,marking  ] GC(5) Concurrent Mark From Roots 5.931ms
[2024-08-21T11:40:17.496+0530][gc,marking  ] GC(5) Concurrent Preclean
[2024-08-21T11:40:17.496+0530][gc,marking  ] GC(5) Concurrent Preclean 0.103ms
[2024-08-21T11:40:17.496+0530][gc,start    ] GC(5) Pause Remark
[2024-08-21T11:40:17.497+0530][gc          ] GC(5) Pause Remark 145M->145M(1024M) 1.154ms
[2024-08-21T11:40:17.497+0530][gc,cpu      ] GC(5) User=0.01s Sys=0.00s Real=0.00s
[2024-08-21T11:40:17.497+0530][gc,marking  ] GC(5) Concurrent Mark 7.403ms
[2024-08-21T11:40:17.497+0530][gc,marking  ] GC(5) Concurrent Rebuild Remembered Sets
[2024-08-21T11:40:17.502+0530][gc,marking  ] GC(5) Concurrent Rebuild Remembered Sets 4.820ms
[2024-08-21T11:40:17.502+0530][gc,start    ] GC(5) Pause Cleanup
[2024-08-21T11:40:17.502+0530][gc          ] GC(5) Pause Cleanup 146M->146M(1024M) 0.146ms
[2024-08-21T11:40:17.502+0530][gc,cpu      ] GC(5) User=0.00s Sys=0.00s Real=0.00s
[2024-08-21T11:40:17.502+0530][gc,marking  ] GC(5) Concurrent Cleanup for Next Mark
[2024-08-21T11:40:17.506+0530][gc,marking  ] GC(5) Concurrent Cleanup for Next Mark 3.448ms
[2024-08-21T11:40:17.506+0530][gc          ] GC(5) Concurrent Mark Cycle 19.053ms
[2024-08-21T12:15:21.576+0530][gc,start    ] GC(6) Pause Young (Normal) (G1 Evacuation Pause)
[2024-08-21T12:15:21.594+0530][gc,task     ] GC(6) Using 8 workers of 8 for evacuation
[2024-08-21T12:15:21.600+0530][gc,phases   ] GC(6)   Pre Evacuate Collection Set: 0.3ms
[2024-08-21T12:15:21.600+0530][gc,phases   ] GC(6)   Merge Heap Roots: 0.2ms
[2024-08-21T12:15:21.600+0530][gc,phases   ] GC(6)   Evacuate Collection Set: 4.9ms
[2024-08-21T12:15:21.600+0530][gc,phases   ] GC(6)   Post Evacuate Collection Set: 0.5ms
[2024-08-21T12:15:21.600+0530][gc,phases   ] GC(6)   Other: 18.1ms
[2024-08-21T12:15:21.600+0530][gc,heap     ] GC(6) Eden regions: 49->0(48)
[2024-08-21T12:15:21.600+0530][gc,heap     ] GC(6) Survivor regions: 2->3(7)
[2024-08-21T12:15:21.600+0530][gc,heap     ] GC(6) Old regions: 14->14
[2024-08-21T12:15:21.600+0530][gc,heap     ] GC(6) Archive regions: 2->2
[2024-08-21T12:15:21.600+0530][gc,heap     ] GC(6) Humongous regions: 129->129
[2024-08-21T12:15:21.600+0530][gc,metaspace] GC(6) Metaspace: 40920K(41344K)->40920K(41344K) NonClass: 35938K(36160K)->35938K(36160K) Class: 4982K(5184K)->4982K(5184K)
[2024-08-21T12:15:21.600+0530][gc          ] GC(6) Pause Young (Normal) (G1 Evacuation Pause) 193M->145M(1024M) 24.133ms
[2024-08-21T12:15:21.600+0530][gc,cpu      ] GC(6) User=0.05s Sys=0.00s Real=0.02s
[2024-08-21T13:14:58.007+0530][gc,start    ] GC(7) Pause Young (Normal) (G1 Evacuation Pause)
[2024-08-21T13:14:58.007+0530][gc,task     ] GC(7) Using 8 workers of 8 for evacuation
[2024-08-21T13:14:58.014+0530][gc,phases   ] GC(7)   Pre Evacuate Collection Set: 0.3ms
[2024-08-21T13:14:58.014+0530][gc,phases   ] GC(7)   Merge Heap Roots: 0.8ms
[2024-08-21T13:14:58.014+0530][gc,phases   ] GC(7)   Evacuate Collection Set: 4.8ms
[2024-08-21T13:14:58.014+0530][gc,phases   ] GC(7)   Post Evacuate Collection Set: 0.8ms
[2024-08-21T13:14:58.014+0530][gc,phases   ] GC(7)   Other: 0.3ms
[2024-08-21T13:14:58.014+0530][gc,heap     ] GC(7) Eden regions: 48->0(46)
[2024-08-21T13:14:58.014+0530][gc,heap     ] GC(7) Survivor regions: 3->5(7)
[2024-08-21T13:14:58.014+0530][gc,heap     ] GC(7) Old regions: 14->14
[2024-08-21T13:14:58.014+0530][gc,heap     ] GC(7) Archive regions: 2->2
[2024-08-21T13:14:58.014+0530][gc,heap     ] GC(7) Humongous regions: 129->129
[2024-08-21T13:14:58.014+0530][gc,metaspace] GC(7) Metaspace: 42995K(43584K)->42995K(43584K) NonClass: 37792K(38144K)->37792K(38144K) Class: 5202K(5440K)->5202K(5440K)
[2024-08-21T13:14:58.014+0530][gc          ] GC(7) Pause Young (Normal) (G1 Evacuation Pause) 193M->147M(1024M) 7.041ms
[2024-08-21T13:14:58.014+0530][gc,cpu      ] GC(7) User=0.04s Sys=0.00s Real=0.00s
[2024-08-21T13:21:43.711+0530][gc,start    ] GC(8) Pause Young (Normal) (G1 Evacuation Pause)
[2024-08-21T13:21:43.729+0530][gc,task     ] GC(8) Using 8 workers of 8 for evacuation
[2024-08-21T13:21:43.744+0530][gc,phases   ] GC(8)   Pre Evacuate Collection Set: 0.3ms
[2024-08-21T13:21:43.744+0530][gc,phases   ] GC(8)   Merge Heap Roots: 0.2ms
[2024-08-21T13:21:43.744+0530][gc,phases   ] GC(8)   Evacuate Collection Set: 12.4ms
[2024-08-21T13:21:43.744+0530][gc,phases   ] GC(8)   Post Evacuate Collection Set: 1.8ms
[2024-08-21T13:21:43.744+0530][gc,phases   ] GC(8)   Other: 18.1ms
[2024-08-21T13:21:43.744+0530][gc,heap     ] GC(8) Eden regions: 46->0(45)
[2024-08-21T13:21:43.744+0530][gc,heap     ] GC(8) Survivor regions: 5->6(7)
[2024-08-21T13:21:43.744+0530][gc,heap     ] GC(8) Old regions: 14->15
[2024-08-21T13:21:43.744+0530][gc,heap     ] GC(8) Archive regions: 2->2
[2024-08-21T13:21:43.744+0530][gc,heap     ] GC(8) Humongous regions: 129->129
[2024-08-21T13:21:43.744+0530][gc,metaspace] GC(8) Metaspace: 43370K(43968K)->43370K(43968K) NonClass: 38161K(38464K)->38161K(38464K) Class: 5208K(5504K)->5208K(5504K)
[2024-08-21T13:21:43.744+0530][gc          ] GC(8) Pause Young (Normal) (G1 Evacuation Pause) 193M->149M(1024M) 33.189ms
[2024-08-21T13:21:43.744+0530][gc,cpu      ] GC(8) User=0.10s Sys=0.00s Real=0.04s
[2024-08-21T13:28:59.030+0530][gc,start    ] GC(9) Pause Young (Normal) (G1 Evacuation Pause)
[2024-08-21T13:28:59.030+0530][gc,task     ] GC(9) Using 8 workers of 8 for evacuation
[2024-08-21T13:28:59.034+0530][gc,phases   ] GC(9)   Pre Evacuate Collection Set: 0.2ms
[2024-08-21T13:28:59.034+0530][gc,phases   ] GC(9)   Merge Heap Roots: 0.1ms
[2024-08-21T13:28:59.034+0530][gc,phases   ] GC(9)   Evacuate Collection Set: 2.9ms
[2024-08-21T13:28:59.034+0530][gc,phases   ] GC(9)   Post Evacuate Collection Set: 0.4ms
[2024-08-21T13:28:59.034+0530][gc,phases   ] GC(9)   Other: 0.2ms
[2024-08-21T13:28:59.034+0530][gc,heap     ] GC(9) Eden regions: 45->0(55)
[2024-08-21T13:28:59.034+0530][gc,heap     ] GC(9) Survivor regions: 6->4(7)
[2024-08-21T13:28:59.034+0530][gc,heap     ] GC(9) Old regions: 15->16
[2024-08-21T13:28:59.034+0530][gc,heap     ] GC(9) Archive regions: 2->2
[2024-08-21T13:28:59.034+0530][gc,heap     ] GC(9) Humongous regions: 129->129
[2024-08-21T13:28:59.034+0530][gc,metaspace] GC(9) Metaspace: 43395K(43968K)->43395K(43968K) NonClass: 38187K(38464K)->38187K(38464K) Class: 5208K(5504K)->5208K(5504K)
[2024-08-21T13:28:59.034+0530][gc          ] GC(9) Pause Young (Normal) (G1 Evacuation Pause) 194M->148M(1024M) 3.962ms
[2024-08-21T13:28:59.034+0530][gc,cpu      ] GC(9) User=0.03s Sys=0.00s Real=0.00s
[2024-08-21T13:33:20.923+0530][gc,heap,exit] Heap
[2024-08-21T13:33:20.923+0530][gc,heap,exit]  garbage-first heap   total 1048576K, used 190915K [0x00000000c0000000, 0x0000000100000000)
[2024-08-21T13:33:20.923+0530][gc,heap,exit]   region size 1024K, 42 young (43008K), 4 survivors (4096K)
[2024-08-21T13:33:20.923+0530][gc,heap,exit]  Metaspace       used 44416K, committed 44992K, reserved 1114112K
[2024-08-21T13:33:20.923+0530][gc,heap,exit]   class space    used 5419K, committed 5696K, reserved 1048576K
