[2024-08-23T09:58:13.043+0530][gc] Using G1
[2024-08-23T09:58:13.047+0530][gc,init] Version: 17.0.12+7-Ubuntu-1ubuntu220.04 (release)
[2024-08-23T09:58:13.047+0530][gc,init] CPUs: 8 total, 8 available
[2024-08-23T09:58:13.047+0530][gc,init] Memory: 15796M
[2024-08-23T09:58:13.047+0530][gc,init] Large Page Support: Disabled
[2024-08-23T09:58:13.047+0530][gc,init] NUMA Support: Disabled
[2024-08-23T09:58:13.047+0530][gc,init] Compressed Oops: Enabled (32-bit)
[2024-08-23T09:58:13.047+0530][gc,init] Heap Region Size: 1M
[2024-08-23T09:58:13.047+0530][gc,init] Heap Min Capacity: 1G
[2024-08-23T09:58:13.047+0530][gc,init] Heap Initial Capacity: 1G
[2024-08-23T09:58:13.047+0530][gc,init] Heap Max Capacity: 1G
[2024-08-23T09:58:13.047+0530][gc,init] Pre-touch: Disabled
[2024-08-23T09:58:13.047+0530][gc,init] Parallel Workers: 8
[2024-08-23T09:58:13.047+0530][gc,init] Concurrent Workers: 2
[2024-08-23T09:58:13.047+0530][gc,init] Concurrent Refinement Workers: 8
[2024-08-23T09:58:13.047+0530][gc,init] Periodic GC: Disabled
[2024-08-23T09:58:13.052+0530][gc,metaspace] CDS archive(s) mapped at: [0x00007f4faf000000-0x00007f4fafbc4000-0x00007f4fafbc4000), size 12337152, SharedBaseAddress: 0x00007f4faf000000, ArchiveRelocationMode: 1.
[2024-08-23T09:58:13.052+0530][gc,metaspace] Compressed class space mapped at: 0x00007f4fb0000000-0x00007f4ff0000000, reserved size: 1073741824
[2024-08-23T09:58:13.052+0530][gc,metaspace] Narrow klass base: 0x00007f4faf000000, Narrow klass shift: 0, Narrow klass range: 0x100000000
[2024-08-23T09:58:13.708+0530][gc,start    ] GC(0) Pause Young (Normal) (G1 Evacuation Pause)
[2024-08-23T09:58:13.709+0530][gc,task     ] GC(0) Using 8 workers of 8 for evacuation
[2024-08-23T09:58:13.713+0530][gc,phases   ] GC(0)   Pre Evacuate Collection Set: 0.1ms
[2024-08-23T09:58:13.713+0530][gc,phases   ] GC(0)   Merge Heap Roots: 0.0ms
[2024-08-23T09:58:13.713+0530][gc,phases   ] GC(0)   Evacuate Collection Set: 3.6ms
[2024-08-23T09:58:13.713+0530][gc,phases   ] GC(0)   Post Evacuate Collection Set: 0.4ms
[2024-08-23T09:58:13.713+0530][gc,phases   ] GC(0)   Other: 0.9ms
[2024-08-23T09:58:13.713+0530][gc,heap     ] GC(0) Eden regions: 51->0(44)
[2024-08-23T09:58:13.713+0530][gc,heap     ] GC(0) Survivor regions: 0->7(7)
[2024-08-23T09:58:13.713+0530][gc,heap     ] GC(0) Old regions: 0->1
[2024-08-23T09:58:13.713+0530][gc,heap     ] GC(0) Archive regions: 2->2
[2024-08-23T09:58:13.713+0530][gc,heap     ] GC(0) Humongous regions: 0->0
[2024-08-23T09:58:13.713+0530][gc,metaspace] GC(0) Metaspace: 18430K(18688K)->18430K(18688K) NonClass: 16237K(16384K)->16237K(16384K) Class: 2193K(2304K)->2193K(2304K)
[2024-08-23T09:58:13.713+0530][gc          ] GC(0) Pause Young (Normal) (G1 Evacuation Pause) 51M->8M(1024M) 5.109ms
[2024-08-23T09:58:13.713+0530][gc,cpu      ] GC(0) User=0.03s Sys=0.00s Real=0.00s
[2024-08-23T09:58:13.828+0530][gc,start    ] GC(1) Pause Young (Concurrent Start) (Metadata GC Threshold)
[2024-08-23T09:58:13.828+0530][gc,task     ] GC(1) Using 8 workers of 8 for evacuation
[2024-08-23T09:58:13.831+0530][gc,phases   ] GC(1)   Pre Evacuate Collection Set: 0.1ms
[2024-08-23T09:58:13.831+0530][gc,phases   ] GC(1)   Merge Heap Roots: 0.0ms
[2024-08-23T09:58:13.831+0530][gc,phases   ] GC(1)   Evacuate Collection Set: 2.3ms
[2024-08-23T09:58:13.831+0530][gc,phases   ] GC(1)   Post Evacuate Collection Set: 0.3ms
[2024-08-23T09:58:13.831+0530][gc,phases   ] GC(1)   Other: 0.1ms
[2024-08-23T09:58:13.831+0530][gc,heap     ] GC(1) Eden regions: 12->0(50)
[2024-08-23T09:58:13.831+0530][gc,heap     ] GC(1) Survivor regions: 7->1(7)
[2024-08-23T09:58:13.831+0530][gc,heap     ] GC(1) Old regions: 1->8
[2024-08-23T09:58:13.831+0530][gc,heap     ] GC(1) Archive regions: 2->2
[2024-08-23T09:58:13.831+0530][gc,heap     ] GC(1) Humongous regions: 0->0
[2024-08-23T09:58:13.831+0530][gc,metaspace] GC(1) Metaspace: 21311K(21504K)->21311K(21504K) NonClass: 18748K(18816K)->18748K(18816K) Class: 2563K(2688K)->2563K(2688K)
[2024-08-23T09:58:13.831+0530][gc          ] GC(1) Pause Young (Concurrent Start) (Metadata GC Threshold) 20M->9M(1024M) 2.862ms
[2024-08-23T09:58:13.831+0530][gc,cpu      ] GC(1) User=0.01s Sys=0.00s Real=0.00s
[2024-08-23T09:58:13.831+0530][gc          ] GC(2) Concurrent Mark Cycle
[2024-08-23T09:58:13.831+0530][gc,marking  ] GC(2) Concurrent Clear Claimed Marks
[2024-08-23T09:58:13.831+0530][gc,marking  ] GC(2) Concurrent Clear Claimed Marks 0.022ms
[2024-08-23T09:58:13.831+0530][gc,marking  ] GC(2) Concurrent Scan Root Regions
[2024-08-23T09:58:13.832+0530][gc,marking  ] GC(2) Concurrent Scan Root Regions 1.631ms
[2024-08-23T09:58:13.832+0530][gc,marking  ] GC(2) Concurrent Mark
[2024-08-23T09:58:13.832+0530][gc,marking  ] GC(2) Concurrent Mark From Roots
[2024-08-23T09:58:13.832+0530][gc,task     ] GC(2) Using 2 workers of 2 for marking
[2024-08-23T09:58:13.834+0530][gc,marking  ] GC(2) Concurrent Mark From Roots 1.295ms
[2024-08-23T09:58:13.834+0530][gc,marking  ] GC(2) Concurrent Preclean
[2024-08-23T09:58:13.834+0530][gc,marking  ] GC(2) Concurrent Preclean 0.056ms
[2024-08-23T09:58:13.834+0530][gc,start    ] GC(2) Pause Remark
[2024-08-23T09:58:13.835+0530][gc          ] GC(2) Pause Remark 10M->10M(1024M) 1.077ms
[2024-08-23T09:58:13.835+0530][gc,cpu      ] GC(2) User=0.01s Sys=0.00s Real=0.01s
[2024-08-23T09:58:13.835+0530][gc,marking  ] GC(2) Concurrent Mark 2.559ms
[2024-08-23T09:58:13.835+0530][gc,marking  ] GC(2) Concurrent Rebuild Remembered Sets
[2024-08-23T09:58:13.837+0530][gc,marking  ] GC(2) Concurrent Rebuild Remembered Sets 1.782ms
[2024-08-23T09:58:13.837+0530][gc,start    ] GC(2) Pause Cleanup
[2024-08-23T09:58:13.837+0530][gc          ] GC(2) Pause Cleanup 10M->10M(1024M) 0.106ms
[2024-08-23T09:58:13.837+0530][gc,cpu      ] GC(2) User=0.00s Sys=0.00s Real=0.00s
[2024-08-23T09:58:13.837+0530][gc,marking  ] GC(2) Concurrent Cleanup for Next Mark
[2024-08-23T09:58:13.840+0530][gc,marking  ] GC(2) Concurrent Cleanup for Next Mark 2.663ms
[2024-08-23T09:58:13.840+0530][gc          ] GC(2) Concurrent Mark Cycle 8.972ms
[2024-08-23T09:58:14.363+0530][gc,start    ] GC(3) Pause Young (Normal) (G1 Evacuation Pause)
[2024-08-23T09:58:14.363+0530][gc,task     ] GC(3) Using 8 workers of 8 for evacuation
[2024-08-23T09:58:14.368+0530][gc,phases   ] GC(3)   Pre Evacuate Collection Set: 0.1ms
[2024-08-23T09:58:14.368+0530][gc,phases   ] GC(3)   Merge Heap Roots: 0.0ms
[2024-08-23T09:58:14.368+0530][gc,phases   ] GC(3)   Evacuate Collection Set: 4.3ms
[2024-08-23T09:58:14.368+0530][gc,phases   ] GC(3)   Post Evacuate Collection Set: 0.4ms
[2024-08-23T09:58:14.368+0530][gc,phases   ] GC(3)   Other: 0.1ms
[2024-08-23T09:58:14.368+0530][gc,heap     ] GC(3) Eden regions: 50->0(45)
[2024-08-23T09:58:14.368+0530][gc,heap     ] GC(3) Survivor regions: 1->6(7)
[2024-08-23T09:58:14.368+0530][gc,heap     ] GC(3) Old regions: 8->8
[2024-08-23T09:58:14.368+0530][gc,heap     ] GC(3) Archive regions: 2->2
[2024-08-23T09:58:14.368+0530][gc,heap     ] GC(3) Humongous regions: 129->129
[2024-08-23T09:58:14.368+0530][gc,metaspace] GC(3) Metaspace: 32835K(33152K)->32835K(33152K) NonClass: 29152K(29312K)->29152K(29312K) Class: 3683K(3840K)->3683K(3840K)
[2024-08-23T09:58:14.368+0530][gc          ] GC(3) Pause Young (Normal) (G1 Evacuation Pause) 188M->143M(1024M) 5.026ms
[2024-08-23T09:58:14.368+0530][gc,cpu      ] GC(3) User=0.03s Sys=0.00s Real=0.00s
[2024-08-23T09:58:14.547+0530][gc,start    ] GC(4) Pause Young (Concurrent Start) (Metadata GC Threshold)
[2024-08-23T09:58:14.547+0530][gc,task     ] GC(4) Using 8 workers of 8 for evacuation
[2024-08-23T09:58:14.552+0530][gc,phases   ] GC(4)   Pre Evacuate Collection Set: 0.2ms
[2024-08-23T09:58:14.552+0530][gc,phases   ] GC(4)   Merge Heap Roots: 0.0ms
[2024-08-23T09:58:14.552+0530][gc,phases   ] GC(4)   Evacuate Collection Set: 4.7ms
[2024-08-23T09:58:14.552+0530][gc,phases   ] GC(4)   Post Evacuate Collection Set: 0.6ms
[2024-08-23T09:58:14.552+0530][gc,phases   ] GC(4)   Other: 0.2ms
[2024-08-23T09:58:14.552+0530][gc,heap     ] GC(4) Eden regions: 14->0(49)
[2024-08-23T09:58:14.553+0530][gc,heap     ] GC(4) Survivor regions: 6->2(7)
[2024-08-23T09:58:14.553+0530][gc,heap     ] GC(4) Old regions: 8->14
[2024-08-23T09:58:14.553+0530][gc,heap     ] GC(4) Archive regions: 2->2
[2024-08-23T09:58:14.553+0530][gc,heap     ] GC(4) Humongous regions: 129->129
[2024-08-23T09:58:14.553+0530][gc,metaspace] GC(4) Metaspace: 35826K(36096K)->35826K(36096K) NonClass: 31796K(31936K)->31796K(31936K) Class: 4029K(4160K)->4029K(4160K)
[2024-08-23T09:58:14.553+0530][gc          ] GC(4) Pause Young (Concurrent Start) (Metadata GC Threshold) 157M->144M(1024M) 5.775ms
[2024-08-23T09:58:14.553+0530][gc,cpu      ] GC(4) User=0.03s Sys=0.00s Real=0.00s
[2024-08-23T09:58:14.553+0530][gc          ] GC(5) Concurrent Mark Cycle
[2024-08-23T09:58:14.553+0530][gc,marking  ] GC(5) Concurrent Clear Claimed Marks
[2024-08-23T09:58:14.553+0530][gc,marking  ] GC(5) Concurrent Clear Claimed Marks 0.050ms
[2024-08-23T09:58:14.553+0530][gc,marking  ] GC(5) Concurrent Scan Root Regions
[2024-08-23T09:58:14.556+0530][gc,marking  ] GC(5) Concurrent Scan Root Regions 3.354ms
[2024-08-23T09:58:14.556+0530][gc,marking  ] GC(5) Concurrent Mark
[2024-08-23T09:58:14.556+0530][gc,marking  ] GC(5) Concurrent Mark From Roots
[2024-08-23T09:58:14.556+0530][gc,task     ] GC(5) Using 2 workers of 2 for marking
[2024-08-23T09:58:14.564+0530][gc,marking  ] GC(5) Concurrent Mark From Roots 7.610ms
[2024-08-23T09:58:14.564+0530][gc,marking  ] GC(5) Concurrent Preclean
[2024-08-23T09:58:14.564+0530][gc,marking  ] GC(5) Concurrent Preclean 0.170ms
[2024-08-23T09:58:14.564+0530][gc,start    ] GC(5) Pause Remark
[2024-08-23T09:58:14.566+0530][gc          ] GC(5) Pause Remark 144M->144M(1024M) 1.803ms
[2024-08-23T09:58:14.566+0530][gc,cpu      ] GC(5) User=0.01s Sys=0.00s Real=0.00s
[2024-08-23T09:58:14.566+0530][gc,marking  ] GC(5) Concurrent Mark 9.835ms
[2024-08-23T09:58:14.566+0530][gc,marking  ] GC(5) Concurrent Rebuild Remembered Sets
[2024-08-23T09:58:14.572+0530][gc,marking  ] GC(5) Concurrent Rebuild Remembered Sets 6.469ms
[2024-08-23T09:58:14.573+0530][gc,start    ] GC(5) Pause Cleanup
[2024-08-23T09:58:14.573+0530][gc          ] GC(5) Pause Cleanup 145M->145M(1024M) 0.188ms
[2024-08-23T09:58:14.573+0530][gc,cpu      ] GC(5) User=0.00s Sys=0.00s Real=0.00s
[2024-08-23T09:58:14.573+0530][gc,marking  ] GC(5) Concurrent Cleanup for Next Mark
[2024-08-23T09:58:14.577+0530][gc,marking  ] GC(5) Concurrent Cleanup for Next Mark 4.203ms
[2024-08-23T09:58:14.577+0530][gc          ] GC(5) Concurrent Mark Cycle 24.491ms
[2024-08-23T10:03:42.889+0530][gc,start    ] GC(6) Pause Young (Normal) (G1 Evacuation Pause)
[2024-08-23T10:03:42.889+0530][gc,task     ] GC(6) Using 8 workers of 8 for evacuation
[2024-08-23T10:03:42.895+0530][gc,phases   ] GC(6)   Pre Evacuate Collection Set: 0.5ms
[2024-08-23T10:03:42.896+0530][gc,phases   ] GC(6)   Merge Heap Roots: 0.2ms
[2024-08-23T10:03:42.896+0530][gc,phases   ] GC(6)   Evacuate Collection Set: 4.8ms
[2024-08-23T10:03:42.896+0530][gc,phases   ] GC(6)   Post Evacuate Collection Set: 0.5ms
[2024-08-23T10:03:42.896+0530][gc,phases   ] GC(6)   Other: 0.3ms
[2024-08-23T10:03:42.896+0530][gc,heap     ] GC(6) Eden regions: 49->0(47)
[2024-08-23T10:03:42.896+0530][gc,heap     ] GC(6) Survivor regions: 2->4(7)
[2024-08-23T10:03:42.896+0530][gc,heap     ] GC(6) Old regions: 14->14
[2024-08-23T10:03:42.896+0530][gc,heap     ] GC(6) Archive regions: 2->2
[2024-08-23T10:03:42.896+0530][gc,heap     ] GC(6) Humongous regions: 129->129
[2024-08-23T10:03:42.896+0530][gc,metaspace] GC(6) Metaspace: 39635K(40064K)->39635K(40064K) NonClass: 35144K(35392K)->35144K(35392K) Class: 4491K(4672K)->4491K(4672K)
[2024-08-23T10:03:42.896+0530][gc          ] GC(6) Pause Young (Normal) (G1 Evacuation Pause) 193M->146M(1024M) 6.462ms
[2024-08-23T10:03:42.896+0530][gc,cpu      ] GC(6) User=0.03s Sys=0.00s Real=0.01s
[2024-08-23T10:10:42.073+0530][gc,start    ] GC(7) Pause Young (Normal) (G1 Evacuation Pause)
[2024-08-23T10:10:42.074+0530][gc,task     ] GC(7) Using 8 workers of 8 for evacuation
[2024-08-23T10:10:42.080+0530][gc,phases   ] GC(7)   Pre Evacuate Collection Set: 0.3ms
[2024-08-23T10:10:42.080+0530][gc,phases   ] GC(7)   Merge Heap Roots: 0.2ms
[2024-08-23T10:10:42.080+0530][gc,phases   ] GC(7)   Evacuate Collection Set: 5.9ms
[2024-08-23T10:10:42.080+0530][gc,phases   ] GC(7)   Post Evacuate Collection Set: 0.4ms
[2024-08-23T10:10:42.080+0530][gc,phases   ] GC(7)   Other: 0.3ms
[2024-08-23T10:10:42.080+0530][gc,heap     ] GC(7) Eden regions: 47->0(46)
[2024-08-23T10:10:42.080+0530][gc,heap     ] GC(7) Survivor regions: 4->5(7)
[2024-08-23T10:10:42.080+0530][gc,heap     ] GC(7) Old regions: 14->14
[2024-08-23T10:10:42.081+0530][gc,heap     ] GC(7) Archive regions: 2->2
[2024-08-23T10:10:42.081+0530][gc,heap     ] GC(7) Humongous regions: 129->129
[2024-08-23T10:10:42.081+0530][gc,metaspace] GC(7) Metaspace: 39935K(40320K)->39935K(40320K) NonClass: 35436K(35648K)->35436K(35648K) Class: 4498K(4672K)->4498K(4672K)
[2024-08-23T10:10:42.081+0530][gc          ] GC(7) Pause Young (Normal) (G1 Evacuation Pause) 193M->147M(1024M) 7.091ms
[2024-08-23T10:10:42.081+0530][gc,cpu      ] GC(7) User=0.04s Sys=0.01s Real=0.01s
[2024-08-23T10:18:16.757+0530][gc,start    ] GC(8) Pause Young (Normal) (G1 Evacuation Pause)
[2024-08-23T10:18:16.757+0530][gc,task     ] GC(8) Using 8 workers of 8 for evacuation
[2024-08-23T10:18:16.763+0530][gc,phases   ] GC(8)   Pre Evacuate Collection Set: 0.2ms
[2024-08-23T10:18:16.763+0530][gc,phases   ] GC(8)   Merge Heap Roots: 0.1ms
[2024-08-23T10:18:16.763+0530][gc,phases   ] GC(8)   Evacuate Collection Set: 5.0ms
[2024-08-23T10:18:16.763+0530][gc,phases   ] GC(8)   Post Evacuate Collection Set: 0.5ms
[2024-08-23T10:18:16.763+0530][gc,phases   ] GC(8)   Other: 0.2ms
[2024-08-23T10:18:16.763+0530][gc,heap     ] GC(8) Eden regions: 46->0(47)
[2024-08-23T10:18:16.763+0530][gc,heap     ] GC(8) Survivor regions: 5->4(7)
[2024-08-23T10:18:16.763+0530][gc,heap     ] GC(8) Old regions: 14->15
[2024-08-23T10:18:16.763+0530][gc,heap     ] GC(8) Archive regions: 2->2
[2024-08-23T10:18:16.763+0530][gc,heap     ] GC(8) Humongous regions: 129->129
[2024-08-23T10:18:16.763+0530][gc,metaspace] GC(8) Metaspace: 40036K(40448K)->40036K(40448K) NonClass: 35530K(35776K)->35530K(35776K) Class: 4505K(4672K)->4505K(4672K)
[2024-08-23T10:18:16.763+0530][gc          ] GC(8) Pause Young (Normal) (G1 Evacuation Pause) 193M->147M(1024M) 6.157ms
[2024-08-23T10:18:16.763+0530][gc,cpu      ] GC(8) User=0.03s Sys=0.01s Real=0.01s
[2024-08-23T10:26:23.366+0530][gc,start    ] GC(9) Pause Young (Normal) (G1 Evacuation Pause)
[2024-08-23T10:26:23.368+0530][gc,task     ] GC(9) Using 8 workers of 8 for evacuation
[2024-08-23T10:26:23.372+0530][gc,phases   ] GC(9)   Pre Evacuate Collection Set: 0.1ms
[2024-08-23T10:26:23.372+0530][gc,phases   ] GC(9)   Merge Heap Roots: 0.0ms
[2024-08-23T10:26:23.372+0530][gc,phases   ] GC(9)   Evacuate Collection Set: 2.7ms
[2024-08-23T10:26:23.372+0530][gc,phases   ] GC(9)   Post Evacuate Collection Set: 1.0ms
[2024-08-23T10:26:23.372+0530][gc,phases   ] GC(9)   Other: 1.5ms
[2024-08-23T10:26:23.372+0530][gc,heap     ] GC(9) Eden regions: 47->0(69)
[2024-08-23T10:26:23.372+0530][gc,heap     ] GC(9) Survivor regions: 4->4(7)
[2024-08-23T10:26:23.372+0530][gc,heap     ] GC(9) Old regions: 15->15
[2024-08-23T10:26:23.372+0530][gc,heap     ] GC(9) Archive regions: 2->2
[2024-08-23T10:26:23.372+0530][gc,heap     ] GC(9) Humongous regions: 129->129
[2024-08-23T10:26:23.372+0530][gc,metaspace] GC(9) Metaspace: 40097K(40512K)->40097K(40512K) NonClass: 35591K(35840K)->35591K(35840K) Class: 4506K(4672K)->4506K(4672K)
[2024-08-23T10:26:23.372+0530][gc          ] GC(9) Pause Young (Normal) (G1 Evacuation Pause) 194M->147M(1024M) 5.394ms
[2024-08-23T10:26:23.372+0530][gc,cpu      ] GC(9) User=0.02s Sys=0.00s Real=0.00s
[2024-08-23T10:38:14.123+0530][gc,start    ] GC(10) Pause Young (Normal) (G1 Evacuation Pause)
[2024-08-23T10:38:14.125+0530][gc,task     ] GC(10) Using 8 workers of 8 for evacuation
[2024-08-23T10:38:14.133+0530][gc,phases   ] GC(10)   Pre Evacuate Collection Set: 0.4ms
[2024-08-23T10:38:14.133+0530][gc,phases   ] GC(10)   Merge Heap Roots: 0.4ms
[2024-08-23T10:38:14.133+0530][gc,phases   ] GC(10)   Evacuate Collection Set: 6.7ms
[2024-08-23T10:38:14.133+0530][gc,phases   ] GC(10)   Post Evacuate Collection Set: 0.6ms
[2024-08-23T10:38:14.133+0530][gc,phases   ] GC(10)   Other: 2.0ms
[2024-08-23T10:38:14.133+0530][gc,heap     ] GC(10) Eden regions: 69->0(278)
[2024-08-23T10:38:14.133+0530][gc,heap     ] GC(10) Survivor regions: 4->4(10)
[2024-08-23T10:38:14.133+0530][gc,heap     ] GC(10) Old regions: 15->15
[2024-08-23T10:38:14.133+0530][gc,heap     ] GC(10) Archive regions: 2->2
[2024-08-23T10:38:14.133+0530][gc,heap     ] GC(10) Humongous regions: 129->129
[2024-08-23T10:38:14.133+0530][gc,metaspace] GC(10) Metaspace: 40720K(41152K)->40720K(41152K) NonClass: 36095K(36352K)->36095K(36352K) Class: 4625K(4800K)->4625K(4800K)
[2024-08-23T10:38:14.133+0530][gc          ] GC(10) Pause Young (Normal) (G1 Evacuation Pause) 216M->147M(1024M) 10.253ms
[2024-08-23T10:38:14.133+0530][gc,cpu      ] GC(10) User=0.05s Sys=0.01s Real=0.00s
