[2024-08-23T09:58:02.874+0530][gc] Using G1
[2024-08-23T09:58:02.878+0530][gc,init] Version: 17.0.12+7-Ubuntu-1ubuntu220.04 (release)
[2024-08-23T09:58:02.878+0530][gc,init] CPUs: 8 total, 8 available
[2024-08-23T09:58:02.878+0530][gc,init] Memory: 15796M
[2024-08-23T09:58:02.878+0530][gc,init] Large Page Support: Disabled
[2024-08-23T09:58:02.878+0530][gc,init] NUMA Support: Disabled
[2024-08-23T09:58:02.878+0530][gc,init] Compressed Oops: Enabled (32-bit)
[2024-08-23T09:58:02.878+0530][gc,init] Heap Region Size: 1M
[2024-08-23T09:58:02.878+0530][gc,init] Heap Min Capacity: 1G
[2024-08-23T09:58:02.878+0530][gc,init] Heap Initial Capacity: 1G
[2024-08-23T09:58:02.878+0530][gc,init] Heap Max Capacity: 1G
[2024-08-23T09:58:02.878+0530][gc,init] Pre-touch: Disabled
[2024-08-23T09:58:02.878+0530][gc,init] Parallel Workers: 8
[2024-08-23T09:58:02.878+0530][gc,init] Concurrent Workers: 2
[2024-08-23T09:58:02.878+0530][gc,init] Concurrent Refinement Workers: 8
[2024-08-23T09:58:02.878+0530][gc,init] Periodic GC: Disabled
[2024-08-23T09:58:02.883+0530][gc,metaspace] CDS archive(s) mapped at: [0x00007ff6fb000000-0x00007ff6fbbc4000-0x00007ff6fbbc4000), size 12337152, SharedBaseAddress: 0x00007ff6fb000000, ArchiveRelocationMode: 1.
[2024-08-23T09:58:02.883+0530][gc,metaspace] Compressed class space mapped at: 0x00007ff6fc000000-0x00007ff73c000000, reserved size: 1073741824
[2024-08-23T09:58:02.883+0530][gc,metaspace] Narrow klass base: 0x00007ff6fb000000, Narrow klass shift: 0, Narrow klass range: 0x100000000
[2024-08-23T09:58:03.644+0530][gc,start    ] GC(0) Pause Young (Normal) (G1 Evacuation Pause)
[2024-08-23T09:58:03.645+0530][gc,task     ] GC(0) Using 8 workers of 8 for evacuation
[2024-08-23T09:58:03.649+0530][gc,phases   ] GC(0)   Pre Evacuate Collection Set: 0.1ms
[2024-08-23T09:58:03.649+0530][gc,phases   ] GC(0)   Merge Heap Roots: 0.0ms
[2024-08-23T09:58:03.649+0530][gc,phases   ] GC(0)   Evacuate Collection Set: 3.5ms
[2024-08-23T09:58:03.649+0530][gc,phases   ] GC(0)   Post Evacuate Collection Set: 0.4ms
[2024-08-23T09:58:03.649+0530][gc,phases   ] GC(0)   Other: 0.9ms
[2024-08-23T09:58:03.649+0530][gc,heap     ] GC(0) Eden regions: 51->0(44)
[2024-08-23T09:58:03.649+0530][gc,heap     ] GC(0) Survivor regions: 0->7(7)
[2024-08-23T09:58:03.649+0530][gc,heap     ] GC(0) Old regions: 0->2
[2024-08-23T09:58:03.649+0530][gc,heap     ] GC(0) Archive regions: 2->2
[2024-08-23T09:58:03.649+0530][gc,heap     ] GC(0) Humongous regions: 0->0
[2024-08-23T09:58:03.649+0530][gc,metaspace] GC(0) Metaspace: 18442K(18688K)->18442K(18688K) NonClass: 16249K(16384K)->16249K(16384K) Class: 2193K(2304K)->2193K(2304K)
[2024-08-23T09:58:03.649+0530][gc          ] GC(0) Pause Young (Normal) (G1 Evacuation Pause) 51M->8M(1024M) 5.042ms
[2024-08-23T09:58:03.649+0530][gc,cpu      ] GC(0) User=0.02s Sys=0.01s Real=0.00s
[2024-08-23T09:58:03.772+0530][gc,start    ] GC(1) Pause Young (Concurrent Start) (Metadata GC Threshold)
[2024-08-23T09:58:03.772+0530][gc,task     ] GC(1) Using 8 workers of 8 for evacuation
[2024-08-23T09:58:03.775+0530][gc,phases   ] GC(1)   Pre Evacuate Collection Set: 0.1ms
[2024-08-23T09:58:03.775+0530][gc,phases   ] GC(1)   Merge Heap Roots: 0.0ms
[2024-08-23T09:58:03.775+0530][gc,phases   ] GC(1)   Evacuate Collection Set: 2.5ms
[2024-08-23T09:58:03.775+0530][gc,phases   ] GC(1)   Post Evacuate Collection Set: 0.3ms
[2024-08-23T09:58:03.775+0530][gc,phases   ] GC(1)   Other: 0.2ms
[2024-08-23T09:58:03.775+0530][gc,heap     ] GC(1) Eden regions: 11->0(50)
[2024-08-23T09:58:03.775+0530][gc,heap     ] GC(1) Survivor regions: 7->1(7)
[2024-08-23T09:58:03.775+0530][gc,heap     ] GC(1) Old regions: 2->9
[2024-08-23T09:58:03.775+0530][gc,heap     ] GC(1) Archive regions: 2->2
[2024-08-23T09:58:03.775+0530][gc,heap     ] GC(1) Humongous regions: 0->0
[2024-08-23T09:58:03.775+0530][gc,metaspace] GC(1) Metaspace: 21313K(21504K)->21313K(21504K) NonClass: 18750K(18816K)->18750K(18816K) Class: 2563K(2688K)->2563K(2688K)
[2024-08-23T09:58:03.775+0530][gc          ] GC(1) Pause Young (Concurrent Start) (Metadata GC Threshold) 19M->10M(1024M) 3.113ms
[2024-08-23T09:58:03.776+0530][gc,cpu      ] GC(1) User=0.02s Sys=0.00s Real=0.01s
[2024-08-23T09:58:03.776+0530][gc          ] GC(2) Concurrent Mark Cycle
[2024-08-23T09:58:03.776+0530][gc,marking  ] GC(2) Concurrent Clear Claimed Marks
[2024-08-23T09:58:03.776+0530][gc,marking  ] GC(2) Concurrent Clear Claimed Marks 0.018ms
[2024-08-23T09:58:03.776+0530][gc,marking  ] GC(2) Concurrent Scan Root Regions
[2024-08-23T09:58:03.777+0530][gc,marking  ] GC(2) Concurrent Scan Root Regions 1.374ms
[2024-08-23T09:58:03.777+0530][gc,marking  ] GC(2) Concurrent Mark
[2024-08-23T09:58:03.777+0530][gc,marking  ] GC(2) Concurrent Mark From Roots
[2024-08-23T09:58:03.777+0530][gc,task     ] GC(2) Using 2 workers of 2 for marking
[2024-08-23T09:58:03.778+0530][gc,marking  ] GC(2) Concurrent Mark From Roots 1.172ms
[2024-08-23T09:58:03.778+0530][gc,marking  ] GC(2) Concurrent Preclean
[2024-08-23T09:58:03.778+0530][gc,marking  ] GC(2) Concurrent Preclean 0.039ms
[2024-08-23T09:58:03.778+0530][gc,start    ] GC(2) Pause Remark
[2024-08-23T09:58:03.780+0530][gc          ] GC(2) Pause Remark 10M->10M(1024M) 1.390ms
[2024-08-23T09:58:03.780+0530][gc,cpu      ] GC(2) User=0.01s Sys=0.00s Real=0.00s
[2024-08-23T09:58:03.780+0530][gc,marking  ] GC(2) Concurrent Mark 2.775ms
[2024-08-23T09:58:03.780+0530][gc,marking  ] GC(2) Concurrent Rebuild Remembered Sets
[2024-08-23T09:58:03.781+0530][gc,marking  ] GC(2) Concurrent Rebuild Remembered Sets 1.587ms
[2024-08-23T09:58:03.781+0530][gc,start    ] GC(2) Pause Cleanup
[2024-08-23T09:58:03.782+0530][gc          ] GC(2) Pause Cleanup 10M->10M(1024M) 0.095ms
[2024-08-23T09:58:03.782+0530][gc,cpu      ] GC(2) User=0.00s Sys=0.00s Real=0.00s
[2024-08-23T09:58:03.782+0530][gc,marking  ] GC(2) Concurrent Cleanup for Next Mark
[2024-08-23T09:58:03.784+0530][gc,marking  ] GC(2) Concurrent Cleanup for Next Mark 2.400ms
[2024-08-23T09:58:03.784+0530][gc          ] GC(2) Concurrent Mark Cycle 8.545ms
[2024-08-23T09:58:04.302+0530][gc,start    ] GC(3) Pause Young (Normal) (GCLocker Initiated GC)
[2024-08-23T09:58:04.302+0530][gc,task     ] GC(3) Using 8 workers of 8 for evacuation
[2024-08-23T09:58:04.306+0530][gc,phases   ] GC(3)   Pre Evacuate Collection Set: 0.1ms
[2024-08-23T09:58:04.306+0530][gc,phases   ] GC(3)   Merge Heap Roots: 0.1ms
[2024-08-23T09:58:04.306+0530][gc,phases   ] GC(3)   Evacuate Collection Set: 3.3ms
[2024-08-23T09:58:04.306+0530][gc,phases   ] GC(3)   Post Evacuate Collection Set: 0.4ms
[2024-08-23T09:58:04.306+0530][gc,phases   ] GC(3)   Other: 0.1ms
[2024-08-23T09:58:04.306+0530][gc,heap     ] GC(3) Eden regions: 50->0(45)
[2024-08-23T09:58:04.306+0530][gc,heap     ] GC(3) Survivor regions: 1->6(7)
[2024-08-23T09:58:04.306+0530][gc,heap     ] GC(3) Old regions: 9->9
[2024-08-23T09:58:04.306+0530][gc,heap     ] GC(3) Archive regions: 2->2
[2024-08-23T09:58:04.306+0530][gc,heap     ] GC(3) Humongous regions: 129->129
[2024-08-23T09:58:04.306+0530][gc,metaspace] GC(3) Metaspace: 32876K(33152K)->32876K(33152K) NonClass: 29190K(29312K)->29190K(29312K) Class: 3686K(3840K)->3686K(3840K)
[2024-08-23T09:58:04.306+0530][gc          ] GC(3) Pause Young (Normal) (GCLocker Initiated GC) 189M->143M(1024M) 4.174ms
[2024-08-23T09:58:04.306+0530][gc,cpu      ] GC(3) User=0.02s Sys=0.01s Real=0.01s
[2024-08-23T09:58:04.401+0530][gc,start    ] GC(4) Pause Young (Concurrent Start) (Metadata GC Threshold)
[2024-08-23T09:58:04.401+0530][gc,task     ] GC(4) Using 8 workers of 8 for evacuation
[2024-08-23T09:58:04.406+0530][gc,phases   ] GC(4)   Pre Evacuate Collection Set: 0.1ms
[2024-08-23T09:58:04.406+0530][gc,phases   ] GC(4)   Merge Heap Roots: 0.0ms
[2024-08-23T09:58:04.406+0530][gc,phases   ] GC(4)   Evacuate Collection Set: 3.9ms
[2024-08-23T09:58:04.406+0530][gc,phases   ] GC(4)   Post Evacuate Collection Set: 0.3ms
[2024-08-23T09:58:04.406+0530][gc,phases   ] GC(4)   Other: 0.1ms
[2024-08-23T09:58:04.406+0530][gc,heap     ] GC(4) Eden regions: 14->0(50)
[2024-08-23T09:58:04.406+0530][gc,heap     ] GC(4) Survivor regions: 6->1(7)
[2024-08-23T09:58:04.406+0530][gc,heap     ] GC(4) Old regions: 9->14
[2024-08-23T09:58:04.406+0530][gc,heap     ] GC(4) Archive regions: 2->2
[2024-08-23T09:58:04.406+0530][gc,heap     ] GC(4) Humongous regions: 129->129
[2024-08-23T09:58:04.406+0530][gc,metaspace] GC(4) Metaspace: 35637K(35968K)->35637K(35968K) NonClass: 31571K(31744K)->31571K(31744K) Class: 4066K(4224K)->4066K(4224K)
[2024-08-23T09:58:04.406+0530][gc          ] GC(4) Pause Young (Concurrent Start) (Metadata GC Threshold) 157M->144M(1024M) 4.626ms
[2024-08-23T09:58:04.406+0530][gc,cpu      ] GC(4) User=0.03s Sys=0.00s Real=0.01s
[2024-08-23T09:58:04.406+0530][gc          ] GC(5) Concurrent Mark Cycle
[2024-08-23T09:58:04.406+0530][gc,marking  ] GC(5) Concurrent Clear Claimed Marks
[2024-08-23T09:58:04.406+0530][gc,marking  ] GC(5) Concurrent Clear Claimed Marks 0.042ms
[2024-08-23T09:58:04.406+0530][gc,marking  ] GC(5) Concurrent Scan Root Regions
[2024-08-23T09:58:04.410+0530][gc,marking  ] GC(5) Concurrent Scan Root Regions 3.889ms
[2024-08-23T09:58:04.410+0530][gc,marking  ] GC(5) Concurrent Mark
[2024-08-23T09:58:04.410+0530][gc,marking  ] GC(5) Concurrent Mark From Roots
[2024-08-23T09:58:04.410+0530][gc,task     ] GC(5) Using 2 workers of 2 for marking
[2024-08-23T09:58:04.420+0530][gc,marking  ] GC(5) Concurrent Mark From Roots 9.911ms
[2024-08-23T09:58:04.420+0530][gc,marking  ] GC(5) Concurrent Preclean
[2024-08-23T09:58:04.420+0530][gc,marking  ] GC(5) Concurrent Preclean 0.120ms
[2024-08-23T09:58:04.420+0530][gc,start    ] GC(5) Pause Remark
[2024-08-23T09:58:04.422+0530][gc          ] GC(5) Pause Remark 146M->146M(1024M) 1.833ms
[2024-08-23T09:58:04.422+0530][gc,cpu      ] GC(5) User=0.01s Sys=0.00s Real=0.00s
[2024-08-23T09:58:04.422+0530][gc,marking  ] GC(5) Concurrent Mark 12.129ms
[2024-08-23T09:58:04.422+0530][gc,marking  ] GC(5) Concurrent Rebuild Remembered Sets
[2024-08-23T09:58:04.428+0530][gc,marking  ] GC(5) Concurrent Rebuild Remembered Sets 6.149ms
[2024-08-23T09:58:04.428+0530][gc,start    ] GC(5) Pause Cleanup
[2024-08-23T09:58:04.429+0530][gc          ] GC(5) Pause Cleanup 147M->147M(1024M) 0.149ms
[2024-08-23T09:58:04.429+0530][gc,cpu      ] GC(5) User=0.00s Sys=0.00s Real=0.00s
[2024-08-23T09:58:04.429+0530][gc,marking  ] GC(5) Concurrent Cleanup for Next Mark
[2024-08-23T09:58:04.433+0530][gc,marking  ] GC(5) Concurrent Cleanup for Next Mark 3.923ms
[2024-08-23T09:58:04.433+0530][gc          ] GC(5) Concurrent Mark Cycle 26.663ms
[2024-08-23T10:05:42.272+0530][gc,start    ] GC(6) Pause Young (Prepare Mixed) (G1 Evacuation Pause)
[2024-08-23T10:05:42.274+0530][gc,task     ] GC(6) Using 8 workers of 8 for evacuation
[2024-08-23T10:05:42.281+0530][gc,phases   ] GC(6)   Pre Evacuate Collection Set: 0.4ms
[2024-08-23T10:05:42.281+0530][gc,phases   ] GC(6)   Merge Heap Roots: 0.2ms
[2024-08-23T10:05:42.281+0530][gc,phases   ] GC(6)   Evacuate Collection Set: 5.9ms
[2024-08-23T10:05:42.281+0530][gc,phases   ] GC(6)   Post Evacuate Collection Set: 0.6ms
[2024-08-23T10:05:42.281+0530][gc,phases   ] GC(6)   Other: 1.8ms
[2024-08-23T10:05:42.281+0530][gc,heap     ] GC(6) Eden regions: 50->0(47)
[2024-08-23T10:05:42.281+0530][gc,heap     ] GC(6) Survivor regions: 1->4(7)
[2024-08-23T10:05:42.281+0530][gc,heap     ] GC(6) Old regions: 14->14
[2024-08-23T10:05:42.281+0530][gc,heap     ] GC(6) Archive regions: 2->2
[2024-08-23T10:05:42.281+0530][gc,heap     ] GC(6) Humongous regions: 129->129
[2024-08-23T10:05:42.281+0530][gc,metaspace] GC(6) Metaspace: 41001K(41472K)->41001K(41472K) NonClass: 36198K(36480K)->36198K(36480K) Class: 4803K(4992K)->4803K(4992K)
[2024-08-23T10:05:42.281+0530][gc          ] GC(6) Pause Young (Prepare Mixed) (G1 Evacuation Pause) 194M->147M(1024M) 9.007ms
[2024-08-23T10:05:42.281+0530][gc,cpu      ] GC(6) User=0.04s Sys=0.00s Real=0.01s
[2024-08-23T10:12:51.472+0530][gc,start    ] GC(7) Pause Young (Mixed) (G1 Evacuation Pause)
[2024-08-23T10:12:51.472+0530][gc,task     ] GC(7) Using 8 workers of 8 for evacuation
[2024-08-23T10:12:51.485+0530][gc,phases   ] GC(7)   Pre Evacuate Collection Set: 0.4ms
[2024-08-23T10:12:51.485+0530][gc,phases   ] GC(7)   Merge Heap Roots: 0.4ms
[2024-08-23T10:12:51.485+0530][gc,phases   ] GC(7)   Evacuate Collection Set: 10.9ms
[2024-08-23T10:12:51.485+0530][gc,phases   ] GC(7)   Post Evacuate Collection Set: 0.8ms
[2024-08-23T10:12:51.485+0530][gc,phases   ] GC(7)   Other: 0.5ms
[2024-08-23T10:12:51.485+0530][gc,heap     ] GC(7) Eden regions: 47->0(47)
[2024-08-23T10:12:51.485+0530][gc,heap     ] GC(7) Survivor regions: 4->4(7)
[2024-08-23T10:12:51.485+0530][gc,heap     ] GC(7) Old regions: 14->15
[2024-08-23T10:12:51.485+0530][gc,heap     ] GC(7) Archive regions: 2->2
[2024-08-23T10:12:51.485+0530][gc,heap     ] GC(7) Humongous regions: 129->129
[2024-08-23T10:12:51.485+0530][gc,metaspace] GC(7) Metaspace: 41274K(41792K)->41274K(41792K) NonClass: 36455K(36736K)->36455K(36736K) Class: 4819K(5056K)->4819K(5056K)
[2024-08-23T10:12:51.485+0530][gc          ] GC(7) Pause Young (Mixed) (G1 Evacuation Pause) 194M->147M(1024M) 13.031ms
[2024-08-23T10:12:51.485+0530][gc,cpu      ] GC(7) User=0.07s Sys=0.01s Real=0.02s
[2024-08-23T10:20:43.156+0530][gc,start    ] GC(8) Pause Young (Normal) (G1 Evacuation Pause)
[2024-08-23T10:20:43.158+0530][gc,task     ] GC(8) Using 8 workers of 8 for evacuation
[2024-08-23T10:20:43.165+0530][gc,phases   ] GC(8)   Pre Evacuate Collection Set: 0.4ms
[2024-08-23T10:20:43.165+0530][gc,phases   ] GC(8)   Merge Heap Roots: 0.2ms
[2024-08-23T10:20:43.165+0530][gc,phases   ] GC(8)   Evacuate Collection Set: 5.4ms
[2024-08-23T10:20:43.165+0530][gc,phases   ] GC(8)   Post Evacuate Collection Set: 0.7ms
[2024-08-23T10:20:43.165+0530][gc,phases   ] GC(8)   Other: 1.9ms
[2024-08-23T10:20:43.165+0530][gc,heap     ] GC(8) Eden regions: 47->0(47)
[2024-08-23T10:20:43.165+0530][gc,heap     ] GC(8) Survivor regions: 4->4(7)
[2024-08-23T10:20:43.165+0530][gc,heap     ] GC(8) Old regions: 15->15
[2024-08-23T10:20:43.165+0530][gc,heap     ] GC(8) Archive regions: 2->2
[2024-08-23T10:20:43.165+0530][gc,heap     ] GC(8) Humongous regions: 129->129
[2024-08-23T10:20:43.165+0530][gc,metaspace] GC(8) Metaspace: 41366K(41856K)->41366K(41856K) NonClass: 36547K(36800K)->36547K(36800K) Class: 4819K(5056K)->4819K(5056K)
[2024-08-23T10:20:43.165+0530][gc          ] GC(8) Pause Young (Normal) (G1 Evacuation Pause) 194M->147M(1024M) 8.635ms
[2024-08-23T10:20:43.165+0530][gc,cpu      ] GC(8) User=0.04s Sys=0.00s Real=0.01s
[2024-08-23T10:28:56.278+0530][gc,start    ] GC(9) Pause Young (Normal) (G1 Evacuation Pause)
[2024-08-23T10:28:56.278+0530][gc,task     ] GC(9) Using 8 workers of 8 for evacuation
[2024-08-23T10:28:56.282+0530][gc,phases   ] GC(9)   Pre Evacuate Collection Set: 0.2ms
[2024-08-23T10:28:56.282+0530][gc,phases   ] GC(9)   Merge Heap Roots: 0.0ms
[2024-08-23T10:28:56.282+0530][gc,phases   ] GC(9)   Evacuate Collection Set: 2.9ms
[2024-08-23T10:28:56.282+0530][gc,phases   ] GC(9)   Post Evacuate Collection Set: 0.5ms
[2024-08-23T10:28:56.282+0530][gc,phases   ] GC(9)   Other: 0.1ms
[2024-08-23T10:28:56.282+0530][gc,heap     ] GC(9) Eden regions: 47->0(66)
[2024-08-23T10:28:56.282+0530][gc,heap     ] GC(9) Survivor regions: 4->4(7)
[2024-08-23T10:28:56.282+0530][gc,heap     ] GC(9) Old regions: 15->15
[2024-08-23T10:28:56.282+0530][gc,heap     ] GC(9) Archive regions: 2->2
[2024-08-23T10:28:56.282+0530][gc,heap     ] GC(9) Humongous regions: 129->129
[2024-08-23T10:28:56.282+0530][gc,metaspace] GC(9) Metaspace: 41391K(41920K)->41391K(41920K) NonClass: 36572K(36864K)->36572K(36864K) Class: 4819K(5056K)->4819K(5056K)
[2024-08-23T10:28:56.282+0530][gc          ] GC(9) Pause Young (Normal) (G1 Evacuation Pause) 194M->147M(1024M) 3.839ms
[2024-08-23T10:28:56.282+0530][gc,cpu      ] GC(9) User=0.01s Sys=0.00s Real=0.01s
[2024-08-23T10:39:59.521+0530][gc,start    ] GC(10) Pause Young (Normal) (G1 Evacuation Pause)
[2024-08-23T10:39:59.522+0530][gc,task     ] GC(10) Using 8 workers of 8 for evacuation
[2024-08-23T10:39:59.527+0530][gc,phases   ] GC(10)   Pre Evacuate Collection Set: 0.2ms
[2024-08-23T10:39:59.527+0530][gc,phases   ] GC(10)   Merge Heap Roots: 0.1ms
[2024-08-23T10:39:59.527+0530][gc,phases   ] GC(10)   Evacuate Collection Set: 4.4ms
[2024-08-23T10:39:59.527+0530][gc,phases   ] GC(10)   Post Evacuate Collection Set: 0.7ms
[2024-08-23T10:39:59.527+0530][gc,phases   ] GC(10)   Other: 0.2ms
[2024-08-23T10:39:59.527+0530][gc,heap     ] GC(10) Eden regions: 66->0(108)
[2024-08-23T10:39:59.527+0530][gc,heap     ] GC(10) Survivor regions: 4->5(9)
[2024-08-23T10:39:59.527+0530][gc,heap     ] GC(10) Old regions: 15->15
[2024-08-23T10:39:59.527+0530][gc,heap     ] GC(10) Archive regions: 2->2
[2024-08-23T10:39:59.527+0530][gc,heap     ] GC(10) Humongous regions: 129->129
[2024-08-23T10:39:59.527+0530][gc,metaspace] GC(10) Metaspace: 42068K(42560K)->42068K(42560K) NonClass: 37132K(37440K)->37132K(37440K) Class: 4935K(5120K)->4935K(5120K)
[2024-08-23T10:39:59.527+0530][gc          ] GC(10) Pause Young (Normal) (G1 Evacuation Pause) 213M->148M(1024M) 5.571ms
[2024-08-23T10:39:59.527+0530][gc,cpu      ] GC(10) User=0.03s Sys=0.00s Real=0.01s
[2024-08-23T10:58:54.362+0530][gc,start    ] GC(11) Pause Young (Normal) (G1 Evacuation Pause)
[2024-08-23T10:58:54.362+0530][gc,task     ] GC(11) Using 8 workers of 8 for evacuation
[2024-08-23T10:58:54.371+0530][gc,phases   ] GC(11)   Pre Evacuate Collection Set: 0.5ms
[2024-08-23T10:58:54.371+0530][gc,phases   ] GC(11)   Merge Heap Roots: 0.2ms
[2024-08-23T10:58:54.371+0530][gc,phases   ] GC(11)   Evacuate Collection Set: 6.2ms
[2024-08-23T10:58:54.371+0530][gc,phases   ] GC(11)   Post Evacuate Collection Set: 1.4ms
[2024-08-23T10:58:54.371+0530][gc,phases   ] GC(11)   Other: 0.3ms
[2024-08-23T10:58:54.371+0530][gc,heap     ] GC(11) Eden regions: 108->0(610)
[2024-08-23T10:58:54.371+0530][gc,heap     ] GC(11) Survivor regions: 5->4(15)
[2024-08-23T10:58:54.371+0530][gc,heap     ] GC(11) Old regions: 15->15
[2024-08-23T10:58:54.371+0530][gc,heap     ] GC(11) Archive regions: 2->2
[2024-08-23T10:58:54.371+0530][gc,heap     ] GC(11) Humongous regions: 129->129
[2024-08-23T10:58:54.371+0530][gc,metaspace] GC(11) Metaspace: 42215K(42688K)->42215K(42688K) NonClass: 37276K(37568K)->37276K(37568K) Class: 4938K(5120K)->4938K(5120K)
[2024-08-23T10:58:54.371+0530][gc          ] GC(11) Pause Young (Normal) (G1 Evacuation Pause) 256M->148M(1024M) 8.801ms
[2024-08-23T10:58:54.371+0530][gc,cpu      ] GC(11) User=0.05s Sys=0.00s Real=0.01s
