[2024-08-23T09:56:34.319+0530][gc] Using G1
[2024-08-23T09:56:34.322+0530][gc,init] Version: 17.0.12+7-Ubuntu-1ubuntu220.04 (release)
[2024-08-23T09:56:34.322+0530][gc,init] CPUs: 8 total, 8 available
[2024-08-23T09:56:34.322+0530][gc,init] Memory: 15796M
[2024-08-23T09:56:34.322+0530][gc,init] Large Page Support: Disabled
[2024-08-23T09:56:34.322+0530][gc,init] NUMA Support: Disabled
[2024-08-23T09:56:34.322+0530][gc,init] Compressed Oops: Enabled (32-bit)
[2024-08-23T09:56:34.322+0530][gc,init] Heap Region Size: 1M
[2024-08-23T09:56:34.322+0530][gc,init] Heap Min Capacity: 512M
[2024-08-23T09:56:34.322+0530][gc,init] Heap Initial Capacity: 512M
[2024-08-23T09:56:34.322+0530][gc,init] Heap Max Capacity: 512M
[2024-08-23T09:56:34.322+0530][gc,init] Pre-touch: Disabled
[2024-08-23T09:56:34.322+0530][gc,init] Parallel Workers: 8
[2024-08-23T09:56:34.322+0530][gc,init] Concurrent Workers: 2
[2024-08-23T09:56:34.322+0530][gc,init] Concurrent Refinement Workers: 8
[2024-08-23T09:56:34.322+0530][gc,init] Periodic GC: Disabled
[2024-08-23T09:56:34.329+0530][gc,metaspace] CDS archive(s) mapped at: [0x00007f3683000000-0x00007f3683bc4000-0x00007f3683bc4000), size 12337152, SharedBaseAddress: 0x00007f3683000000, ArchiveRelocationMode: 1.
[2024-08-23T09:56:34.329+0530][gc,metaspace] Compressed class space mapped at: 0x00007f3684000000-0x00007f36c4000000, reserved size: 1073741824
[2024-08-23T09:56:34.329+0530][gc,metaspace] Narrow klass base: 0x00007f3683000000, Narrow klass shift: 0, Narrow klass range: 0x100000000
[2024-08-23T09:58:03.524+0530][gc,start    ] GC(0) Pause Young (Normal) (G1 Evacuation Pause)
[2024-08-23T09:58:03.525+0530][gc,task     ] GC(0) Using 8 workers of 8 for evacuation
[2024-08-23T09:58:03.528+0530][gc,phases   ] GC(0)   Pre Evacuate Collection Set: 0.1ms
[2024-08-23T09:58:03.528+0530][gc,phases   ] GC(0)   Merge Heap Roots: 0.0ms
[2024-08-23T09:58:03.528+0530][gc,phases   ] GC(0)   Evacuate Collection Set: 2.4ms
[2024-08-23T09:58:03.528+0530][gc,phases   ] GC(0)   Post Evacuate Collection Set: 0.3ms
[2024-08-23T09:58:03.528+0530][gc,phases   ] GC(0)   Other: 0.9ms
[2024-08-23T09:58:03.528+0530][gc,heap     ] GC(0) Eden regions: 25->0(21)
[2024-08-23T09:58:03.528+0530][gc,heap     ] GC(0) Survivor regions: 0->4(4)
[2024-08-23T09:58:03.528+0530][gc,heap     ] GC(0) Old regions: 0->5
[2024-08-23T09:58:03.528+0530][gc,heap     ] GC(0) Archive regions: 2->2
[2024-08-23T09:58:03.528+0530][gc,heap     ] GC(0) Humongous regions: 0->0
[2024-08-23T09:58:03.528+0530][gc,metaspace] GC(0) Metaspace: 8158K(8320K)->8158K(8320K) NonClass: 7236K(7296K)->7236K(7296K) Class: 921K(1024K)->921K(1024K)
[2024-08-23T09:58:03.528+0530][gc          ] GC(0) Pause Young (Normal) (G1 Evacuation Pause) 25M->8M(512M) 3.858ms
[2024-08-23T09:58:03.528+0530][gc,cpu      ] GC(0) User=0.01s Sys=0.01s Real=0.00s
