[2024-08-21T11:26:45.514+0530][gc] Using G1
[2024-08-21T11:26:45.518+0530][gc,init] Version: 17.0.12+7-Ubuntu-1ubuntu220.04 (release)
[2024-08-21T11:26:45.518+0530][gc,init] CPUs: 8 total, 8 available
[2024-08-21T11:26:45.518+0530][gc,init] Memory: 15820M
[2024-08-21T11:26:45.518+0530][gc,init] Large Page Support: Disabled
[2024-08-21T11:26:45.518+0530][gc,init] NUMA Support: Disabled
[2024-08-21T11:26:45.518+0530][gc,init] Compressed Oops: Enabled (32-bit)
[2024-08-21T11:26:45.518+0530][gc,init] Heap Region Size: 1M
[2024-08-21T11:26:45.518+0530][gc,init] Heap Min Capacity: 512M
[2024-08-21T11:26:45.518+0530][gc,init] Heap Initial Capacity: 512M
[2024-08-21T11:26:45.518+0530][gc,init] Heap Max Capacity: 512M
[2024-08-21T11:26:45.518+0530][gc,init] Pre-touch: Disabled
[2024-08-21T11:26:45.518+0530][gc,init] Parallel Workers: 8
[2024-08-21T11:26:45.518+0530][gc,init] Concurrent Workers: 2
[2024-08-21T11:26:45.518+0530][gc,init] Concurrent Refinement Workers: 8
[2024-08-21T11:26:45.518+0530][gc,init] Periodic GC: Disabled
[2024-08-21T11:26:45.525+0530][gc,metaspace] CDS archive(s) mapped at: [0x00007f391f000000-0x00007f391fbc4000-0x00007f391fbc4000), size 12337152, SharedBaseAddress: 0x00007f391f000000, ArchiveRelocationMode: 1.
[2024-08-21T11:26:45.525+0530][gc,metaspace] Compressed class space mapped at: 0x00007f3920000000-0x00007f3960000000, reserved size: 1073741824
[2024-08-21T11:26:45.525+0530][gc,metaspace] Narrow klass base: 0x00007f391f000000, Narrow klass shift: 0, Narrow klass range: 0x100000000
[2024-08-21T11:26:46.140+0530][gc,start    ] GC(0) Pause Young (Normal) (G1 Evacuation Pause)
[2024-08-21T11:26:46.142+0530][gc,task     ] GC(0) Using 8 workers of 8 for evacuation
[2024-08-21T11:26:46.153+0530][gc,phases   ] GC(0)   Pre Evacuate Collection Set: 0.2ms
[2024-08-21T11:26:46.153+0530][gc,phases   ] GC(0)   Merge Heap Roots: 0.1ms
[2024-08-21T11:26:46.153+0530][gc,phases   ] GC(0)   Evacuate Collection Set: 9.5ms
[2024-08-21T11:26:46.153+0530][gc,phases   ] GC(0)   Post Evacuate Collection Set: 0.9ms
[2024-08-21T11:26:46.153+0530][gc,phases   ] GC(0)   Other: 2.2ms
[2024-08-21T11:26:46.153+0530][gc,heap     ] GC(0) Eden regions: 25->0(21)
[2024-08-21T11:26:46.153+0530][gc,heap     ] GC(0) Survivor regions: 0->4(4)
[2024-08-21T11:26:46.153+0530][gc,heap     ] GC(0) Old regions: 0->4
[2024-08-21T11:26:46.153+0530][gc,heap     ] GC(0) Archive regions: 2->2
[2024-08-21T11:26:46.153+0530][gc,heap     ] GC(0) Humongous regions: 0->0
[2024-08-21T11:26:46.154+0530][gc,metaspace] GC(0) Metaspace: 8196K(8320K)->8196K(8320K) NonClass: 7287K(7360K)->7287K(7360K) Class: 908K(960K)->908K(960K)
[2024-08-21T11:26:46.154+0530][gc          ] GC(0) Pause Young (Normal) (G1 Evacuation Pause) 25M->8M(512M) 13.220ms
[2024-08-21T11:26:46.154+0530][gc,cpu      ] GC(0) User=0.05s Sys=0.02s Real=0.01s
[2024-08-21T12:58:01.917+0530][gc,start    ] GC(1) Pause Young (Normal) (G1 Evacuation Pause)
[2024-08-21T12:58:01.917+0530][gc,task     ] GC(1) Using 8 workers of 8 for evacuation
[2024-08-21T12:58:01.924+0530][gc,phases   ] GC(1)   Pre Evacuate Collection Set: 0.3ms
[2024-08-21T12:58:01.924+0530][gc,phases   ] GC(1)   Merge Heap Roots: 0.2ms
[2024-08-21T12:58:01.924+0530][gc,phases   ] GC(1)   Evacuate Collection Set: 5.3ms
[2024-08-21T12:58:01.924+0530][gc,phases   ] GC(1)   Post Evacuate Collection Set: 0.5ms
[2024-08-21T12:58:01.924+0530][gc,phases   ] GC(1)   Other: 0.2ms
[2024-08-21T12:58:01.924+0530][gc,heap     ] GC(1) Eden regions: 21->0(24)
[2024-08-21T12:58:01.924+0530][gc,heap     ] GC(1) Survivor regions: 4->1(4)
[2024-08-21T12:58:01.924+0530][gc,heap     ] GC(1) Old regions: 4->8
[2024-08-21T12:58:01.924+0530][gc,heap     ] GC(1) Archive regions: 2->2
[2024-08-21T12:58:01.924+0530][gc,heap     ] GC(1) Humongous regions: 0->0
[2024-08-21T12:58:01.924+0530][gc,metaspace] GC(1) Metaspace: 9093K(9280K)->9093K(9280K) NonClass: 8146K(8256K)->8146K(8256K) Class: 946K(1024K)->946K(1024K)
[2024-08-21T12:58:01.924+0530][gc          ] GC(1) Pause Young (Normal) (G1 Evacuation Pause) 29M->9M(512M) 6.606ms
[2024-08-21T12:58:01.924+0530][gc,cpu      ] GC(1) User=0.03s Sys=0.02s Real=0.01s
