[2024-08-22T09:51:30.788+0530][gc] Using G1
[2024-08-22T09:51:30.794+0530][gc,init] Version: 17.0.12+7-Ubuntu-1ubuntu220.04 (release)
[2024-08-22T09:51:30.794+0530][gc,init] CPUs: 8 total, 8 available
[2024-08-22T09:51:30.794+0530][gc,init] Memory: 15796M
[2024-08-22T09:51:30.794+0530][gc,init] Large Page Support: Disabled
[2024-08-22T09:51:30.794+0530][gc,init] NUMA Support: Disabled
[2024-08-22T09:51:30.794+0530][gc,init] Compressed Oops: Enabled (32-bit)
[2024-08-22T09:51:30.794+0530][gc,init] Heap Region Size: 1M
[2024-08-22T09:51:30.794+0530][gc,init] Heap Min Capacity: 512M
[2024-08-22T09:51:30.794+0530][gc,init] Heap Initial Capacity: 512M
[2024-08-22T09:51:30.794+0530][gc,init] Heap Max Capacity: 512M
[2024-08-22T09:51:30.794+0530][gc,init] Pre-touch: Disabled
[2024-08-22T09:51:30.794+0530][gc,init] Parallel Workers: 8
[2024-08-22T09:51:30.794+0530][gc,init] Concurrent Workers: 2
[2024-08-22T09:51:30.794+0530][gc,init] Concurrent Refinement Workers: 8
[2024-08-22T09:51:30.794+0530][gc,init] Periodic GC: Disabled
[2024-08-22T09:51:30.805+0530][gc,metaspace] CDS archive(s) mapped at: [0x00007fa11f000000-0x00007fa11fbc4000-0x00007fa11fbc4000), size 12337152, SharedBaseAddress: 0x00007fa11f000000, ArchiveRelocationMode: 1.
[2024-08-22T09:51:30.805+0530][gc,metaspace] Compressed class space mapped at: 0x00007fa120000000-0x00007fa160000000, reserved size: 1073741824
[2024-08-22T09:51:30.805+0530][gc,metaspace] Narrow klass base: 0x00007fa11f000000, Narrow klass shift: 0, Narrow klass range: 0x100000000
[2024-08-22T09:51:31.623+0530][gc,start    ] GC(0) Pause Young (Normal) (G1 Evacuation Pause)
[2024-08-22T09:51:31.625+0530][gc,task     ] GC(0) Using 8 workers of 8 for evacuation
[2024-08-22T09:51:31.634+0530][gc,phases   ] GC(0)   Pre Evacuate Collection Set: 0.2ms
[2024-08-22T09:51:31.634+0530][gc,phases   ] GC(0)   Merge Heap Roots: 0.1ms
[2024-08-22T09:51:31.634+0530][gc,phases   ] GC(0)   Evacuate Collection Set: 7.5ms
[2024-08-22T09:51:31.634+0530][gc,phases   ] GC(0)   Post Evacuate Collection Set: 1.0ms
[2024-08-22T09:51:31.634+0530][gc,phases   ] GC(0)   Other: 2.5ms
[2024-08-22T09:51:31.634+0530][gc,heap     ] GC(0) Eden regions: 25->0(21)
[2024-08-22T09:51:31.634+0530][gc,heap     ] GC(0) Survivor regions: 0->4(4)
[2024-08-22T09:51:31.634+0530][gc,heap     ] GC(0) Old regions: 0->4
[2024-08-22T09:51:31.634+0530][gc,heap     ] GC(0) Archive regions: 2->2
[2024-08-22T09:51:31.635+0530][gc,heap     ] GC(0) Humongous regions: 0->0
[2024-08-22T09:51:31.635+0530][gc,metaspace] GC(0) Metaspace: 8115K(8320K)->8115K(8320K) NonClass: 7207K(7360K)->7207K(7360K) Class: 908K(960K)->908K(960K)
[2024-08-22T09:51:31.635+0530][gc          ] GC(0) Pause Young (Normal) (G1 Evacuation Pause) 25M->8M(512M) 11.563ms
[2024-08-22T09:51:31.635+0530][gc,cpu      ] GC(0) User=0.03s Sys=0.03s Real=0.01s
[2024-08-22T11:39:06.809+0530][gc,start    ] GC(1) Pause Young (Normal) (G1 Evacuation Pause)
[2024-08-22T11:39:06.810+0530][gc,task     ] GC(1) Using 8 workers of 8 for evacuation
[2024-08-22T11:39:06.816+0530][gc,phases   ] GC(1)   Pre Evacuate Collection Set: 0.3ms
[2024-08-22T11:39:06.816+0530][gc,phases   ] GC(1)   Merge Heap Roots: 0.1ms
[2024-08-22T11:39:06.816+0530][gc,phases   ] GC(1)   Evacuate Collection Set: 5.4ms
[2024-08-22T11:39:06.816+0530][gc,phases   ] GC(1)   Post Evacuate Collection Set: 0.5ms
[2024-08-22T11:39:06.816+0530][gc,phases   ] GC(1)   Other: 0.9ms
[2024-08-22T11:39:06.816+0530][gc,heap     ] GC(1) Eden regions: 21->0(24)
[2024-08-22T11:39:06.816+0530][gc,heap     ] GC(1) Survivor regions: 4->1(4)
[2024-08-22T11:39:06.816+0530][gc,heap     ] GC(1) Old regions: 4->8
[2024-08-22T11:39:06.816+0530][gc,heap     ] GC(1) Archive regions: 2->2
[2024-08-22T11:39:06.816+0530][gc,heap     ] GC(1) Humongous regions: 0->0
[2024-08-22T11:39:06.816+0530][gc,metaspace] GC(1) Metaspace: 8912K(9088K)->8912K(9088K) NonClass: 7965K(8064K)->7965K(8064K) Class: 946K(1024K)->946K(1024K)
[2024-08-22T11:39:06.816+0530][gc          ] GC(1) Pause Young (Normal) (G1 Evacuation Pause) 29M->9M(512M) 7.370ms
[2024-08-22T11:39:06.816+0530][gc,cpu      ] GC(1) User=0.03s Sys=0.00s Real=0.01s
[2024-08-22T13:22:48.257+0530][gc,start    ] GC(2) Pause Young (Normal) (G1 Evacuation Pause)
[2024-08-22T13:22:48.257+0530][gc,task     ] GC(2) Using 8 workers of 8 for evacuation
[2024-08-22T13:22:48.259+0530][gc,phases   ] GC(2)   Pre Evacuate Collection Set: 0.1ms
[2024-08-22T13:22:48.259+0530][gc,phases   ] GC(2)   Merge Heap Roots: 0.0ms
[2024-08-22T13:22:48.259+0530][gc,phases   ] GC(2)   Evacuate Collection Set: 1.4ms
[2024-08-22T13:22:48.259+0530][gc,phases   ] GC(2)   Post Evacuate Collection Set: 0.2ms
[2024-08-22T13:22:48.259+0530][gc,phases   ] GC(2)   Other: 0.1ms
[2024-08-22T13:22:48.259+0530][gc,heap     ] GC(2) Eden regions: 24->0(24)
[2024-08-22T13:22:48.259+0530][gc,heap     ] GC(2) Survivor regions: 1->1(4)
[2024-08-22T13:22:48.259+0530][gc,heap     ] GC(2) Old regions: 8->8
[2024-08-22T13:22:48.259+0530][gc,heap     ] GC(2) Archive regions: 2->2
[2024-08-22T13:22:48.259+0530][gc,heap     ] GC(2) Humongous regions: 0->0
[2024-08-22T13:22:48.259+0530][gc,metaspace] GC(2) Metaspace: 9042K(9216K)->9042K(9216K) NonClass: 8096K(8192K)->8096K(8192K) Class: 946K(1024K)->946K(1024K)
[2024-08-22T13:22:48.259+0530][gc          ] GC(2) Pause Young (Normal) (G1 Evacuation Pause) 33M->9M(512M) 1.981ms
[2024-08-22T13:22:48.259+0530][gc,cpu      ] GC(2) User=0.00s Sys=0.00s Real=0.00s
[2024-08-22T13:23:25.184+0530][gc,heap,exit] Heap
[2024-08-22T13:23:25.184+0530][gc,heap,exit]  garbage-first heap   total 524288K, used 11707K [0x00000000e0000000, 0x0000000100000000)
[2024-08-22T13:23:25.184+0530][gc,heap,exit]   region size 1024K, 4 young (4096K), 1 survivors (1024K)
[2024-08-22T13:23:25.184+0530][gc,heap,exit]  Metaspace       used 9057K, committed 9280K, reserved 1114112K
[2024-08-22T13:23:25.184+0530][gc,heap,exit]   class space    used 947K, committed 1024K, reserved 1048576K
